Archive member included because of file (symbol)

/tools/altera/12.0/nios2eds/bin/gnu/H-i686-pc-linux-gnu/bin/../lib/gcc/nios2-elf/4.1.2/mno-hw-mul/libgcc.a(lib2-divmod.o)
                              obj/default/tasks.o (__modsi3)
/tools/altera/12.0/nios2eds/bin/gnu/H-i686-pc-linux-gnu/bin/../lib/gcc/nios2-elf/4.1.2/mno-hw-mul/libgcc.a(lib2-mul.o)
                              obj/default/PB_button.o (__mulsi3)
/tools/altera/12.0/nios2eds/bin/gnu/H-i686-pc-linux-gnu/bin/../lib/gcc/nios2-elf/4.1.2/../../../../nios2-elf/lib/mno-hw-mul/libc.a(lib_a-fprintf.o)
                              obj/default/alt_ucosii_simple_error_check.o (fprintf)
/tools/altera/12.0/nios2eds/bin/gnu/H-i686-pc-linux-gnu/bin/../lib/gcc/nios2-elf/4.1.2/../../../../nios2-elf/lib/mno-hw-mul/libc.a(lib_a-fwrite.o)
                              obj/default/alt_ucosii_simple_error_check.o (fwrite)
/tools/altera/12.0/nios2eds/bin/gnu/H-i686-pc-linux-gnu/bin/../lib/gcc/nios2-elf/4.1.2/../../../../nios2-elf/lib/mno-hw-mul/libc.a(lib_a-impure.o)
                              obj/default/alt_ucosii_simple_error_check.o (_impure_ptr)
/tools/altera/12.0/nios2eds/bin/gnu/H-i686-pc-linux-gnu/bin/../lib/gcc/nios2-elf/4.1.2/../../../../nios2-elf/lib/mno-hw-mul/libc.a(lib_a-printf.o)
                              obj/default/tasks.o (printf)
/tools/altera/12.0/nios2eds/bin/gnu/H-i686-pc-linux-gnu/bin/../lib/gcc/nios2-elf/4.1.2/../../../../nios2-elf/lib/mno-hw-mul/libc.a(lib_a-puts.o)
                              obj/default/alt_ucosii_simple_error_check.o (puts)
/tools/altera/12.0/nios2eds/bin/gnu/H-i686-pc-linux-gnu/bin/../lib/gcc/nios2-elf/4.1.2/../../../../nios2-elf/lib/mno-hw-mul/libc.a(lib_a-rand.o)
                              obj/default/experiment2.o (srand)
/tools/altera/12.0/nios2eds/bin/gnu/H-i686-pc-linux-gnu/bin/../lib/gcc/nios2-elf/4.1.2/../../../../nios2-elf/lib/mno-hw-mul/libc.a(lib_a-strlen.o)
                              /tools/altera/12.0/nios2eds/bin/gnu/H-i686-pc-linux-gnu/bin/../lib/gcc/nios2-elf/4.1.2/../../../../nios2-elf/lib/mno-hw-mul/libc.a(lib_a-puts.o) (strlen)
/tools/altera/12.0/nios2eds/bin/gnu/H-i686-pc-linux-gnu/bin/../lib/gcc/nios2-elf/4.1.2/../../../../nios2-elf/lib/mno-hw-mul/libc.a(lib_a-vfprintf.o)
                              /tools/altera/12.0/nios2eds/bin/gnu/H-i686-pc-linux-gnu/bin/../lib/gcc/nios2-elf/4.1.2/../../../../nios2-elf/lib/mno-hw-mul/libc.a(lib_a-printf.o) (___vfprintf_internal_r)
/tools/altera/12.0/nios2eds/bin/gnu/H-i686-pc-linux-gnu/bin/../lib/gcc/nios2-elf/4.1.2/../../../../nios2-elf/lib/mno-hw-mul/libc.a(lib_a-wsetup.o)
                              /tools/altera/12.0/nios2eds/bin/gnu/H-i686-pc-linux-gnu/bin/../lib/gcc/nios2-elf/4.1.2/../../../../nios2-elf/lib/mno-hw-mul/libc.a(lib_a-vfprintf.o) (__swsetup_r)
/tools/altera/12.0/nios2eds/bin/gnu/H-i686-pc-linux-gnu/bin/../lib/gcc/nios2-elf/4.1.2/../../../../nios2-elf/lib/mno-hw-mul/libc.a(lib_a-dtoa.o)
                              /tools/altera/12.0/nios2eds/bin/gnu/H-i686-pc-linux-gnu/bin/../lib/gcc/nios2-elf/4.1.2/../../../../nios2-elf/lib/mno-hw-mul/libc.a(lib_a-vfprintf.o) (_dtoa_r)
/tools/altera/12.0/nios2eds/bin/gnu/H-i686-pc-linux-gnu/bin/../lib/gcc/nios2-elf/4.1.2/../../../../nios2-elf/lib/mno-hw-mul/libc.a(lib_a-fflush.o)
                              /tools/altera/12.0/nios2eds/bin/gnu/H-i686-pc-linux-gnu/bin/../lib/gcc/nios2-elf/4.1.2/../../../../nios2-elf/lib/mno-hw-mul/libc.a(lib_a-vfprintf.o) (_fflush_r)
/tools/altera/12.0/nios2eds/bin/gnu/H-i686-pc-linux-gnu/bin/../lib/gcc/nios2-elf/4.1.2/../../../../nios2-elf/lib/mno-hw-mul/libc.a(lib_a-findfp.o)
                              /tools/altera/12.0/nios2eds/bin/gnu/H-i686-pc-linux-gnu/bin/../lib/gcc/nios2-elf/4.1.2/../../../../nios2-elf/lib/mno-hw-mul/libc.a(lib_a-fwrite.o) (__sinit)
/tools/altera/12.0/nios2eds/bin/gnu/H-i686-pc-linux-gnu/bin/../lib/gcc/nios2-elf/4.1.2/../../../../nios2-elf/lib/mno-hw-mul/libc.a(lib_a-freer.o)
                              /tools/altera/12.0/nios2eds/bin/gnu/H-i686-pc-linux-gnu/bin/../lib/gcc/nios2-elf/4.1.2/../../../../nios2-elf/lib/mno-hw-mul/libc.a(lib_a-wsetup.o) (_free_r)
/tools/altera/12.0/nios2eds/bin/gnu/H-i686-pc-linux-gnu/bin/../lib/gcc/nios2-elf/4.1.2/../../../../nios2-elf/lib/mno-hw-mul/libc.a(lib_a-fvwrite.o)
                              /tools/altera/12.0/nios2eds/bin/gnu/H-i686-pc-linux-gnu/bin/../lib/gcc/nios2-elf/4.1.2/../../../../nios2-elf/lib/mno-hw-mul/libc.a(lib_a-fwrite.o) (__sfvwrite_r)
/tools/altera/12.0/nios2eds/bin/gnu/H-i686-pc-linux-gnu/bin/../lib/gcc/nios2-elf/4.1.2/../../../../nios2-elf/lib/mno-hw-mul/libc.a(lib_a-fwalk.o)
                              /tools/altera/12.0/nios2eds/bin/gnu/H-i686-pc-linux-gnu/bin/../lib/gcc/nios2-elf/4.1.2/../../../../nios2-elf/lib/mno-hw-mul/libc.a(lib_a-fflush.o) (_fwalk_reent)
/tools/altera/12.0/nios2eds/bin/gnu/H-i686-pc-linux-gnu/bin/../lib/gcc/nios2-elf/4.1.2/../../../../nios2-elf/lib/mno-hw-mul/libc.a(lib_a-locale.o)
[...]
Memory Configuration

Name             Origin             Length             Attributes
reset            0x00080000         0x00000020
sram_0           0x00080020         0x0007ffe0
*default*        0x00000000         0xffffffff

Linker script and memory map

LOAD ../experiment2_bsp//obj/HAL/src/crt0.o
LOAD obj/default/PB_button.o
LOAD obj/default/alt_ucosii_simple_error_check.o
LOAD obj/default/experiment2.o
LOAD obj/default/tasks.o
LOAD /tools/altera/12.0/nios2eds/bin/gnu/H-i686-pc-linux-gnu/bin/../lib/gcc/nios2-elf/4.1.2/../../../../nios2-elf/lib/mno-hw-mul/libstdc++.a
LOAD /tools/altera/12.0/nios2eds/bin/gnu/H-i686-pc-linux-gnu/bin/../lib/gcc/nios2-elf/4.1.2/../../../../nios2-elf/lib/mno-hw-mul/libm.a
LOAD /tools/altera/12.0/nios2eds/bin/gnu/H-i686-pc-linux-gnu/bin/../lib/gcc/nios2-elf/4.1.2/mno-hw-mul/libgcc.a
START GROUP
LOAD /tools/altera/12.0/nios2eds/bin/gnu/H-i686-pc-linux-gnu/bin/../lib/gcc/nios2-elf/4.1.2/../../../../nios2-elf/lib/mno-hw-mul/libc.a
LOAD /tools/altera/12.0/nios2eds/bin/gnu/H-i686-pc-linux-gnu/bin/../lib/gcc/nios2-elf/4.1.2/mno-hw-mul/libgcc.a
LOAD ../experiment2_bsp//libucosii_bsp.a
END GROUP
LOAD /tools/altera/12.0/nios2eds/bin/gnu/H-i686-pc-linux-gnu/bin/../lib/gcc/nios2-elf/4.1.2/mno-hw-mul/libgcc.a
                0x00080000                __alt_mem_sram_0 = 0x80000

.entry          0x00080000       0x20
 *(.entry)
 .entry         0x00080000       0x20 ../experiment2_bsp//obj/HAL/src/crt0.o
                0x00080000                __reset

.exceptions     0x00080020      0x19c
                0x00080020                PROVIDE (__ram_exceptions_start, ABSOLUTE (.))
                0x00080020                . = ALIGN (0x20)
 *(.irq)
 *(.exceptions.entry.label)
 .exceptions.entry.label
                0x00080020        0x0 ../experiment2_bsp//libucosii_bsp.a(alt_irq_entry.o)
                0x00080020                alt_irq_entry
 .exceptions.entry.label
                0x00080020        0x0 ../experiment2_bsp//libucosii_bsp.a(alt_exception_entry.o)
                0x00080020                alt_exception
 *(.exceptions.entry.user)
 *(.exceptions.entry)
 .exceptions.entry
                0x00080020       0x54 ../experiment2_bsp//libucosii_bsp.a(alt_exception_entry.o)
 *(.exceptions.irqtest.user)
 *(.exceptions.irqtest)
 .exceptions.irqtest
                0x00080074       0x10 ../experiment2_bsp//libucosii_bsp.a(alt_irq_entry.o)
 *(.exceptions.irqhandler.user)
 *(.exceptions.irqhandler)
 .exceptions.irqhandler
                0x00080084        0x4 ../experiment2_bsp//libucosii_bsp.a(alt_irq_entry.o)
 *(.exceptions.irqreturn.user)
 *(.exceptions.irqreturn)
 .exceptions.irqreturn
                0x00080088        0x4 ../experiment2_bsp//libucosii_bsp.a(alt_irq_entry.o)
 *(.exceptions.notirq.label)
 .exceptions.notirq.label
                0x0008008c        0x0 ../experiment2_bsp//libucosii_bsp.a(alt_irq_entry.o)
 *(.exceptions.notirq.user)
 *(.exceptions.notirq)
 .exceptions.notirq
                0x0008008c        0x8 ../experiment2_bsp//libucosii_bsp.a(alt_exception_entry.o)
 *(.exceptions.soft.user)
 *(.exceptions.soft)
 *(.exceptions.unknown.user)
 *(.exceptions.unknown)
 .exceptions.unknown
                0x00080094        0x4 ../experiment2_bsp//libucosii_bsp.a(alt_exception_entry.o)
 *(.exceptions.exit.label)
 .exceptions.exit.label
                0x00080098        0x0 ../experiment2_bsp//libucosii_bsp.a(alt_irq_entry.o)
 .exceptions.exit.label
                0x00080098        0x0 ../experiment2_bsp//libucosii_bsp.a(alt_exception_entry.o)
 *(.exceptions.exit.user)
 *(.exceptions.exit)
 .exceptions.exit
                0x00080098       0x54 ../experiment2_bsp//libucosii_bsp.a(alt_exception_entry.o)
 *(.exceptions)
 .exceptions    0x000800ec       0xd0 ../experiment2_bsp//libucosii_bsp.a(alt_irq_handler.o)
                0x000800ec                alt_irq_handler
                0x000801bc                PROVIDE (__ram_exceptions_end, ABSOLUTE (.))
                0x00080020                PROVIDE (__flash_exceptions_start, LOADADDR (.exceptions))

.text           0x000801bc    0x189a0
                0x000801bc                PROVIDE (stext, ABSOLUTE (.))
 *(.interp)
 *(.hash)
 *(.dynsym)
 *(.dynstr)
 *(.gnu.version)
 *(.gnu.version_d)
 *(.gnu.version_r)
 *(.rel.init)
 *(.rela.init)
 *(.rel.text .rel.text.* .rel.gnu.linkonce.t.*)
 *(.rela.text .rela.text.* .rela.gnu.linkonce.t.*)
 *(.rel.fini)
 *(.rela.fini)
 *(.rel.rodata .rel.rodata.* .rel.gnu.linkonce.r.*)
 *(.rela.rodata .rela.rodata.* .rela.gnu.linkonce.r.*)
 *(.rel.data .rel.data.* .rel.gnu.linkonce.d.*)
 *(.rela.data .rela.data.* .rela.gnu.linkonce.d.*)
 *(.rel.tdata .rel.tdata.* .rel.gnu.linkonce.td.*)
 *(.rela.tdata .rela.tdata.* .rela.gnu.linkonce.td.*)
 *(.rel.tbss .rel.tbss.* .rel.gnu.linkonce.tb.*)
 *(.rela.tbss .rela.tbss.* .rela.gnu.linkonce.tb.*)
 *(.rel.ctors)
 *(.rela.ctors)
 *(.rel.dtors)
 *(.rela.dtors)
 *(.rel.got)
 *(.rela.got)
 *(.rel.sdata .rel.sdata.* .rel.gnu.linkonce.s.*)
 *(.rela.sdata .rela.sdata.* .rela.gnu.linkonce.s.*)
 *(.rel.sbss .rel.sbss.* .rel.gnu.linkonce.sb.*)
 *(.rela.sbss .rela.sbss.* .rela.gnu.linkonce.sb.*)
 *(.rel.sdata2 .rel.sdata2.* .rel.gnu.linkonce.s2.*)
 *(.rela.sdata2 .rela.sdata2.* .rela.gnu.linkonce.s2.*)
 *(.rel.sbss2 .rel.sbss2.* .rel.gnu.linkonce.sb2.*)
 *(.rela.sbss2 .rela.sbss2.* .rela.gnu.linkonce.sb2.*)
 *(.rel.bss .rel.bss.* .rel.gnu.linkonce.b.*)
 *(.rela.bss .rela.bss.* .rela.gnu.linkonce.b.*)
 *(.rel.plt)
 *(.rela.plt)
 *(.rel.dyn)
 *(.init)
 *(.plt)
 *(.text .stub .text.* .gnu.linkonce.t.*)
 .text          0x000801bc       0x3c ../experiment2_bsp//obj/HAL/src/crt0.o
                0x000801bc                _start
 .text          0x000801f8      0x238 obj/default/PB_button.o
                0x000801f8                KEY0_Pressed
                0x0008023c                KEY1_Pressed
                0x00080280                KEY2_Pressed
                0x000802c4                KEY3_Pressed
                0x00080308                handle_button_interrupts
                0x000803dc                init_button_irq
 .text          0x00080430      0x528 obj/default/alt_ucosii_simple_error_check.o
                0x00080430                alt_ucosii_check_return_code
                0x00080474                alt_ucosii_simple_error_handler
 .text          0x00080958      0x2c4 obj/default/experiment2.o
                0x00080958                initialize_task
                0x00080994                main
                0x00080b0c                init_OS_data_structs
                0x00080b90                init_create_tasks
 .text          0x00080c1c     0x1d9c obj/default/tasks.o
                0x00080c1c                periodic_task0
                0x00080cac                periodic_task1
                0x00080d3c                periodic_task2
                0x00080dcc                periodic_task3
                0x00080e5c                custom_scheduler
                0x00081b58                custom_task_del
                0x00081dbc                custom_task_create
                0x00082948                custom_delay
 .text          0x000829b8      0x14c /tools/altera/12.0/nios2eds/bin/gnu/H-i686-pc-linux-gnu/bin/../lib/gcc/nios2-elf/4.1.2/mno-hw-mul/libgcc.a(lib2-divmod.o)
                0x00082a34                __divsi3
                0x00082a94                __modsi3
                0x00082af4                __udivsi3
                0x00082afc                __umodsi3
 .text          0x00082b04       0x38 /tools/altera/12.0/nios2eds/bin/gnu/H-i686-pc-linux-gnu/bin/../lib/gcc/nios2-elf/4.1.2/mno-hw-mul/libgcc.a(lib2-mul.o)
                0x00082b04                __mulsi3
 .text          0x00082b3c       0x60 /tools/altera/12.0/nios2eds/bin/gnu/H-i686-pc-linux-gnu/bin/../lib/gcc/nios2-elf/4.1.2/../../../../nios2-elf/lib/mno-hw-mul/libc.a(lib_a-fprintf.o)
                0x00082b3c                fprintf
                0x00082b68                _fprintf_r
 .text          0x00082b9c       0xec /tools/altera/12.0/nios2eds/bin/gnu/H-i686-pc-linux-gnu/bin/../lib/gcc/nios2-elf/4.1.2/../../../../nios2-elf/lib/mno-hw-mul/libc.a(lib_a-fwrite.o)
                0x00082b9c                _fwrite_r
                0x00082c48                fwrite
 .text          0x00082c88        0x0 /tools/altera/12.0/nios2eds/bin/gnu/H-i686-pc-linux-gnu/bin/../lib/gcc/nios2-elf/4.1.2/../../../../nios2-elf/lib/mno-hw-mul/libc.a(lib_a-impure.o)
 .text          0x00082c88       0x78 /tools/altera/12.0/nios2eds/bin/gnu/H-i686-pc-linux-gnu/bin/../lib/gcc/nios2-elf/4.1.2/../../../../nios2-elf/lib/mno-hw-mul/libc.a(lib_a-printf.o)
                0x00082c88                printf
                0x00082ccc                _printf_r
 .text          0x00082d00       0xb4 /tools/altera/12.0/nios2eds/bin/gnu/H-i686-pc-linux-gnu/bin/../lib/gcc/nios2-elf/4.1.2/../../../../nios2-elf/lib/mno-hw-mul/libc.a(lib_a-puts.o)
                0x00082d00                _puts_r
                0x00082da0                puts
 .text          0x00082db4       0x94 /tools/altera/12.0/nios2eds/bin/gnu/H-i686-pc-linux-gnu/bin/../lib/gcc/nios2-elf/4.1.2/../../../../nios2-elf/lib/mno-hw-mul/libc.a(lib_a-rand.o)
                0x00082db4                srand
                0x00082dd0                rand
 .text          0x00082e48       0x74 /tools/altera/12.0/nios2eds/bin/gnu/H-i686-pc-linux-gnu/bin/../lib/gcc/nios2-elf/4.1.2/../../../../nios2-elf/lib/mno-hw-mul/libc.a(lib_a-strlen.o)
                0x00082e48                strlen
 .text          0x00082ebc     0x1f40 /tools/altera/12.0/nios2eds/bin/gnu/H-i686-pc-linux-gnu/bin/../lib/gcc/nios2-elf/4.1.2/../../../../nios2-elf/lib/mno-hw-mul/libc.a(lib_a-vfprintf.o)
                0x00082f14                ___vfprintf_internal_r
                0x00084dd8                __vfprintf_internal
 .text          0x00084dfc      0x13c /tools/altera/12.0/nios2eds/bin/gnu/H-i686-pc-linux-gnu/bin/../lib/gcc/nios2-elf/4.1.2/../../../../nios2-elf/lib/mno-hw-mul/libc.a(lib_a-wsetup.o)
                0x00084dfc                __swsetup_r
 .text          0x00084f38     0x17f8 /tools/altera/12.0/nios2eds/bin/gnu/H-i686-pc-linux-gnu/bin/../lib/gcc/nios2-elf/4.1.2/../../../../nios2-elf/lib/mno-hw-mul/libc.a(lib_a-dtoa.o)
                0x0008517c                _dtoa_r
 .text          0x00086730      0x230 /tools/altera/12.0/nios2eds/bin/gnu/H-i686-pc-linux-gnu/bin/../lib/gcc/nios2-elf/4.1.2/../../../../nios2-elf/lib/mno-hw-mul/libc.a(lib_a-fflush.o)
                0x00086730                _fflush_r
                0x0008692c                fflush
 .text          0x00086960      0x2f4 /tools/altera/12.0/nios2eds/bin/gnu/H-i686-pc-linux-gnu/bin/../lib/gcc/nios2-elf/4.1.2/../../../../nios2-elf/lib/mno-hw-mul/libc.a(lib_a-findfp.o)
                0x000869b8                __sfp_lock_acquire
                0x000869bc                __sfp_lock_release
                0x000869c0                __sinit_lock_acquire
                0x000869c4                __sinit_lock_release
                0x000869c8                __sinit
                0x00086a7c                __fp_unlock_all
                0x00086a94                __fp_lock_all
                0x00086aac                _cleanup_r
                0x00086ab8                _cleanup
                0x00086ac8                __sfmoreglue
                0x00086b64                __sfp
 .text          0x00086c54      0x440 /tools/altera/12.0/nios2eds/bin/gnu/H-i686-pc-linux-gnu/bin/../lib/gcc/nios2-elf/4.1.2/../../../../nios2-elf/lib/mno-hw-mul/libc.a(lib_a-freer.o)
                0x00086c54                _malloc_trim_r
                0x00086d80                _free_r
 .text          0x00087094      0x49c /tools/altera/12.0/nios2eds/bin/gnu/H-i686-pc-linux-gnu/bin/../lib/gcc/nios2-elf/4.1.2/../../../../nios2-elf/lib/mno-hw-mul/libc.a(lib_a-fvwrite.o)
                0x00087094                __sfvwrite_r
 .text          0x00087530      0x180 /tools/altera/12.0/nios2eds/bin/gnu/H-i686-pc-linux-gnu/bin/../lib/gcc/nios2-elf/4.1.2/../../../../nios2-elf/lib/mno-hw-mul/libc.a(lib_a-fwalk.o)
                0x00087530                _fwalk_reent
                0x000875f8                _fwalk
 .text          0x000876b0       0xc4 /tools/altera/12.0/nios2eds/bin/gnu/H-i686-pc-linux-gnu/bin/../lib/gcc/nios2-elf/4.1.2/../../../../nios2-elf/lib/mno-hw-mul/libc.a(lib_a-locale.o)
                0x000876b0                __locale_charset
                0x000876b8                _localeconv_r
                0x000876c4                localeconv
                0x000876d4                _setlocale_r
                0x00087758                setlocale
 .text          0x00087774      0x194 /tools/altera/12.0/nios2eds/bin/gnu/H-i686-pc-linux-gnu/bin/../lib/gcc/nios2-elf/4.1.2/../../../../nios2-elf/lib/mno-hw-mul/libc.a(lib_a-makebuf.o)
                0x00087774                __smakebuf_r
 .text          0x00087908      0x740 /tools/altera/12.0/nios2eds/bin/gnu/H-i686-pc-linux-gnu/bin/../lib/gcc/nios2-elf/4.1.2/../../../../nios2-elf/lib/mno-hw-mul/libc.a(lib_a-mallocr.o)
                0x00087908                _malloc_r
 .text          0x00088048       0xe4 /tools/altera/12.0/nios2eds/bin/gnu/H-i686-pc-linux-gnu/bin/../lib/gcc/nios2-elf/4.1.2/../../../../nios2-elf/lib/mno-hw-mul/libc.a(lib_a-memchr.o)
                0x00088048                memchr
 .text          0x0008812c       0xa0 /tools/altera/12.0/nios2eds/bin/gnu/H-i686-pc-linux-gnu/bin/../lib/gcc/nios2-elf/4.1.2/../../../../nios2-elf/lib/mno-hw-mul/libc.a(lib_a-memcpy.o)
                0x0008812c                memcpy
 .text          0x000881cc       0xe0 /tools/altera/12.0/nios2eds/bin/gnu/H-i686-pc-linux-gnu/bin/../lib/gcc/nios2-elf/4.1.2/../../../../nios2-elf/lib/mno-hw-mul/libc.a(lib_a-memmove.o)
                0x000881cc                memmove
 .text          0x000882ac       0x98 /tools/altera/12.0/nios2eds/bin/gnu/H-i686-pc-linux-gnu/bin/../lib/gcc/nios2-elf/4.1.2/../../../../nios2-elf/lib/mno-hw-mul/libc.a(lib_a-memset.o)
                0x000882ac                memset
 .text          0x00088344     0x108c /tools/altera/12.0/nios2eds/bin/gnu/H-i686-pc-linux-gnu/bin/../lib/gcc/nios2-elf/4.1.2/../../../../nios2-elf/lib/mno-hw-mul/libc.a(lib_a-mprec.o)
                0x00088344                _Bfree
                0x0008836c                __hi0bits
                0x000883dc                __lo0bits
                0x000884a0                __mcmp
                0x00088500                __ulp
                0x00088580                __b2d
                0x000886a0                __ratio
                0x00088750                _mprec_log10
                0x000887e4                __copybits
                0x0008883c                __any_on
                0x000888c4                _Balloc
                0x00088980                __d2b
                0x00088afc                __mdiff
                0x00088c88                __lshift
                0x00088dd4                __multiply
                0x00089028                __i2b
                0x00089064                __multadd
                0x00089190                __pow5mult
                0x000892b0                __s2b
 .text          0x000893d0      0x5f4 /tools/altera/12.0/nios2eds/bin/gnu/H-i686-pc-linux-gnu/bin/../lib/gcc/nios2-elf/4.1.2/../../../../nios2-elf/lib/mno-hw-mul/libc.a(lib_a-reallocr.o)
                0x000893d0                _realloc_r
 .text          0x000899c4       0x40 /tools/altera/12.0/nios2eds/bin/gnu/H-i686-pc-linux-gnu/bin/../lib/gcc/nios2-elf/4.1.2/../../../../nios2-elf/lib/mno-hw-mul/libc.a(lib_a-s_isinfd.o)
                0x000899c4                __isinfd
 .text          0x00089a04       0x30 /tools/altera/12.0/nios2eds/bin/gnu/H-i686-pc-linux-gnu/bin/../lib/gcc/nios2-elf/4.1.2/../../../../nios2-elf/lib/mno-hw-mul/libc.a(lib_a-s_isnand.o)
                0x00089a04                __isnand
 .text          0x00089a34       0x70 /tools/altera/12.0/nios2eds/bin/gnu/H-i686-pc-linux-gnu/bin/../lib/gcc/nios2-elf/4.1.2/../../../../nios2-elf/lib/mno-hw-mul/libc.a(lib_a-sbrkr.o)
                0x00089a34                _sbrk_r
 .text          0x00089aa4      0x14c /tools/altera/12.0/nios2eds/bin/gnu/H-i686-pc-linux-gnu/bin/../lib/gcc/nios2-elf/4.1.2/../../../../nios2-elf/lib/mno-hw-mul/libc.a(lib_a-stdio.o)
                0x00089aa4                __sclose
                0x00089aac                __sseek
                0x00089b14                __swrite
                0x00089b90                __sread
 .text          0x00089bf0       0xbc /tools/altera/12.0/nios2eds/bin/gnu/H-i686-pc-linux-gnu/bin/../lib/gcc/nios2-elf/4.1.2/../../../../nios2-elf/lib/mno-hw-mul/libc.a(lib_a-strcmp.o)
                0x00089bf0                strcmp
 .text          0x00089cac       0x78 /tools/altera/12.0/nios2eds/bin/gnu/H-i686-pc-linux-gnu/bin/../lib/gcc/nios2-elf/4.1.2/../../../../nios2-elf/lib/mno-hw-mul/libc.a(lib_a-writer.o)
                0x00089cac                _write_r
 .text          0x00089d24       0xc8 /tools/altera/12.0/nios2eds/bin/gnu/H-i686-pc-linux-gnu/bin/../lib/gcc/nios2-elf/4.1.2/../../../../nios2-elf/lib/mno-hw-mul/libc.a(lib_a-callocr.o)
                0x00089d24                _calloc_r
 .text          0x00089dec       0x70 /tools/altera/12.0/nios2eds/bin/gnu/H-i686-pc-linux-gnu/bin/../lib/gcc/nios2-elf/4.1.2/../../../../nios2-elf/lib/mno-hw-mul/libc.a(lib_a-closer.o)
                0x00089dec                _close_r
 .text          0x00089e5c      0x124 /tools/altera/12.0/nios2eds/bin/gnu/H-i686-pc-linux-gnu/bin/../lib/gcc/nios2-elf/4.1.2/../../../../nios2-elf/lib/mno-hw-mul/libc.a(lib_a-fclose.o)
                0x00089e5c                _fclose_r
                0x00089f6c                fclose
 .text          0x00089f80       0x74 /tools/altera/12.0/nios2eds/bin/gnu/H-i686-pc-linux-gnu/bin/../lib/gcc/nios2-elf/4.1.2/../../../../nios2-elf/lib/mno-hw-mul/libc.a(lib_a-fstatr.o)
                0x00089f80                _fstat_r
 .text          0x00089ff4        0x0 /tools/altera/12.0/nios2eds/bin/gnu/H-i686-pc-linux-gnu/bin/../lib/gcc/nios2-elf/4.1.2/../../../../nios2-elf/lib/mno-hw-mul/libc.a(lib_a-int_errno.o)
 .text          0x00089ff4       0x70 /tools/altera/12.0/nios2eds/bin/gnu/H-i686-pc-linux-gnu/bin/../lib/gcc/nios2-elf/4.1.2/../../../../nios2-elf/lib/mno-hw-mul/libc.a(lib_a-isattyr.o)
                0x00089ff4                _isatty_r
 .text          0x0008a064       0x78 /tools/altera/12.0/nios2eds/bin/gnu/H-i686-pc-linux-gnu/bin/../lib/gcc/nios2-elf/4.1.2/../../../../nios2-elf/lib/mno-hw-mul/libc.a(lib_a-lseekr.o)
                0x0008a064                _lseek_r
 .text          0x0008a0dc       0x78 /tools/altera/12.0/nios2eds/bin/gnu/H-i686-pc-linux-gnu/bin/../lib/gcc/nios2-elf/4.1.2/../../../../nios2-elf/lib/mno-hw-mul/libc.a(lib_a-readr.o)
                0x0008a0dc                _read_r
 .text          0x0008a154      0x124 /tools/altera/12.0/nios2eds/bin/gnu/H-i686-pc-linux-gnu/bin/../lib/gcc/nios2-elf/4.1.2/mno-hw-mul/libgcc.a(_muldi3.o)
                0x0008a154                __muldi3
 .text          0x0008a278      0x66c /tools/altera/12.0/nios2eds/bin/gnu/H-i686-pc-linux-gnu/bin/../lib/gcc/nios2-elf/4.1.2/mno-hw-mul/libgcc.a(_udivdi3.o)
                0x0008a278                __udivdi3
 .text          0x0008a8e4      0x660 /tools/altera/12.0/nios2eds/bin/gnu/H-i686-pc-linux-gnu/bin/../lib/gcc/nios2-elf/4.1.2/mno-hw-mul/libgcc.a(_umoddi3.o)
                0x0008a8e4                __umoddi3
 .text          0x0008af44      0x504 /tools/altera/12.0/nios2eds/bin/gnu/H-i686-pc-linux-gnu/bin/../lib/gcc/nios2-elf/4.1.2/mno-hw-mul/libgcc.a(_addsub_df.o)
                0x0008b354                __subdf3
                0x0008b3d4                __adddf3
 .text          0x0008b448      0x3c4 /tools/altera/12.0/nios2eds/bin/gnu/H-i686-pc-linux-gnu/bin/../lib/gcc/nios2-elf/4.1.2/mno-hw-mul/libgcc.a(_mul_df.o)
                0x0008b448                __muldf3
 .text          0x0008b80c      0x258 /tools/altera/12.0/nios2eds/bin/gnu/H-i686-pc-linux-gnu/bin/../lib/gcc/nios2-elf/4.1.2/mno-hw-mul/libgcc.a(_div_df.o)
                0x0008b80c                __divdf3
 .text          0x0008ba64       0x88 /tools/altera/12.0/nios2eds/bin/gnu/H-i686-pc-linux-gnu/bin/../lib/gcc/nios2-elf/4.1.2/mno-hw-mul/libgcc.a(_eq_df.o)
                0x0008ba64                __eqdf2
 .text          0x0008baec       0x88 /tools/altera/12.0/nios2eds/bin/gnu/H-i686-pc-linux-gnu/bin/../lib/gcc/nios2-elf/4.1.2/mno-hw-mul/libgcc.a(_ne_df.o)
                0x0008baec                __nedf2
 .text          0x0008bb74       0x88 /tools/altera/12.0/nios2eds/bin/gnu/H-i686-pc-linux-gnu/bin/../lib/gcc/nios2-elf/4.1.2/mno-hw-mul/libgcc.a(_gt_df.o)
                0x0008bb74                __gtdf2
 .text          0x0008bbfc       0x88 /tools/altera/12.0/nios2eds/bin/gnu/H-i686-pc-linux-gnu/bin/../lib/gcc/nios2-elf/4.1.2/mno-hw-mul/libgcc.a(_ge_df.o)
                0x0008bbfc                __gedf2
 .text          0x0008bc84       0x88 /tools/altera/12.0/nios2eds/bin/gnu/H-i686-pc-linux-gnu/bin/../lib/gcc/nios2-elf/4.1.2/mno-hw-mul/libgcc.a(_lt_df.o)
                0x0008bc84                __ltdf2
 .text          0x0008bd0c       0xf8 /tools/altera/12.0/nios2eds/bin/gnu/H-i686-pc-linux-gnu/bin/../lib/gcc/nios2-elf/4.1.2/mno-hw-mul/libgcc.a(_si_to_df.o)
                0x0008bd0c                __floatsidf
 .text          0x0008be04       0xd8 /tools/altera/12.0/nios2eds/bin/gnu/H-i686-pc-linux-gnu/bin/../lib/gcc/nios2-elf/4.1.2/mno-hw-mul/libgcc.a(_df_to_si.o)
                0x0008be04                __fixdfsi
 .text          0x0008bedc        0x0 /tools/altera/12.0/nios2eds/bin/gnu/H-i686-pc-linux-gnu/bin/../lib/gcc/nios2-elf/4.1.2/mno-hw-mul/libgcc.a(_thenan_df.o)
 .text          0x0008bedc      0x194 /tools/altera/12.0/nios2eds/bin/gnu/H-i686-pc-linux-gnu/bin/../lib/gcc/nios2-elf/4.1.2/mno-hw-mul/libgcc.a(_usi_to_df.o)
                0x0008bedc                __floatunsidf
 .text          0x0008c070        0x0 /tools/altera/12.0/nios2eds/bin/gnu/H-i686-pc-linux-gnu/bin/../lib/gcc/nios2-elf/4.1.2/mno-hw-mul/libgcc.a(_clz.o)
 .text          0x0008c070       0x80 /tools/altera/12.0/nios2eds/bin/gnu/H-i686-pc-linux-gnu/bin/../lib/gcc/nios2-elf/4.1.2/mno-hw-mul/libgcc.a(_clzsi2.o)
                0x0008c070                __clzsi2
 .text          0x0008c0f0      0x314 /tools/altera/12.0/nios2eds/bin/gnu/H-i686-pc-linux-gnu/bin/../lib/gcc/nios2-elf/4.1.2/mno-hw-mul/libgcc.a(_pack_df.o)
                0x0008c0f0                __pack_d
 .text          0x0008c404      0x138 /tools/altera/12.0/nios2eds/bin/gnu/H-i686-pc-linux-gnu/bin/../lib/gcc/nios2-elf/4.1.2/mno-hw-mul/libgcc.a(_unpack_df.o)
                0x0008c404                __unpack_d
 .text          0x0008c53c       0xc8 /tools/altera/12.0/nios2eds/bin/gnu/H-i686-pc-linux-gnu/bin/../lib/gcc/nios2-elf/4.1.2/mno-hw-mul/libgcc.a(_fpcmp_parts_df.o)
                0x0008c53c                __fpcmp_parts_d
 .text          0x0008c604      0x160 ../experiment2_bsp//libucosii_bsp.a(alt_close.o)
                0x0008c604                close
 .text          0x0008c764       0x2c ../experiment2_bsp//libucosii_bsp.a(alt_dev.o)
 .text          0x0008c790        0x0 ../experiment2_bsp//libucosii_bsp.a(alt_errno.o)
 .text          0x0008c790      0x138 ../experiment2_bsp//libucosii_bsp.a(alt_fstat.o)
                0x0008c790                fstat
 .text          0x0008c8c8      0x1c0 ../experiment2_bsp//libucosii_bsp.a(alt_irq_register.o)
                0x0008c8c8                alt_irq_register
 .text          0x0008ca88        0x0 ../experiment2_bsp//libucosii_bsp.a(alt_irq_vars.o)
 .text          0x0008ca88      0x124 ../experiment2_bsp//libucosii_bsp.a(alt_isatty.o)
                0x0008ca88                isatty
 .text          0x0008cbac       0xec ../experiment2_bsp//libucosii_bsp.a(alt_load.o)
                0x0008cbac                alt_load
 .text          0x0008cc98      0x154 ../experiment2_bsp//libucosii_bsp.a(alt_lseek.o)
                0x0008cc98                lseek
 .text          0x0008cdec       0xc8 ../experiment2_bsp//libucosii_bsp.a(alt_main.o)
                0x0008cdec                alt_main
 .text          0x0008ceb4      0x258 ../experiment2_bsp//libucosii_bsp.a(alt_printf.o)
                0x0008ceb4                alt_printf
 .text          0x0008d10c       0x40 ../experiment2_bsp//libucosii_bsp.a(alt_putchar.o)
                0x0008d10c                alt_putchar
 .text          0x0008d14c      0x184 ../experiment2_bsp//libucosii_bsp.a(alt_read.o)
                0x0008d14c                read
 .text          0x0008d2d0       0x78 ../experiment2_bsp//libucosii_bsp.a(alt_release_fd.o)
                0x0008d2d0                alt_release_fd
 .text          0x0008d348       0xbc ../experiment2_bsp//libucosii_bsp.a(alt_sbrk.o)
                0x0008d348                sbrk
 .text          0x0008d404      0x184 ../experiment2_bsp//libucosii_bsp.a(alt_write.o)
                0x0008d404                write
 .text          0x0008d588      0x108 ../experiment2_bsp//libucosii_bsp.a(alt_env_lock.o)
                0x0008d588                __env_lock
                0x0008d634                __env_unlock
 .text          0x0008d690      0x1d8 ../experiment2_bsp//libucosii_bsp.a(alt_malloc_lock.o)
                0x0008d690                __malloc_lock
                0x0008d798                __malloc_unlock
 .text          0x0008d868     0x2128 ../experiment2_bsp//libucosii_bsp.a(os_core.o)
                0x0008d868                OSEventNameGet
                0x0008d998                OSEventNameSet
                0x0008dadc                OSEventPendMulti
                0x0008e190                OSInit
                0x0008e1e4                OSIntEnter
                0x0008e260                OSIntExit
                0x0008e360                OSSchedLock
                0x0008e3ec                OSSchedUnlock
                0x0008e4d0                OSStart
                0x0008e540                OSStatInit
                0x0008e5ec                OSTimeTick
                0x0008e82c                OSVersion
                0x0008e84c                OS_Dummy
                0x0008e868                OS_EventTaskRdy
                0x0008e9fc                OS_EventTaskWait
                0x0008eb0c                OS_EventTaskWaitMulti
                0x0008ec60                OS_EventTaskRemove
                0x0008ed18                OS_EventTaskRemoveMulti
                0x0008ee1c                OS_EventWaitListInit
                0x0008f1e8                OS_MemClr
                0x0008f23c                OS_MemCopy
                0x0008f2a8                OS_Sched
                0x0008f3ec                OS_StrCopy
                0x0008f46c                OS_StrLen
                0x0008f4c4                OS_TaskIdle
                0x0008f520                OS_TaskStat
                0x0008f5e8                OS_TaskStatStkChk
                0x0008f6b0                OS_TCBInit
 .text          0x0008f990      0x18c ../experiment2_bsp//libucosii_bsp.a(os_dbg.o)
                0x0008f990                OSDebugInit
 .text          0x0008fb1c     0x193c ../experiment2_bsp//libucosii_bsp.a(os_flag.o)
                0x0008fb1c                OSFlagAccept
                0x0008fe50                OSFlagCreate
                0x0008ff8c                OSFlagDel
                0x00090234                OSFlagNameGet
                0x00090378                OSFlagNameSet
                0x000904cc                OSFlagPend
                0x00090b10                OSFlagPendGetFlagsRdy
                0x00090b78                OSFlagPost
                0x00090f20                OSFlagQuery
                0x000911b8                OS_FlagInit
                0x000913ac                OS_FlagUnlink
 .text          0x00091458      0x80c ../experiment2_bsp//libucosii_bsp.a(os_mem.o)
                0x00091458                OSMemCreate
                0x00091674                OSMemGet
                0x00091778                OSMemNameGet
                0x00091884                OSMemNameSet
                0x000919a4                OSMemPut
                0x00091a94                OSMemQuery
                0x00091b90                OS_MemInit
 .text          0x00091c64     0x1334 ../experiment2_bsp//libucosii_bsp.a(os_q.o)
                0x00091c64                OSQAccept
                0x00091db8                OSQCreate
                0x00091fcc                OSQDel
                0x000922cc                OSQFlush
                0x00092394                OSQPend
                0x000926b4                OSQPendAbort
                0x00092830                OSQPost
                0x000929b0                OSQPostFront
                0x00092b38                OSQPostOpt
                0x00092d6c                OSQQuery
                0x00092eec                OS_QInit
 .text          0x00092f98      0xbc8 ../experiment2_bsp//libucosii_bsp.a(os_sem.o)
                0x00092f98                OSSemAccept
                0x00093058                OSSemCreate
                0x0009316c                OSSemDel
                0x0009340c                OSSemPend
                0x00093688                OSSemPendAbort
                0x00093804                OSSemPost
                0x0009392c                OSSemQuery
                0x00093a5c                OSSemSet
 .text          0x00093b60     0x1a40 ../experiment2_bsp//libucosii_bsp.a(os_task.o)
                0x00093b60                OSTaskChangePrio
                0x000940d4                OSTaskCreate
                0x000942a8                OSTaskCreateExt
                0x000944a8                OSTaskDel
                0x000948b4                OSTaskDelReq
                0x00094a24                OSTaskNameGet
                0x00094bdc                OSTaskNameSet
                0x00094da0                OSTaskResume
                0x00094fb8                OSTaskStkChk
                0x000951b4                OSTaskSuspend
                0x000953e0                OSTaskQuery
                0x00095524                OS_TaskStkClr
 .text          0x000955a0      0x5b4 ../experiment2_bsp//libucosii_bsp.a(os_time.o)
                0x000955a0                OSTimeDly
                0x000956ec                OSTimeDlyHMSM
                0x0009587c                OSTimeDlyResume
                0x00095a8c                OSTimeGet
                0x00095af0                OSTimeSet
 .text          0x00095b54       0xf0 ../experiment2_bsp//libucosii_bsp.a(alt_sys_init.o)
                0x00095b54                alt_irq_init
                0x00095b88                alt_sys_init
 .text          0x00095c44      0x148 ../experiment2_bsp//libucosii_bsp.a(altera_avalon_jtag_uart_fd.o)
                0x00095c44                altera_avalon_jtag_uart_read_fd
                0x00095c9c                altera_avalon_jtag_uart_write_fd
                0x00095cf4                altera_avalon_jtag_uart_close_fd
                0x00095d3c                altera_avalon_jtag_uart_ioctl_fd
 .text          0x00095d8c      0x584 ../experiment2_bsp//libucosii_bsp.a(altera_avalon_jtag_uart_init.o)
                0x00095d8c                altera_avalon_jtag_uart_init
                0x0009629c                altera_avalon_jtag_uart_close
 .text          0x00096310       0xf4 ../experiment2_bsp//libucosii_bsp.a(altera_avalon_jtag_uart_ioctl.o)
                0x00096310                altera_avalon_jtag_uart_ioctl
 .text          0x00096404      0x2c0 ../experiment2_bsp//libucosii_bsp.a(altera_avalon_jtag_uart_read.o)
                0x00096404                altera_avalon_jtag_uart_read
 .text          0x000966c4      0x2dc ../experiment2_bsp//libucosii_bsp.a(altera_avalon_jtag_uart_write.o)
                0x000966c4                altera_avalon_jtag_uart_write
 .text          0x000969a0      0x100 ../experiment2_bsp//libucosii_bsp.a(altera_avalon_timer_sc.o)
                0x00096a10                alt_avalon_timer_sc_init
 .text          0x00096aa0      0x530 ../experiment2_bsp//libucosii_bsp.a(altera_up_avalon_character_lcd.o)
                0x00096aa0                get_DDRAM_addr
                0x00096b1c                alt_up_character_lcd_send_cmd
                0x00096b50                alt_up_character_lcd_init
                0x00096b84                alt_up_character_lcd_open_dev
                0x00096bc4                alt_up_character_lcd_write
                0x00096c3c                alt_up_character_lcd_string
                0x00096cb4                alt_up_character_lcd_write_fd
                0x00096d00                alt_up_character_lcd_set_cursor_pos
                0x00096d78                alt_up_character_lcd_shift_cursor
                0x00096e28                alt_up_character_lcd_shift_display
                0x00096ed8                alt_up_character_lcd_erase_pos
                0x00096f68                alt_up_character_lcd_cursor_off
                0x00096f9c                alt_up_character_lcd_cursor_blink_on
 .text          0x00096fd0      0x154 ../experiment2_bsp//libucosii_bsp.a(alt_alarm_start.o)
                0x00096fd0                alt_alarm_start
 .text          0x00097124       0x1c ../experiment2_bsp//libucosii_bsp.a(alt_dcache_flush_all.o)
                0x00097124                alt_dcache_flush_all
 .text          0x00097140      0x114 ../experiment2_bsp//libucosii_bsp.a(alt_dev_llist_insert.o)
                0x00097140                alt_dev_llist_insert
 .text          0x00097254       0x64 ../experiment2_bsp//libucosii_bsp.a(alt_do_ctors.o)
                0x00097254                _do_ctors
 .text          0x000972b8       0x64 ../experiment2_bsp//libucosii_bsp.a(alt_do_dtors.o)
                0x000972b8                _do_dtors
 .text          0x0009731c       0x94 ../experiment2_bsp//libucosii_bsp.a(alt_find_dev.o)
                0x0009731c                alt_find_dev
 .text          0x000973b0       0x1c ../experiment2_bsp//libucosii_bsp.a(alt_icache_flush_all.o)
                0x000973b0                alt_icache_flush_all
 .text          0x000973cc      0x1d4 ../experiment2_bsp//libucosii_bsp.a(alt_iic.o)
                0x000973cc                alt_ic_isr_register
                0x0009741c                alt_ic_irq_enable
                0x000974b8                alt_ic_irq_disable
                0x00097558                alt_ic_irq_enabled
 .text          0x000975a0       0xf8 ../experiment2_bsp//libucosii_bsp.a(alt_iic_isr_register.o)
                0x000975a0                alt_iic_isr_register
 .text          0x00097698      0x150 ../experiment2_bsp//libucosii_bsp.a(alt_io_redirect.o)
                0x00097770                alt_io_redirect
 .text          0x000977e8        0x0 ../experiment2_bsp//libucosii_bsp.a(alt_irq_entry.o)
 .text          0x000977e8        0x0 ../experiment2_bsp//libucosii_bsp.a(alt_irq_handler.o)
 .text          0x000977e8      0x2e4 ../experiment2_bsp//libucosii_bsp.a(alt_open.o)
                0x000978e0                open
 .text          0x00097acc      0x1a8 ../experiment2_bsp//libucosii_bsp.a(alt_tick.o)
                0x00097acc                alt_alarm_stop
                0x00097b64                alt_tick
 .text          0x00097c74       0x20 ../experiment2_bsp//libucosii_bsp.a(altera_nios2_qsys_irq.o)
                0x00097c74                altera_nios2_qsys_irq_init
 .text          0x00097c94       0xd0 ../experiment2_bsp//libucosii_bsp.a(os_cpu_a.o)
                0x00097c94                OSCtxSw
                0x00097c94                OSIntCtxSw
                0x00097d20                OSStartHighRdy
                0x00097d40                OSStartTsk
 .text          0x00097d64      0x418 ../experiment2_bsp//libucosii_bsp.a(os_cpu_c.o)
                0x00097d64                OSTaskStkInit
                0x00098074                OSTaskCreateHook
                0x00098094                OSTaskDelHook
                0x000980b4                OSTaskSwHook
                0x000980d0                OSTaskStatHook
                0x000980ec                OSTimeTickHook
                0x00098108                OSInitHookBegin
                0x00098124                OSInitHookEnd
                0x00098140                OSTaskIdleHook
                0x0009815c                OSTCBInitHook
 .text          0x0009817c        0x0 ../experiment2_bsp//libucosii_bsp.a(alt_exception_entry.o)
 .text          0x0009817c      0x120 ../experiment2_bsp//libucosii_bsp.a(alt_find_file.o)
                0x0009817c                alt_find_file
 .text          0x0009829c      0x104 ../experiment2_bsp//libucosii_bsp.a(alt_get_fd.o)
                0x0009829c                alt_get_fd
 .text          0x000983a0       0x14 /tools/altera/12.0/nios2eds/bin/gnu/H-i686-pc-linux-gnu/bin/../lib/gcc/nios2-elf/4.1.2/../../../../nios2-elf/lib/mno-hw-mul/libc.a(lib_a-atexit.o)
                0x000983a0                atexit
 .text          0x000983b4       0x38 /tools/altera/12.0/nios2eds/bin/gnu/H-i686-pc-linux-gnu/bin/../lib/gcc/nios2-elf/4.1.2/../../../../nios2-elf/lib/mno-hw-mul/libc.a(lib_a-exit.o)
                0x000983b4                exit
 .text          0x000983ec       0x74 /tools/altera/12.0/nios2eds/bin/gnu/H-i686-pc-linux-gnu/bin/../lib/gcc/nios2-elf/4.1.2/../../../../nios2-elf/lib/mno-hw-mul/libc.a(lib_a-memcmp.o)
                0x000983ec                memcmp
 .text          0x00098460      0x1ec /tools/altera/12.0/nios2eds/bin/gnu/H-i686-pc-linux-gnu/bin/../lib/gcc/nios2-elf/4.1.2/../../../../nios2-elf/lib/mno-hw-mul/libc.a(lib_a-putc.o)
                0x00098460                putc
                0x00098564                _putc_r
 .text          0x0009864c      0x14c /tools/altera/12.0/nios2eds/bin/gnu/H-i686-pc-linux-gnu/bin/../lib/gcc/nios2-elf/4.1.2/../../../../nios2-elf/lib/mno-hw-mul/libc.a(lib_a-wbuf.o)
                0x0009864c                __swbuf_r
                0x0009877c                __swbuf
 .text          0x00098798      0x134 /tools/altera/12.0/nios2eds/bin/gnu/H-i686-pc-linux-gnu/bin/../lib/gcc/nios2-elf/4.1.2/../../../../nios2-elf/lib/mno-hw-mul/libc.a(lib_a-__atexit.o)
                0x00098798                __register_exitproc
 .text          0x000988cc      0x1b4 /tools/altera/12.0/nios2eds/bin/gnu/H-i686-pc-linux-gnu/bin/../lib/gcc/nios2-elf/4.1.2/../../../../nios2-elf/lib/mno-hw-mul/libc.a(lib_a-__call_atexit.o)
                0x000988d0                __call_exitprocs
 .text          0x00098a80       0x6c ../experiment2_bsp//libucosii_bsp.a(alt_exit.o)
                0x00098ac0                _exit
 *(.gnu.warning.*)
 *(.fini)
                0x00098aec                PROVIDE (__etext, ABSOLUTE (.))
                0x00098aec                PROVIDE (_etext, ABSOLUTE (.))
                0x00098aec                PROVIDE (etext, ABSOLUTE (.))
 *(.eh_frame_hdr)
                0x00098aec                . = ALIGN (0x4)
                0x00098aec                PROVIDE (__preinit_array_start, ABSOLUTE (.))
 *(.preinit_array)
                0x00098aec                PROVIDE (__preinit_array_end, ABSOLUTE (.))
                0x00098aec                PROVIDE (__init_array_start, ABSOLUTE (.))
 *(.init_array)
                0x00098aec                PROVIDE (__init_array_end, ABSOLUTE (.))
                0x00098aec                PROVIDE (__fini_array_start, ABSOLUTE (.))
 *(.fini_array)
                0x00098aec                PROVIDE (__fini_array_end, ABSOLUTE (.))
 *(.eh_frame)
 .eh_frame      0x00098aec       0x40 /tools/altera/12.0/nios2eds/bin/gnu/H-i686-pc-linux-gnu/bin/../lib/gcc/nios2-elf/4.1.2/mno-hw-mul/libgcc.a(_udivdi3.o)
 .eh_frame      0x00098b2c       0x2c /tools/altera/12.0/nios2eds/bin/gnu/H-i686-pc-linux-gnu/bin/../lib/gcc/nios2-elf/4.1.2/mno-hw-mul/libgcc.a(_umoddi3.o)
                                 0x40 (size before relaxing)
 *(.gcc_except_table)
 *(.dynamic)
                0x00098b58                PROVIDE (__CTOR_LIST__, ABSOLUTE (.))
 *(.ctors)
 *(SORT(.ctors.*))
 .ctors.65535   0x00098b58        0x4 /tools/altera/12.0/nios2eds/bin/gnu/H-i686-pc-linux-gnu/bin/../lib/gcc/nios2-elf/4.1.2/../../../../nios2-elf/lib/mno-hw-mul/libc.a(lib_a-__call_atexit.o)
                0x00098b5c                PROVIDE (__CTOR_END__, ABSOLUTE (.))
                0x00098b5c                PROVIDE (__DTOR_LIST__, ABSOLUTE (.))
 *(.dtors)
 *(SORT(.dtors.*))
                0x00098b5c                PROVIDE (__DTOR_END__, ABSOLUTE (.))
 *(.jcr)
                0x00098b5c                . = ALIGN (0x4)

.rodata         0x00098b5c      0xd54
                0x00098b5c                PROVIDE (__ram_rodata_start, ABSOLUTE (.))
                0x00098b5c                . = ALIGN (0x4)
 *(.rodata .rodata.* .gnu.linkonce.r.*)
 .rodata        0x00098b5c      0x3bc obj/default/alt_ucosii_simple_error_check.o
 .rodata        0x00098f18      0x134 obj/default/experiment2.o
 .rodata        0x0009904c      0x3e4 obj/default/tasks.o
 .rodata.str1.4
                0x00099430        0x2 /tools/altera/12.0/nios2eds/bin/gnu/H-i686-pc-linux-gnu/bin/../lib/gcc/nios2-elf/4.1.2/../../../../nios2-elf/lib/mno-hw-mul/libc.a(lib_a-impure.o)
                                  0x4 (size before relaxing)
 *fill*         0x00099432        0x2 00
 .rodata.str1.4
                0x00099434        0x2 /tools/altera/12.0/nios2eds/bin/gnu/H-i686-pc-linux-gnu/bin/../lib/gcc/nios2-elf/4.1.2/../../../../nios2-elf/lib/mno-hw-mul/libc.a(lib_a-puts.o)
                                  0x4 (size before relaxing)
 *fill*         0x00099436        0x2 00
 .rodata.str1.4
                0x00099438       0x5e /tools/altera/12.0/nios2eds/bin/gnu/H-i686-pc-linux-gnu/bin/../lib/gcc/nios2-elf/4.1.2/../../../../nios2-elf/lib/mno-hw-mul/libc.a(lib_a-vfprintf.o)
                                 0x60 (size before relaxing)
 .rodata        0x00099496       0x20 /tools/altera/12.0/nios2eds/bin/gnu/H-i686-pc-linux-gnu/bin/../lib/gcc/nios2-elf/4.1.2/../../../../nios2-elf/lib/mno-hw-mul/libc.a(lib_a-vfprintf.o)
 *fill*         0x000994b6        0x2 00
 .rodata.str1.4
                0x000994b8       0x10 /tools/altera/12.0/nios2eds/bin/gnu/H-i686-pc-linux-gnu/bin/../lib/gcc/nios2-elf/4.1.2/../../../../nios2-elf/lib/mno-hw-mul/libc.a(lib_a-dtoa.o)
                                 0x14 (size before relaxing)
 .rodata.str1.4
                0x000994c8       0x10 /tools/altera/12.0/nios2eds/bin/gnu/H-i686-pc-linux-gnu/bin/../lib/gcc/nios2-elf/4.1.2/../../../../nios2-elf/lib/mno-hw-mul/libc.a(lib_a-locale.o)
                                 0x18 (size before relaxing)
 .rodata        0x000994d8       0x30 /tools/altera/12.0/nios2eds/bin/gnu/H-i686-pc-linux-gnu/bin/../lib/gcc/nios2-elf/4.1.2/../../../../nios2-elf/lib/mno-hw-mul/libc.a(lib_a-locale.o)
 .rodata        0x00099508      0x124 /tools/altera/12.0/nios2eds/bin/gnu/H-i686-pc-linux-gnu/bin/../lib/gcc/nios2-elf/4.1.2/../../../../nios2-elf/lib/mno-hw-mul/libc.a(lib_a-mprec.o)
                0x00099508                __mprec_tens
                0x000995d0                __mprec_bigtens
                0x000995f8                __mprec_tinytens
 .rodata        0x0009962c       0x14 /tools/altera/12.0/nios2eds/bin/gnu/H-i686-pc-linux-gnu/bin/../lib/gcc/nios2-elf/4.1.2/mno-hw-mul/libgcc.a(_thenan_df.o)
                0x0009962c                __thenan_df
 .rodata        0x00099640      0x100 /tools/altera/12.0/nios2eds/bin/gnu/H-i686-pc-linux-gnu/bin/../lib/gcc/nios2-elf/4.1.2/mno-hw-mul/libgcc.a(_clz.o)
                0x00099640                __clz_tab
 .rodata        0x00099740        0xc ../experiment2_bsp//libucosii_bsp.a(alt_dev.o)
 .rodata        0x0009974c       0x14 ../experiment2_bsp//libucosii_bsp.a(alt_main.o)
 .rodata        0x00099760      0x120 ../experiment2_bsp//libucosii_bsp.a(os_core.o)
                0x00099760                OSUnMapTbl
 .rodata        0x00099880       0x2c ../experiment2_bsp//libucosii_bsp.a(alt_sys_init.o)
 .rodata        0x000998ac        0x4 ../experiment2_bsp//libucosii_bsp.a(os_cpu_c.o)
 *(.rodata1)
                0x000998b0                . = ALIGN (0x4)
                0x000998b0                PROVIDE (__ram_rodata_end, ABSOLUTE (.))
                0x00098b5c                PROVIDE (__flash_rodata_start, LOADADDR (.rodata))

.rwdata         0x000998b0     0x1b14 load address 0x0009b3c4
                0x000998b0                PROVIDE (__ram_rwdata_start, ABSOLUTE (.))
                0x000998b0                . = ALIGN (0x4)
 *(.got.plt)
 *(.got)
 *(.data1)
 *(.data .data.* .gnu.linkonce.d.*)
 .data          0x000998b0        0x0 ../experiment2_bsp//obj/HAL/src/crt0.o
 .data          0x000998b0        0x0 obj/default/PB_button.o
 .data          0x000998b0        0x0 obj/default/alt_ucosii_simple_error_check.o
 .data          0x000998b0        0x0 obj/default/experiment2.o
 .data          0x000998b0        0x0 obj/default/tasks.o
 .data          0x000998b0        0x0 /tools/altera/12.0/nios2eds/bin/gnu/H-i686-pc-linux-gnu/bin/../lib/gcc/nios2-elf/4.1.2/mno-hw-mul/libgcc.a(lib2-divmod.o)
 .data          0x000998b0        0x0 /tools/altera/12.0/nios2eds/bin/gnu/H-i686-pc-linux-gnu/bin/../lib/gcc/nios2-elf/4.1.2/mno-hw-mul/libgcc.a(lib2-mul.o)
 .data          0x000998b0        0x0 /tools/altera/12.0/nios2eds/bin/gnu/H-i686-pc-linux-gnu/bin/../lib/gcc/nios2-elf/4.1.2/../../../../nios2-elf/lib/mno-hw-mul/libc.a(lib_a-fprintf.o)
 .data          0x000998b0        0x0 /tools/altera/12.0/nios2eds/bin/gnu/H-i686-pc-linux-gnu/bin/../lib/gcc/nios2-elf/4.1.2/../../../../nios2-elf/lib/mno-hw-mul/libc.a(lib_a-fwrite.o)
 .data          0x000998b0      0x400 /tools/altera/12.0/nios2eds/bin/gnu/H-i686-pc-linux-gnu/bin/../lib/gcc/nios2-elf/4.1.2/../../../../nios2-elf/lib/mno-hw-mul/libc.a(lib_a-impure.o)
 .data          0x00099cb0        0x0 /tools/altera/12.0/nios2eds/bin/gnu/H-i686-pc-linux-gnu/bin/../lib/gcc/nios2-elf/4.1.2/../../../../nios2-elf/lib/mno-hw-mul/libc.a(lib_a-printf.o)
 .data          0x00099cb0        0x0 /tools/altera/12.0/nios2eds/bin/gnu/H-i686-pc-linux-gnu/bin/../lib/gcc/nios2-elf/4.1.2/../../../../nios2-elf/lib/mno-hw-mul/libc.a(lib_a-puts.o)
 .data          0x00099cb0        0x0 /tools/altera/12.0/nios2eds/bin/gnu/H-i686-pc-linux-gnu/bin/../lib/gcc/nios2-elf/4.1.2/../../../../nios2-elf/lib/mno-hw-mul/libc.a(lib_a-rand.o)
 .data          0x00099cb0        0x0 /tools/altera/12.0/nios2eds/bin/gnu/H-i686-pc-linux-gnu/bin/../lib/gcc/nios2-elf/4.1.2/../../../../nios2-elf/lib/mno-hw-mul/libc.a(lib_a-strlen.o)
 .data          0x00099cb0        0x0 /tools/altera/12.0/nios2eds/bin/gnu/H-i686-pc-linux-gnu/bin/../lib/gcc/nios2-elf/4.1.2/../../../../nios2-elf/lib/mno-hw-mul/libc.a(lib_a-vfprintf.o)
 .data          0x00099cb0        0x0 /tools/altera/12.0/nios2eds/bin/gnu/H-i686-pc-linux-gnu/bin/../lib/gcc/nios2-elf/4.1.2/../../../../nios2-elf/lib/mno-hw-mul/libc.a(lib_a-wsetup.o)
 .data          0x00099cb0        0x0 /tools/altera/12.0/nios2eds/bin/gnu/H-i686-pc-linux-gnu/bin/../lib/gcc/nios2-elf/4.1.2/../../../../nios2-elf/lib/mno-hw-mul/libc.a(lib_a-dtoa.o)
 .data          0x00099cb0        0x0 /tools/altera/12.0/nios2eds/bin/gnu/H-i686-pc-linux-gnu/bin/../lib/gcc/nios2-elf/4.1.2/../../../../nios2-elf/lib/mno-hw-mul/libc.a(lib_a-fflush.o)
 .data          0x00099cb0        0x0 /tools/altera/12.0/nios2eds/bin/gnu/H-i686-pc-linux-gnu/bin/../lib/gcc/nios2-elf/4.1.2/../../../../nios2-elf/lib/mno-hw-mul/libc.a(lib_a-findfp.o)
 .data          0x00099cb0        0x0 /tools/altera/12.0/nios2eds/bin/gnu/H-i686-pc-linux-gnu/bin/../lib/gcc/nios2-elf/4.1.2/../../../../nios2-elf/lib/mno-hw-mul/libc.a(lib_a-freer.o)
 .data          0x00099cb0        0x0 /tools/altera/12.0/nios2eds/bin/gnu/H-i686-pc-linux-gnu/bin/../lib/gcc/nios2-elf/4.1.2/../../../../nios2-elf/lib/mno-hw-mul/libc.a(lib_a-fvwrite.o)
 .data          0x00099cb0        0x0 /tools/altera/12.0/nios2eds/bin/gnu/H-i686-pc-linux-gnu/bin/../lib/gcc/nios2-elf/4.1.2/../../../../nios2-elf/lib/mno-hw-mul/libc.a(lib_a-fwalk.o)
 .data          0x00099cb0        0xc /tools/altera/12.0/nios2eds/bin/gnu/H-i686-pc-linux-gnu/bin/../lib/gcc/nios2-elf/4.1.2/../../../../nios2-elf/lib/mno-hw-mul/libc.a(lib_a-locale.o)
                0x00099cb0                __lc_ctype
 .data          0x00099cbc        0x0 /tools/altera/12.0/nios2eds/bin/gnu/H-i686-pc-linux-gnu/bin/../lib/gcc/nios2-elf/4.1.2/../../../../nios2-elf/lib/mno-hw-mul/libc.a(lib_a-makebuf.o)
 .data          0x00099cbc      0x408 /tools/altera/12.0/nios2eds/bin/gnu/H-i686-pc-linux-gnu/bin/../lib/gcc/nios2-elf/4.1.2/../../../../nios2-elf/lib/mno-hw-mul/libc.a(lib_a-mallocr.o)
                0x00099cbc                __malloc_av_
 .data          0x0009a0c4        0x0 /tools/altera/12.0/nios2eds/bin/gnu/H-i686-pc-linux-gnu/bin/../lib/gcc/nios2-elf/4.1.2/../../../../nios2-elf/lib/mno-hw-mul/libc.a(lib_a-memchr.o)
 .data          0x0009a0c4        0x0 /tools/altera/12.0/nios2eds/bin/gnu/H-i686-pc-linux-gnu/bin/../lib/gcc/nios2-elf/4.1.2/../../../../nios2-elf/lib/mno-hw-mul/libc.a(lib_a-memcpy.o)
 .data          0x0009a0c4        0x0 /tools/altera/12.0/nios2eds/bin/gnu/H-i686-pc-linux-gnu/bin/../lib/gcc/nios2-elf/4.1.2/../../../../nios2-elf/lib/mno-hw-mul/libc.a(lib_a-memmove.o)
 .data          0x0009a0c4        0x0 /tools/altera/12.0/nios2eds/bin/gnu/H-i686-pc-linux-gnu/bin/../lib/gcc/nios2-elf/4.1.2/../../../../nios2-elf/lib/mno-hw-mul/libc.a(lib_a-memset.o)
 .data          0x0009a0c4        0x0 /tools/altera/12.0/nios2eds/bin/gnu/H-i686-pc-linux-gnu/bin/../lib/gcc/nios2-elf/4.1.2/../../../../nios2-elf/lib/mno-hw-mul/libc.a(lib_a-mprec.o)
 .data          0x0009a0c4        0x0 /tools/altera/12.0/nios2eds/bin/gnu/H-i686-pc-linux-gnu/bin/../lib/gcc/nios2-elf/4.1.2/../../../../nios2-elf/lib/mno-hw-mul/libc.a(lib_a-reallocr.o)
 .data          0x0009a0c4        0x0 /tools/altera/12.0/nios2eds/bin/gnu/H-i686-pc-linux-gnu/bin/../lib/gcc/nios2-elf/4.1.2/../../../../nios2-elf/lib/mno-hw-mul/libc.a(lib_a-s_isinfd.o)
 .data          0x0009a0c4        0x0 /tools/altera/12.0/nios2eds/bin/gnu/H-i686-pc-linux-gnu/bin/../lib/gcc/nios2-elf/4.1.2/../../../../nios2-elf/lib/mno-hw-mul/libc.a(lib_a-s_isnand.o)
 .data          0x0009a0c4        0x0 /tools/altera/12.0/nios2eds/bin/gnu/H-i686-pc-linux-gnu/bin/../lib/gcc/nios2-elf/4.1.2/../../../../nios2-elf/lib/mno-hw-mul/libc.a(lib_a-sbrkr.o)
 .data          0x0009a0c4        0x0 /tools/altera/12.0/nios2eds/bin/gnu/H-i686-pc-linux-gnu/bin/../lib/gcc/nios2-elf/4.1.2/../../../../nios2-elf/lib/mno-hw-mul/libc.a(lib_a-stdio.o)
 .data          0x0009a0c4        0x0 /tools/altera/12.0/nios2eds/bin/gnu/H-i686-pc-linux-gnu/bin/../lib/gcc/nios2-elf/4.1.2/../../../../nios2-elf/lib/mno-hw-mul/libc.a(lib_a-strcmp.o)
 .data          0x0009a0c4        0x0 /tools/altera/12.0/nios2eds/bin/gnu/H-i686-pc-linux-gnu/bin/../lib/gcc/nios2-elf/4.1.2/../../../../nios2-elf/lib/mno-hw-mul/libc.a(lib_a-writer.o)
 .data          0x0009a0c4        0x0 /tools/altera/12.0/nios2eds/bin/gnu/H-i686-pc-linux-gnu/bin/../lib/gcc/nios2-elf/4.1.2/../../../../nios2-elf/lib/mno-hw-mul/libc.a(lib_a-callocr.o)
 .data          0x0009a0c4        0x0 /tools/altera/12.0/nios2eds/bin/gnu/H-i686-pc-linux-gnu/bin/../lib/gcc/nios2-elf/4.1.2/../../../../nios2-elf/lib/mno-hw-mul/libc.a(lib_a-closer.o)
 .data          0x0009a0c4        0x0 /tools/altera/12.0/nios2eds/bin/gnu/H-i686-pc-linux-gnu/bin/../lib/gcc/nios2-elf/4.1.2/../../../../nios2-elf/lib/mno-hw-mul/libc.a(lib_a-fclose.o)
 .data          0x0009a0c4        0x0 /tools/altera/12.0/nios2eds/bin/gnu/H-i686-pc-linux-gnu/bin/../lib/gcc/nios2-elf/4.1.2/../../../../nios2-elf/lib/mno-hw-mul/libc.a(lib_a-fstatr.o)
 .data          0x0009a0c4        0x0 /tools/altera/12.0/nios2eds/bin/gnu/H-i686-pc-linux-gnu/bin/../lib/gcc/nios2-elf/4.1.2/../../../../nios2-elf/lib/mno-hw-mul/libc.a(lib_a-int_errno.o)
 .data          0x0009a0c4        0x0 /tools/altera/12.0/nios2eds/bin/gnu/H-i686-pc-linux-gnu/bin/../lib/gcc/nios2-elf/4.1.2/../../../../nios2-elf/lib/mno-hw-mul/libc.a(lib_a-isattyr.o)
 .data          0x0009a0c4        0x0 /tools/altera/12.0/nios2eds/bin/gnu/H-i686-pc-linux-gnu/bin/../lib/gcc/nios2-elf/4.1.2/../../../../nios2-elf/lib/mno-hw-mul/libc.a(lib_a-lseekr.o)
 .data          0x0009a0c4        0x0 /tools/altera/12.0/nios2eds/bin/gnu/H-i686-pc-linux-gnu/bin/../lib/gcc/nios2-elf/4.1.2/../../../../nios2-elf/lib/mno-hw-mul/libc.a(lib_a-readr.o)
 .data          0x0009a0c4        0x0 /tools/altera/12.0/nios2eds/bin/gnu/H-i686-pc-linux-gnu/bin/../lib/gcc/nios2-elf/4.1.2/mno-hw-mul/libgcc.a(_muldi3.o)
 .data          0x0009a0c4        0x0 /tools/altera/12.0/nios2eds/bin/gnu/H-i686-pc-linux-gnu/bin/../lib/gcc/nios2-elf/4.1.2/mno-hw-mul/libgcc.a(_udivdi3.o)
 .data          0x0009a0c4        0x0 /tools/altera/12.0/nios2eds/bin/gnu/H-i686-pc-linux-gnu/bin/../lib/gcc/nios2-elf/4.1.2/mno-hw-mul/libgcc.a(_umoddi3.o)
 .data          0x0009a0c4        0x0 /tools/altera/12.0/nios2eds/bin/gnu/H-i686-pc-linux-gnu/bin/../lib/gcc/nios2-elf/4.1.2/mno-hw-mul/libgcc.a(_addsub_df.o)
 .data          0x0009a0c4        0x0 /tools/altera/12.0/nios2eds/bin/gnu/H-i686-pc-linux-gnu/bin/../lib/gcc/nios2-elf/4.1.2/mno-hw-mul/libgcc.a(_mul_df.o)
 .data          0x0009a0c4        0x0 /tools/altera/12.0/nios2eds/bin/gnu/H-i686-pc-linux-gnu/bin/../lib/gcc/nios2-elf/4.1.2/mno-hw-mul/libgcc.a(_div_df.o)
 .data          0x0009a0c4        0x0 /tools/altera/12.0/nios2eds/bin/gnu/H-i686-pc-linux-gnu/bin/../lib/gcc/nios2-elf/4.1.2/mno-hw-mul/libgcc.a(_eq_df.o)
 .data          0x0009a0c4        0x0 /tools/altera/12.0/nios2eds/bin/gnu/H-i686-pc-linux-gnu/bin/../lib/gcc/nios2-elf/4.1.2/mno-hw-mul/libgcc.a(_ne_df.o)
 .data          0x0009a0c4        0x0 /tools/altera/12.0/nios2eds/bin/gnu/H-i686-pc-linux-gnu/bin/../lib/gcc/nios2-elf/4.1.2/mno-hw-mul/libgcc.a(_gt_df.o)
 .data          0x0009a0c4        0x0 /tools/altera/12.0/nios2eds/bin/gnu/H-i686-pc-linux-gnu/bin/../lib/gcc/nios2-elf/4.1.2/mno-hw-mul/libgcc.a(_ge_df.o)
 .data          0x0009a0c4        0x0 /tools/altera/12.0/nios2eds/bin/gnu/H-i686-pc-linux-gnu/bin/../lib/gcc/nios2-elf/4.1.2/mno-hw-mul/libgcc.a(_lt_df.o)
 .data          0x0009a0c4        0x0 /tools/altera/12.0/nios2eds/bin/gnu/H-i686-pc-linux-gnu/bin/../lib/gcc/nios2-elf/4.1.2/mno-hw-mul/libgcc.a(_si_to_df.o)
 .data          0x0009a0c4        0x0 /tools/altera/12.0/nios2eds/bin/gnu/H-i686-pc-linux-gnu/bin/../lib/gcc/nios2-elf/4.1.2/mno-hw-mul/libgcc.a(_df_to_si.o)
 .data          0x0009a0c4        0x0 /tools/altera/12.0/nios2eds/bin/gnu/H-i686-pc-linux-gnu/bin/../lib/gcc/nios2-elf/4.1.2/mno-hw-mul/libgcc.a(_thenan_df.o)
 .data          0x0009a0c4        0x0 /tools/altera/12.0/nios2eds/bin/gnu/H-i686-pc-linux-gnu/bin/../lib/gcc/nios2-elf/4.1.2/mno-hw-mul/libgcc.a(_usi_to_df.o)
 .data          0x0009a0c4        0x0 /tools/altera/12.0/nios2eds/bin/gnu/H-i686-pc-linux-gnu/bin/../lib/gcc/nios2-elf/4.1.2/mno-hw-mul/libgcc.a(_clz.o)
 .data          0x0009a0c4        0x0 /tools/altera/12.0/nios2eds/bin/gnu/H-i686-pc-linux-gnu/bin/../lib/gcc/nios2-elf/4.1.2/mno-hw-mul/libgcc.a(_clzsi2.o)
 .data          0x0009a0c4        0x0 /tools/altera/12.0/nios2eds/bin/gnu/H-i686-pc-linux-gnu/bin/../lib/gcc/nios2-elf/4.1.2/mno-hw-mul/libgcc.a(_pack_df.o)
 .data          0x0009a0c4        0x0 /tools/altera/12.0/nios2eds/bin/gnu/H-i686-pc-linux-gnu/bin/../lib/gcc/nios2-elf/4.1.2/mno-hw-mul/libgcc.a(_unpack_df.o)
 .data          0x0009a0c4        0x0 /tools/altera/12.0/nios2eds/bin/gnu/H-i686-pc-linux-gnu/bin/../lib/gcc/nios2-elf/4.1.2/mno-hw-mul/libgcc.a(_fpcmp_parts_df.o)
 .data          0x0009a0c4        0x0 ../experiment2_bsp//libucosii_bsp.a(alt_close.o)
 .data          0x0009a0c4      0x1a8 ../experiment2_bsp//libucosii_bsp.a(alt_dev.o)
                0x0009a0c4                alt_dev_null
                0x0009a0ec                alt_fd_list
 .data          0x0009a26c        0x0 ../experiment2_bsp//libucosii_bsp.a(alt_errno.o)
 .data          0x0009a26c        0x0 ../experiment2_bsp//libucosii_bsp.a(alt_fstat.o)
 .data          0x0009a26c        0x0 ../experiment2_bsp//libucosii_bsp.a(alt_irq_register.o)
 .data          0x0009a26c        0x0 ../experiment2_bsp//libucosii_bsp.a(alt_irq_vars.o)
 .data          0x0009a26c        0x0 ../experiment2_bsp//libucosii_bsp.a(alt_isatty.o)
 .data          0x0009a26c        0x0 ../experiment2_bsp//libucosii_bsp.a(alt_load.o)
 .data          0x0009a26c        0x0 ../experiment2_bsp//libucosii_bsp.a(alt_lseek.o)
 .data          0x0009a26c        0x0 ../experiment2_bsp//libucosii_bsp.a(alt_main.o)
 .data          0x0009a26c        0x0 ../experiment2_bsp//libucosii_bsp.a(alt_printf.o)
 .data          0x0009a26c        0x0 ../experiment2_bsp//libucosii_bsp.a(alt_putchar.o)
 .data          0x0009a26c        0x0 ../experiment2_bsp//libucosii_bsp.a(alt_read.o)
 .data          0x0009a26c        0x0 ../experiment2_bsp//libucosii_bsp.a(alt_release_fd.o)
 .data          0x0009a26c        0x0 ../experiment2_bsp//libucosii_bsp.a(alt_sbrk.o)
 .data          0x0009a26c        0x0 ../experiment2_bsp//libucosii_bsp.a(alt_write.o)
 .data          0x0009a26c        0x0 ../experiment2_bsp//libucosii_bsp.a(alt_env_lock.o)
 .data          0x0009a26c        0x0 ../experiment2_bsp//libucosii_bsp.a(alt_malloc_lock.o)
 .data          0x0009a26c        0x0 ../experiment2_bsp//libucosii_bsp.a(os_core.o)
 .data          0x0009a26c        0x0 ../experiment2_bsp//libucosii_bsp.a(os_dbg.o)
 .data          0x0009a26c        0x0 ../experiment2_bsp//libucosii_bsp.a(os_flag.o)
 .data          0x0009a26c        0x0 ../experiment2_bsp//libucosii_bsp.a(os_mem.o)
 .data          0x0009a26c        0x0 ../experiment2_bsp//libucosii_bsp.a(os_q.o)
 .data          0x0009a26c        0x0 ../experiment2_bsp//libucosii_bsp.a(os_sem.o)
 .data          0x0009a26c        0x0 ../experiment2_bsp//libucosii_bsp.a(os_task.o)
 .data          0x0009a26c        0x0 ../experiment2_bsp//libucosii_bsp.a(os_time.o)
 .data          0x0009a26c     0x1098 ../experiment2_bsp//libucosii_bsp.a(alt_sys_init.o)
 .data          0x0009b304        0x0 ../experiment2_bsp//libucosii_bsp.a(altera_avalon_jtag_uart_fd.o)
 .data          0x0009b304        0x0 ../experiment2_bsp//libucosii_bsp.a(altera_avalon_jtag_uart_init.o)
 .data          0x0009b304        0x0 ../experiment2_bsp//libucosii_bsp.a(altera_avalon_jtag_uart_ioctl.o)
 .data          0x0009b304        0x0 ../experiment2_bsp//libucosii_bsp.a(altera_avalon_jtag_uart_read.o)
 .data          0x0009b304        0x0 ../experiment2_bsp//libucosii_bsp.a(altera_avalon_jtag_uart_write.o)
 .data          0x0009b304        0x0 ../experiment2_bsp//libucosii_bsp.a(altera_avalon_timer_sc.o)
 .data          0x0009b304        0x0 ../experiment2_bsp//libucosii_bsp.a(altera_up_avalon_character_lcd.o)
 .data          0x0009b304        0x0 ../experiment2_bsp//libucosii_bsp.a(alt_alarm_start.o)
 .data          0x0009b304        0x0 ../experiment2_bsp//libucosii_bsp.a(alt_dcache_flush_all.o)
 .data          0x0009b304        0x0 ../experiment2_bsp//libucosii_bsp.a(alt_dev_llist_insert.o)
 .data          0x0009b304        0x0 ../experiment2_bsp//libucosii_bsp.a(alt_do_ctors.o)
 .data          0x0009b304        0x0 ../experiment2_bsp//libucosii_bsp.a(alt_do_dtors.o)
 .data          0x0009b304        0x0 ../experiment2_bsp//libucosii_bsp.a(alt_find_dev.o)
 .data          0x0009b304        0x0 ../experiment2_bsp//libucosii_bsp.a(alt_icache_flush_all.o)
 .data          0x0009b304        0x0 ../experiment2_bsp//libucosii_bsp.a(alt_iic.o)
 .data          0x0009b304        0x0 ../experiment2_bsp//libucosii_bsp.a(alt_iic_isr_register.o)
 .data          0x0009b304        0x0 ../experiment2_bsp//libucosii_bsp.a(alt_io_redirect.o)
 .data          0x0009b304        0x0 ../experiment2_bsp//libucosii_bsp.a(alt_irq_entry.o)
 .data          0x0009b304        0x0 ../experiment2_bsp//libucosii_bsp.a(alt_irq_handler.o)
 .data          0x0009b304        0x0 ../experiment2_bsp//libucosii_bsp.a(alt_open.o)
 .data          0x0009b304        0x0 ../experiment2_bsp//libucosii_bsp.a(alt_tick.o)
 .data          0x0009b304        0x0 ../experiment2_bsp//libucosii_bsp.a(altera_nios2_qsys_irq.o)
 .data          0x0009b304        0x0 ../experiment2_bsp//libucosii_bsp.a(os_cpu_a.o)
 .data          0x0009b304        0x0 ../experiment2_bsp//libucosii_bsp.a(os_cpu_c.o)
 .data          0x0009b304        0x0 ../experiment2_bsp//libucosii_bsp.a(alt_exception_entry.o)
 .data          0x0009b304        0x0 ../experiment2_bsp//libucosii_bsp.a(alt_find_file.o)
 .data          0x0009b304        0x0 ../experiment2_bsp//libucosii_bsp.a(alt_get_fd.o)
 .data          0x0009b304        0x0 /tools/altera/12.0/nios2eds/bin/gnu/H-i686-pc-linux-gnu/bin/../lib/gcc/nios2-elf/4.1.2/../../../../nios2-elf/lib/mno-hw-mul/libc.a(lib_a-atexit.o)
 .data          0x0009b304        0x0 /tools/altera/12.0/nios2eds/bin/gnu/H-i686-pc-linux-gnu/bin/../lib/gcc/nios2-elf/4.1.2/../../../../nios2-elf/lib/mno-hw-mul/libc.a(lib_a-exit.o)
 .data          0x0009b304        0x0 /tools/altera/12.0/nios2eds/bin/gnu/H-i686-pc-linux-gnu/bin/../lib/gcc/nios2-elf/4.1.2/../../../../nios2-elf/lib/mno-hw-mul/libc.a(lib_a-memcmp.o)
 .data          0x0009b304        0x0 /tools/altera/12.0/nios2eds/bin/gnu/H-i686-pc-linux-gnu/bin/../lib/gcc/nios2-elf/4.1.2/../../../../nios2-elf/lib/mno-hw-mul/libc.a(lib_a-putc.o)
 .data          0x0009b304        0x0 /tools/altera/12.0/nios2eds/bin/gnu/H-i686-pc-linux-gnu/bin/../lib/gcc/nios2-elf/4.1.2/../../../../nios2-elf/lib/mno-hw-mul/libc.a(lib_a-wbuf.o)
 .data          0x0009b304        0x0 /tools/altera/12.0/nios2eds/bin/gnu/H-i686-pc-linux-gnu/bin/../lib/gcc/nios2-elf/4.1.2/../../../../nios2-elf/lib/mno-hw-mul/libc.a(lib_a-__atexit.o)
 .data          0x0009b304        0x0 /tools/altera/12.0/nios2eds/bin/gnu/H-i686-pc-linux-gnu/bin/../lib/gcc/nios2-elf/4.1.2/../../../../nios2-elf/lib/mno-hw-mul/libc.a(lib_a-__call_atexit.o)
 .data          0x0009b304        0x0 ../experiment2_bsp//libucosii_bsp.a(alt_exit.o)
                0x000a3304                _gp = ABSOLUTE ((. + 0x8000))
                0x000a3304                PROVIDE (gp, _gp)
 *(.rwdata .rwdata.*)
 *(.sdata .sdata.* .gnu.linkonce.s.*)
 .sdata         0x0009b304        0x4 obj/default/tasks.o
                0x0009b304                performance_name
 .sdata         0x0009b308        0x8 /tools/altera/12.0/nios2eds/bin/gnu/H-i686-pc-linux-gnu/bin/../lib/gcc/nios2-elf/4.1.2/../../../../nios2-elf/lib/mno-hw-mul/libc.a(lib_a-impure.o)
                0x0009b308                _impure_ptr
                0x0009b30c                _global_impure_ptr
 .sdata         0x0009b310        0x8 /tools/altera/12.0/nios2eds/bin/gnu/H-i686-pc-linux-gnu/bin/../lib/gcc/nios2-elf/4.1.2/../../../../nios2-elf/lib/mno-hw-mul/libc.a(lib_a-locale.o)
                0x0009b310                __mb_cur_max
 .sdata         0x0009b318        0x8 /tools/altera/12.0/nios2eds/bin/gnu/H-i686-pc-linux-gnu/bin/../lib/gcc/nios2-elf/4.1.2/../../../../nios2-elf/lib/mno-hw-mul/libc.a(lib_a-mallocr.o)
                0x0009b318                __malloc_trim_threshold
                0x0009b31c                __malloc_sbrk_base
 .sdata         0x0009b320       0x14 ../experiment2_bsp//libucosii_bsp.a(alt_dev.o)
                0x0009b320                alt_fs_list
                0x0009b328                alt_dev_list
                0x0009b330                alt_max_fd
 .sdata         0x0009b334        0x4 ../experiment2_bsp//libucosii_bsp.a(alt_errno.o)
                0x0009b334                alt_errno
 .sdata         0x0009b338        0x4 ../experiment2_bsp//libucosii_bsp.a(alt_irq_vars.o)
                0x0009b338                alt_priority_mask
 .sdata         0x0009b33c        0x4 ../experiment2_bsp//libucosii_bsp.a(alt_sbrk.o)
 .sdata         0x0009b340        0x4 ../experiment2_bsp//libucosii_bsp.a(alt_env_lock.o)
 .sdata         0x0009b344        0x4 ../experiment2_bsp//libucosii_bsp.a(alt_malloc_lock.o)
 .sdata         0x0009b348       0x74 ../experiment2_bsp//libucosii_bsp.a(os_dbg.o)
                0x0009b348                OSDebugEn
                0x0009b34c                OSEndiannessTest
                0x0009b350                OSEventEn
                0x0009b352                OSEventMax
                0x0009b354                OSEventNameSize
                0x0009b356                OSEventSize
                0x0009b358                OSEventTblSize
                0x0009b35a                OSEventMultiEn
                0x0009b35c                OSFlagEn
                0x0009b35e                OSFlagGrpSize
                0x0009b360                OSFlagNodeSize
                0x0009b362                OSFlagWidth
                0x0009b364                OSFlagMax
                0x0009b366                OSFlagNameSize
                0x0009b368                OSLowestPrio
                0x0009b36a                OSMboxEn
                0x0009b36c                OSMemEn
                0x0009b36e                OSMemMax
                0x0009b370                OSMemNameSize
                0x0009b372                OSMemSize
                0x0009b374                OSMemTblSize
                0x0009b376                OSMutexEn
                0x0009b378                OSPtrSize
                0x0009b37a                OSQEn
                0x0009b37c                OSQMax
                0x0009b37e                OSQSize
                0x0009b380                OSRdyTblSize
                0x0009b382                OSSemEn
                0x0009b384                OSStkWidth
                0x0009b386                OSTaskCreateEn
                0x0009b388                OSTaskCreateExtEn
                0x0009b38a                OSTaskDelEn
                0x0009b38c                OSTaskIdleStkSize
                0x0009b38e                OSTaskProfileEn
                0x0009b390                OSTaskMax
                0x0009b392                OSTaskNameSize
                0x0009b394                OSTaskStatEn
                0x0009b396                OSTaskStatStkSize
                0x0009b398                OSTaskStatStkChkEn
                0x0009b39a                OSTaskSwHookEn
                0x0009b39c                OSTCBPrioTblMax
                0x0009b39e                OSTCBSize
                0x0009b3a0                OSTicksPerSec
                0x0009b3a2                OSTimeTickHookEn
                0x0009b3a4                OSVersionNbr
                0x0009b3a6                OSTmrEn
                0x0009b3a8                OSTmrCfgMax
                0x0009b3aa                OSTmrCfgNameSize
                0x0009b3ac                OSTmrCfgWheelSize
                0x0009b3ae                OSTmrCfgTicksPerSec
                0x0009b3b0                OSTmrSize
                0x0009b3b2                OSTmrTblSize
                0x0009b3b4                OSTmrWheelSize
                0x0009b3b6                OSTmrWheelTblSize
                0x0009b3b8                OSDataSize
 .sdata         0x0009b3bc        0x8 ../experiment2_bsp//libucosii_bsp.a(alt_tick.o)
                0x0009b3bc                alt_alarm_list
 *(.sdata2 .sdata2.* .gnu.linkonce.s2.*)
                0x0009b3c4                . = ALIGN (0x4)
                0x0009b3c4                _edata = ABSOLUTE (.)
                0x0009b3c4                PROVIDE (edata, ABSOLUTE (.))
                0x0009b3c4                PROVIDE (__ram_rwdata_end, ABSOLUTE (.))
                0x0009b3c4                PROVIDE (__flash_rwdata_start, LOADADDR (.rwdata))

.bss            0x0009ced8     0xf7a0
                0x0009ced8                __bss_start = ABSOLUTE (.)
                0x0009ced8                PROVIDE (__sbss_start, ABSOLUTE (.))
                0x0009ced8                PROVIDE (___sbss_start, ABSOLUTE (.))
 *(.dynsbss)
 *(.sbss .sbss.* .gnu.linkonce.sb.*)
 .sbss          0x0009ced8        0xc /tools/altera/12.0/nios2eds/bin/gnu/H-i686-pc-linux-gnu/bin/../lib/gcc/nios2-elf/4.1.2/../../../../nios2-elf/lib/mno-hw-mul/libc.a(lib_a-locale.o)
                0x0009ced8                __nlocale_changed
                0x0009cedc                __mlocale_changed
                0x0009cee0                _PathLocale
 .sbss          0x0009cee4        0xc /tools/altera/12.0/nios2eds/bin/gnu/H-i686-pc-linux-gnu/bin/../lib/gcc/nios2-elf/4.1.2/../../../../nios2-elf/lib/mno-hw-mul/libc.a(lib_a-mallocr.o)
                0x0009cee4                __malloc_top_pad
                0x0009cee8                __malloc_max_sbrked_mem
                0x0009ceec                __malloc_max_total_mem
 .sbss          0x0009cef0        0x4 /tools/altera/12.0/nios2eds/bin/gnu/H-i686-pc-linux-gnu/bin/../lib/gcc/nios2-elf/4.1.2/../../../../nios2-elf/lib/mno-hw-mul/libc.a(lib_a-int_errno.o)
                0x0009cef0                errno
 .sbss          0x0009cef4        0x4 ../experiment2_bsp//libucosii_bsp.a(alt_dev.o)
                0x0009cef4                alt_fd_list_lock
 .sbss          0x0009cef8        0x4 ../experiment2_bsp//libucosii_bsp.a(alt_irq_vars.o)
                0x0009cef8                alt_irq_active
 .sbss          0x0009cefc        0xc ../experiment2_bsp//libucosii_bsp.a(alt_main.o)
                0x0009cefc                alt_argc
                0x0009cf00                alt_argv
                0x0009cf04                alt_envp
 .sbss          0x0009cf08        0x8 ../experiment2_bsp//libucosii_bsp.a(alt_env_lock.o)
                0x0009cf0c                alt_envsem
 .sbss          0x0009cf10        0x8 ../experiment2_bsp//libucosii_bsp.a(alt_malloc_lock.o)
                0x0009cf14                alt_heapsem
 .sbss          0x0009cf18       0x50 ../experiment2_bsp//libucosii_bsp.a(os_core.o)
                0x0009cf18                OSLockNesting
                0x0009cf19                OSRunning
                0x0009cf1c                OSIdleCtr
                0x0009cf20                OSPrioHighRdy
                0x0009cf21                OSPrioCur
                0x0009cf24                OSTCBList
                0x0009cf28                OSTickStepState
                0x0009cf2c                OSCtxSwCtr
                0x0009cf30                OSIdleCtrMax
                0x0009cf34                OSTCBFreeList
                0x0009cf38                OSCPUUsage
                0x0009cf39                OSTaskCtr
                0x0009cf3c                OSMemFreeList
                0x0009cf40                OSTCBHighRdy
                0x0009cf44                OSQFreeList
                0x0009cf48                OSRdyGrp
                0x0009cf49                OSRdyTbl
                0x0009cf4c                OSEventFreeList
                0x0009cf50                OSIntNesting
                0x0009cf54                OSTCBCur
                0x0009cf58                OSTime
                0x0009cf5c                OSFlagFreeList
                0x0009cf60                OSStatRdy
                0x0009cf64                OSIdleCtrRun
 .sbss          0x0009cf68        0x8 ../experiment2_bsp//libucosii_bsp.a(alt_tick.o)
                0x0009cf68                _alt_tick_rate
                0x0009cf6c                _alt_nticks
 *(.sbss2 .sbss2.* .gnu.linkonce.sb2.*)
 *(.scommon)
                0x0009cf70                PROVIDE (__sbss_end, ABSOLUTE (.))
                0x0009cf70                PROVIDE (___sbss_end, ABSOLUTE (.))
 *(.dynbss)
 *(.bss .bss.* .gnu.linkonce.b.*)
 .bss           0x0009cf70        0x0 ../experiment2_bsp//obj/HAL/src/crt0.o
 .bss           0x0009cf70        0x0 obj/default/PB_button.o
 .bss           0x0009cf70        0x0 obj/default/alt_ucosii_simple_error_check.o
 .bss           0x0009cf70        0x0 obj/default/experiment2.o
 .bss           0x0009cf70        0x0 obj/default/tasks.o
 .bss           0x0009cf70        0x0 /tools/altera/12.0/nios2eds/bin/gnu/H-i686-pc-linux-gnu/bin/../lib/gcc/nios2-elf/4.1.2/mno-hw-mul/libgcc.a(lib2-divmod.o)
 .bss           0x0009cf70        0x0 /tools/altera/12.0/nios2eds/bin/gnu/H-i686-pc-linux-gnu/bin/../lib/gcc/nios2-elf/4.1.2/mno-hw-mul/libgcc.a(lib2-mul.o)
 .bss           0x0009cf70        0x0 /tools/altera/12.0/nios2eds/bin/gnu/H-i686-pc-linux-gnu/bin/../lib/gcc/nios2-elf/4.1.2/../../../../nios2-elf/lib/mno-hw-mul/libc.a(lib_a-fprintf.o)
 .bss           0x0009cf70        0x0 /tools/altera/12.0/nios2eds/bin/gnu/H-i686-pc-linux-gnu/bin/../lib/gcc/nios2-elf/4.1.2/../../../../nios2-elf/lib/mno-hw-mul/libc.a(lib_a-fwrite.o)
 .bss           0x0009cf70        0x0 /tools/altera/12.0/nios2eds/bin/gnu/H-i686-pc-linux-gnu/bin/../lib/gcc/nios2-elf/4.1.2/../../../../nios2-elf/lib/mno-hw-mul/libc.a(lib_a-impure.o)
 .bss           0x0009cf70        0x0 /tools/altera/12.0/nios2eds/bin/gnu/H-i686-pc-linux-gnu/bin/../lib/gcc/nios2-elf/4.1.2/../../../../nios2-elf/lib/mno-hw-mul/libc.a(lib_a-printf.o)
 .bss           0x0009cf70        0x0 /tools/altera/12.0/nios2eds/bin/gnu/H-i686-pc-linux-gnu/bin/../lib/gcc/nios2-elf/4.1.2/../../../../nios2-elf/lib/mno-hw-mul/libc.a(lib_a-puts.o)
 .bss           0x0009cf70        0x0 /tools/altera/12.0/nios2eds/bin/gnu/H-i686-pc-linux-gnu/bin/../lib/gcc/nios2-elf/4.1.2/../../../../nios2-elf/lib/mno-hw-mul/libc.a(lib_a-rand.o)
 .bss           0x0009cf70        0x0 /tools/altera/12.0/nios2eds/bin/gnu/H-i686-pc-linux-gnu/bin/../lib/gcc/nios2-elf/4.1.2/../../../../nios2-elf/lib/mno-hw-mul/libc.a(lib_a-strlen.o)
 .bss           0x0009cf70        0x0 /tools/altera/12.0/nios2eds/bin/gnu/H-i686-pc-linux-gnu/bin/../lib/gcc/nios2-elf/4.1.2/../../../../nios2-elf/lib/mno-hw-mul/libc.a(lib_a-vfprintf.o)
 .bss           0x0009cf70        0x0 /tools/altera/12.0/nios2eds/bin/gnu/H-i686-pc-linux-gnu/bin/../lib/gcc/nios2-elf/4.1.2/../../../../nios2-elf/lib/mno-hw-mul/libc.a(lib_a-wsetup.o)
 .bss           0x0009cf70        0x0 /tools/altera/12.0/nios2eds/bin/gnu/H-i686-pc-linux-gnu/bin/../lib/gcc/nios2-elf/4.1.2/../../../../nios2-elf/lib/mno-hw-mul/libc.a(lib_a-dtoa.o)
 .bss           0x0009cf70        0x0 /tools/altera/12.0/nios2eds/bin/gnu/H-i686-pc-linux-gnu/bin/../lib/gcc/nios2-elf/4.1.2/../../../../nios2-elf/lib/mno-hw-mul/libc.a(lib_a-fflush.o)
 .bss           0x0009cf70        0x0 /tools/altera/12.0/nios2eds/bin/gnu/H-i686-pc-linux-gnu/bin/../lib/gcc/nios2-elf/4.1.2/../../../../nios2-elf/lib/mno-hw-mul/libc.a(lib_a-findfp.o)
 .bss           0x0009cf70        0x0 /tools/altera/12.0/nios2eds/bin/gnu/H-i686-pc-linux-gnu/bin/../lib/gcc/nios2-elf/4.1.2/../../../../nios2-elf/lib/mno-hw-mul/libc.a(lib_a-freer.o)
 .bss           0x0009cf70        0x0 /tools/altera/12.0/nios2eds/bin/gnu/H-i686-pc-linux-gnu/bin/../lib/gcc/nios2-elf/4.1.2/../../../../nios2-elf/lib/mno-hw-mul/libc.a(lib_a-fvwrite.o)
 .bss           0x0009cf70        0x0 /tools/altera/12.0/nios2eds/bin/gnu/H-i686-pc-linux-gnu/bin/../lib/gcc/nios2-elf/4.1.2/../../../../nios2-elf/lib/mno-hw-mul/libc.a(lib_a-fwalk.o)
 .bss           0x0009cf70        0x0 /tools/altera/12.0/nios2eds/bin/gnu/H-i686-pc-linux-gnu/bin/../lib/gcc/nios2-elf/4.1.2/../../../../nios2-elf/lib/mno-hw-mul/libc.a(lib_a-locale.o)
 .bss           0x0009cf70        0x0 /tools/altera/12.0/nios2eds/bin/gnu/H-i686-pc-linux-gnu/bin/../lib/gcc/nios2-elf/4.1.2/../../../../nios2-elf/lib/mno-hw-mul/libc.a(lib_a-makebuf.o)
 .bss           0x0009cf70       0x28 /tools/altera/12.0/nios2eds/bin/gnu/H-i686-pc-linux-gnu/bin/../lib/gcc/nios2-elf/4.1.2/../../../../nios2-elf/lib/mno-hw-mul/libc.a(lib_a-mallocr.o)
                0x0009cf70                __malloc_current_mallinfo
 .bss           0x0009cf98        0x0 /tools/altera/12.0/nios2eds/bin/gnu/H-i686-pc-linux-gnu/bin/../lib/gcc/nios2-elf/4.1.2/../../../../nios2-elf/lib/mno-hw-mul/libc.a(lib_a-memchr.o)
 .bss           0x0009cf98        0x0 /tools/altera/12.0/nios2eds/bin/gnu/H-i686-pc-linux-gnu/bin/../lib/gcc/nios2-elf/4.1.2/../../../../nios2-elf/lib/mno-hw-mul/libc.a(lib_a-memcpy.o)
 .bss           0x0009cf98        0x0 /tools/altera/12.0/nios2eds/bin/gnu/H-i686-pc-linux-gnu/bin/../lib/gcc/nios2-elf/4.1.2/../../../../nios2-elf/lib/mno-hw-mul/libc.a(lib_a-memmove.o)
 .bss           0x0009cf98        0x0 /tools/altera/12.0/nios2eds/bin/gnu/H-i686-pc-linux-gnu/bin/../lib/gcc/nios2-elf/4.1.2/../../../../nios2-elf/lib/mno-hw-mul/libc.a(lib_a-memset.o)
 .bss           0x0009cf98        0x0 /tools/altera/12.0/nios2eds/bin/gnu/H-i686-pc-linux-gnu/bin/../lib/gcc/nios2-elf/4.1.2/../../../../nios2-elf/lib/mno-hw-mul/libc.a(lib_a-mprec.o)
 .bss           0x0009cf98        0x0 /tools/altera/12.0/nios2eds/bin/gnu/H-i686-pc-linux-gnu/bin/../lib/gcc/nios2-elf/4.1.2/../../../../nios2-elf/lib/mno-hw-mul/libc.a(lib_a-reallocr.o)
 .bss           0x0009cf98        0x0 /tools/altera/12.0/nios2eds/bin/gnu/H-i686-pc-linux-gnu/bin/../lib/gcc/nios2-elf/4.1.2/../../../../nios2-elf/lib/mno-hw-mul/libc.a(lib_a-s_isinfd.o)
 .bss           0x0009cf98        0x0 /tools/altera/12.0/nios2eds/bin/gnu/H-i686-pc-linux-gnu/bin/../lib/gcc/nios2-elf/4.1.2/../../../../nios2-elf/lib/mno-hw-mul/libc.a(lib_a-s_isnand.o)
 .bss           0x0009cf98        0x0 /tools/altera/12.0/nios2eds/bin/gnu/H-i686-pc-linux-gnu/bin/../lib/gcc/nios2-elf/4.1.2/../../../../nios2-elf/lib/mno-hw-mul/libc.a(lib_a-sbrkr.o)
 .bss           0x0009cf98        0x0 /tools/altera/12.0/nios2eds/bin/gnu/H-i686-pc-linux-gnu/bin/../lib/gcc/nios2-elf/4.1.2/../../../../nios2-elf/lib/mno-hw-mul/libc.a(lib_a-stdio.o)
 .bss           0x0009cf98        0x0 /tools/altera/12.0/nios2eds/bin/gnu/H-i686-pc-linux-gnu/bin/../lib/gcc/nios2-elf/4.1.2/../../../../nios2-elf/lib/mno-hw-mul/libc.a(lib_a-strcmp.o)
 .bss           0x0009cf98        0x0 /tools/altera/12.0/nios2eds/bin/gnu/H-i686-pc-linux-gnu/bin/../lib/gcc/nios2-elf/4.1.2/../../../../nios2-elf/lib/mno-hw-mul/libc.a(lib_a-writer.o)
 .bss           0x0009cf98        0x0 /tools/altera/12.0/nios2eds/bin/gnu/H-i686-pc-linux-gnu/bin/../lib/gcc/nios2-elf/4.1.2/../../../../nios2-elf/lib/mno-hw-mul/libc.a(lib_a-callocr.o)
 .bss           0x0009cf98        0x0 /tools/altera/12.0/nios2eds/bin/gnu/H-i686-pc-linux-gnu/bin/../lib/gcc/nios2-elf/4.1.2/../../../../nios2-elf/lib/mno-hw-mul/libc.a(lib_a-closer.o)
 .bss           0x0009cf98        0x0 /tools/altera/12.0/nios2eds/bin/gnu/H-i686-pc-linux-gnu/bin/../lib/gcc/nios2-elf/4.1.2/../../../../nios2-elf/lib/mno-hw-mul/libc.a(lib_a-fclose.o)
 .bss           0x0009cf98        0x0 /tools/altera/12.0/nios2eds/bin/gnu/H-i686-pc-linux-gnu/bin/../lib/gcc/nios2-elf/4.1.2/../../../../nios2-elf/lib/mno-hw-mul/libc.a(lib_a-fstatr.o)
 .bss           0x0009cf98        0x0 /tools/altera/12.0/nios2eds/bin/gnu/H-i686-pc-linux-gnu/bin/../lib/gcc/nios2-elf/4.1.2/../../../../nios2-elf/lib/mno-hw-mul/libc.a(lib_a-int_errno.o)
 .bss           0x0009cf98        0x0 /tools/altera/12.0/nios2eds/bin/gnu/H-i686-pc-linux-gnu/bin/../lib/gcc/nios2-elf/4.1.2/../../../../nios2-elf/lib/mno-hw-mul/libc.a(lib_a-isattyr.o)
 .bss           0x0009cf98        0x0 /tools/altera/12.0/nios2eds/bin/gnu/H-i686-pc-linux-gnu/bin/../lib/gcc/nios2-elf/4.1.2/../../../../nios2-elf/lib/mno-hw-mul/libc.a(lib_a-lseekr.o)
 .bss           0x0009cf98        0x0 /tools/altera/12.0/nios2eds/bin/gnu/H-i686-pc-linux-gnu/bin/../lib/gcc/nios2-elf/4.1.2/../../../../nios2-elf/lib/mno-hw-mul/libc.a(lib_a-readr.o)
 .bss           0x0009cf98        0x0 /tools/altera/12.0/nios2eds/bin/gnu/H-i686-pc-linux-gnu/bin/../lib/gcc/nios2-elf/4.1.2/mno-hw-mul/libgcc.a(_muldi3.o)
 .bss           0x0009cf98        0x0 /tools/altera/12.0/nios2eds/bin/gnu/H-i686-pc-linux-gnu/bin/../lib/gcc/nios2-elf/4.1.2/mno-hw-mul/libgcc.a(_udivdi3.o)
 .bss           0x0009cf98        0x0 /tools/altera/12.0/nios2eds/bin/gnu/H-i686-pc-linux-gnu/bin/../lib/gcc/nios2-elf/4.1.2/mno-hw-mul/libgcc.a(_umoddi3.o)
 .bss           0x0009cf98        0x0 /tools/altera/12.0/nios2eds/bin/gnu/H-i686-pc-linux-gnu/bin/../lib/gcc/nios2-elf/4.1.2/mno-hw-mul/libgcc.a(_addsub_df.o)
 .bss           0x0009cf98        0x0 /tools/altera/12.0/nios2eds/bin/gnu/H-i686-pc-linux-gnu/bin/../lib/gcc/nios2-elf/4.1.2/mno-hw-mul/libgcc.a(_mul_df.o)
 .bss           0x0009cf98        0x0 /tools/altera/12.0/nios2eds/bin/gnu/H-i686-pc-linux-gnu/bin/../lib/gcc/nios2-elf/4.1.2/mno-hw-mul/libgcc.a(_div_df.o)
 .bss           0x0009cf98        0x0 /tools/altera/12.0/nios2eds/bin/gnu/H-i686-pc-linux-gnu/bin/../lib/gcc/nios2-elf/4.1.2/mno-hw-mul/libgcc.a(_eq_df.o)
 .bss           0x0009cf98        0x0 /tools/altera/12.0/nios2eds/bin/gnu/H-i686-pc-linux-gnu/bin/../lib/gcc/nios2-elf/4.1.2/mno-hw-mul/libgcc.a(_ne_df.o)
 .bss           0x0009cf98        0x0 /tools/altera/12.0/nios2eds/bin/gnu/H-i686-pc-linux-gnu/bin/../lib/gcc/nios2-elf/4.1.2/mno-hw-mul/libgcc.a(_gt_df.o)
 .bss           0x0009cf98        0x0 /tools/altera/12.0/nios2eds/bin/gnu/H-i686-pc-linux-gnu/bin/../lib/gcc/nios2-elf/4.1.2/mno-hw-mul/libgcc.a(_ge_df.o)
 .bss           0x0009cf98        0x0 /tools/altera/12.0/nios2eds/bin/gnu/H-i686-pc-linux-gnu/bin/../lib/gcc/nios2-elf/4.1.2/mno-hw-mul/libgcc.a(_lt_df.o)
 .bss           0x0009cf98        0x0 /tools/altera/12.0/nios2eds/bin/gnu/H-i686-pc-linux-gnu/bin/../lib/gcc/nios2-elf/4.1.2/mno-hw-mul/libgcc.a(_si_to_df.o)
 .bss           0x0009cf98        0x0 /tools/altera/12.0/nios2eds/bin/gnu/H-i686-pc-linux-gnu/bin/../lib/gcc/nios2-elf/4.1.2/mno-hw-mul/libgcc.a(_df_to_si.o)
 .bss           0x0009cf98        0x0 /tools/altera/12.0/nios2eds/bin/gnu/H-i686-pc-linux-gnu/bin/../lib/gcc/nios2-elf/4.1.2/mno-hw-mul/libgcc.a(_thenan_df.o)
 .bss           0x0009cf98        0x0 /tools/altera/12.0/nios2eds/bin/gnu/H-i686-pc-linux-gnu/bin/../lib/gcc/nios2-elf/4.1.2/mno-hw-mul/libgcc.a(_usi_to_df.o)
 .bss           0x0009cf98        0x0 /tools/altera/12.0/nios2eds/bin/gnu/H-i686-pc-linux-gnu/bin/../lib/gcc/nios2-elf/4.1.2/mno-hw-mul/libgcc.a(_clz.o)
 .bss           0x0009cf98        0x0 /tools/altera/12.0/nios2eds/bin/gnu/H-i686-pc-linux-gnu/bin/../lib/gcc/nios2-elf/4.1.2/mno-hw-mul/libgcc.a(_clzsi2.o)
 .bss           0x0009cf98        0x0 /tools/altera/12.0/nios2eds/bin/gnu/H-i686-pc-linux-gnu/bin/../lib/gcc/nios2-elf/4.1.2/mno-hw-mul/libgcc.a(_pack_df.o)
 .bss           0x0009cf98        0x0 /tools/altera/12.0/nios2eds/bin/gnu/H-i686-pc-linux-gnu/bin/../lib/gcc/nios2-elf/4.1.2/mno-hw-mul/libgcc.a(_unpack_df.o)
 .bss           0x0009cf98        0x0 /tools/altera/12.0/nios2eds/bin/gnu/H-i686-pc-linux-gnu/bin/../lib/gcc/nios2-elf/4.1.2/mno-hw-mul/libgcc.a(_fpcmp_parts_df.o)
 .bss           0x0009cf98        0x0 ../experiment2_bsp//libucosii_bsp.a(alt_close.o)
 .bss           0x0009cf98        0x0 ../experiment2_bsp//libucosii_bsp.a(alt_dev.o)
 .bss           0x0009cf98        0x0 ../experiment2_bsp//libucosii_bsp.a(alt_errno.o)
 .bss           0x0009cf98        0x0 ../experiment2_bsp//libucosii_bsp.a(alt_fstat.o)
 .bss           0x0009cf98        0x0 ../experiment2_bsp//libucosii_bsp.a(alt_irq_register.o)
 .bss           0x0009cf98        0x0 ../experiment2_bsp//libucosii_bsp.a(alt_irq_vars.o)
 .bss           0x0009cf98        0x0 ../experiment2_bsp//libucosii_bsp.a(alt_isatty.o)
 .bss           0x0009cf98        0x0 ../experiment2_bsp//libucosii_bsp.a(alt_load.o)
 .bss           0x0009cf98        0x0 ../experiment2_bsp//libucosii_bsp.a(alt_lseek.o)
 .bss           0x0009cf98        0x0 ../experiment2_bsp//libucosii_bsp.a(alt_main.o)
 .bss           0x0009cf98        0x0 ../experiment2_bsp//libucosii_bsp.a(alt_printf.o)
 .bss           0x0009cf98        0x0 ../experiment2_bsp//libucosii_bsp.a(alt_putchar.o)
 .bss           0x0009cf98        0x0 ../experiment2_bsp//libucosii_bsp.a(alt_read.o)
 .bss           0x0009cf98        0x0 ../experiment2_bsp//libucosii_bsp.a(alt_release_fd.o)
 .bss           0x0009cf98        0x0 ../experiment2_bsp//libucosii_bsp.a(alt_sbrk.o)
 .bss           0x0009cf98        0x0 ../experiment2_bsp//libucosii_bsp.a(alt_write.o)
 .bss           0x0009cf98        0x0 ../experiment2_bsp//libucosii_bsp.a(alt_env_lock.o)
 .bss           0x0009cf98        0x0 ../experiment2_bsp//libucosii_bsp.a(alt_malloc_lock.o)
 .bss           0x0009cf98        0x0 ../experiment2_bsp//libucosii_bsp.a(os_core.o)
 .bss           0x0009cf98        0x0 ../experiment2_bsp//libucosii_bsp.a(os_dbg.o)
 .bss           0x0009cf98        0x0 ../experiment2_bsp//libucosii_bsp.a(os_flag.o)
 .bss           0x0009cf98        0x0 ../experiment2_bsp//libucosii_bsp.a(os_mem.o)
 .bss           0x0009cf98        0x0 ../experiment2_bsp//libucosii_bsp.a(os_q.o)
 .bss           0x0009cf98        0x0 ../experiment2_bsp//libucosii_bsp.a(os_sem.o)
 .bss           0x0009cf98        0x0 ../experiment2_bsp//libucosii_bsp.a(os_task.o)
 .bss           0x0009cf98        0x0 ../experiment2_bsp//libucosii_bsp.a(os_time.o)
 .bss           0x0009cf98        0x0 ../experiment2_bsp//libucosii_bsp.a(alt_sys_init.o)
 .bss           0x0009cf98        0x0 ../experiment2_bsp//libucosii_bsp.a(altera_avalon_jtag_uart_fd.o)
 .bss           0x0009cf98        0x0 ../experiment2_bsp//libucosii_bsp.a(altera_avalon_jtag_uart_init.o)
 .bss           0x0009cf98        0x0 ../experiment2_bsp//libucosii_bsp.a(altera_avalon_jtag_uart_ioctl.o)
 .bss           0x0009cf98        0x0 ../experiment2_bsp//libucosii_bsp.a(altera_avalon_jtag_uart_read.o)
 .bss           0x0009cf98        0x0 ../experiment2_bsp//libucosii_bsp.a(altera_avalon_jtag_uart_write.o)
 .bss           0x0009cf98        0x0 ../experiment2_bsp//libucosii_bsp.a(altera_avalon_timer_sc.o)
 .bss           0x0009cf98        0x0 ../experiment2_bsp//libucosii_bsp.a(altera_up_avalon_character_lcd.o)
 .bss           0x0009cf98        0x0 ../experiment2_bsp//libucosii_bsp.a(alt_alarm_start.o)
 .bss           0x0009cf98        0x0 ../experiment2_bsp//libucosii_bsp.a(alt_dcache_flush_all.o)
 .bss           0x0009cf98        0x0 ../experiment2_bsp//libucosii_bsp.a(alt_dev_llist_insert.o)
 .bss           0x0009cf98        0x0 ../experiment2_bsp//libucosii_bsp.a(alt_do_ctors.o)
 .bss           0x0009cf98        0x0 ../experiment2_bsp//libucosii_bsp.a(alt_do_dtors.o)
 .bss           0x0009cf98        0x0 ../experiment2_bsp//libucosii_bsp.a(alt_find_dev.o)
 .bss           0x0009cf98        0x0 ../experiment2_bsp//libucosii_bsp.a(alt_icache_flush_all.o)
 .bss           0x0009cf98        0x0 ../experiment2_bsp//libucosii_bsp.a(alt_iic.o)
 .bss           0x0009cf98        0x0 ../experiment2_bsp//libucosii_bsp.a(alt_iic_isr_register.o)
 .bss           0x0009cf98        0x0 ../experiment2_bsp//libucosii_bsp.a(alt_io_redirect.o)
 .bss           0x0009cf98        0x0 ../experiment2_bsp//libucosii_bsp.a(alt_irq_entry.o)
 .bss           0x0009cf98        0x0 ../experiment2_bsp//libucosii_bsp.a(alt_irq_handler.o)
 .bss           0x0009cf98        0x0 ../experiment2_bsp//libucosii_bsp.a(alt_open.o)
 .bss           0x0009cf98        0x0 ../experiment2_bsp//libucosii_bsp.a(alt_tick.o)
 .bss           0x0009cf98        0x0 ../experiment2_bsp//libucosii_bsp.a(altera_nios2_qsys_irq.o)
 .bss           0x0009cf98        0x0 ../experiment2_bsp//libucosii_bsp.a(os_cpu_a.o)
 .bss           0x0009cf98        0x0 ../experiment2_bsp//libucosii_bsp.a(os_cpu_c.o)
 .bss           0x0009cf98        0x0 ../experiment2_bsp//libucosii_bsp.a(alt_exception_entry.o)
 .bss           0x0009cf98        0x0 ../experiment2_bsp//libucosii_bsp.a(alt_find_file.o)
 .bss           0x0009cf98        0x0 ../experiment2_bsp//libucosii_bsp.a(alt_get_fd.o)
 .bss           0x0009cf98        0x0 /tools/altera/12.0/nios2eds/bin/gnu/H-i686-pc-linux-gnu/bin/../lib/gcc/nios2-elf/4.1.2/../../../../nios2-elf/lib/mno-hw-mul/libc.a(lib_a-atexit.o)
 .bss           0x0009cf98        0x0 /tools/altera/12.0/nios2eds/bin/gnu/H-i686-pc-linux-gnu/bin/../lib/gcc/nios2-elf/4.1.2/../../../../nios2-elf/lib/mno-hw-mul/libc.a(lib_a-exit.o)
 .bss           0x0009cf98        0x0 /tools/altera/12.0/nios2eds/bin/gnu/H-i686-pc-linux-gnu/bin/../lib/gcc/nios2-elf/4.1.2/../../../../nios2-elf/lib/mno-hw-mul/libc.a(lib_a-memcmp.o)
 .bss           0x0009cf98        0x0 /tools/altera/12.0/nios2eds/bin/gnu/H-i686-pc-linux-gnu/bin/../lib/gcc/nios2-elf/4.1.2/../../../../nios2-elf/lib/mno-hw-mul/libc.a(lib_a-putc.o)
 .bss           0x0009cf98        0x0 /tools/altera/12.0/nios2eds/bin/gnu/H-i686-pc-linux-gnu/bin/../lib/gcc/nios2-elf/4.1.2/../../../../nios2-elf/lib/mno-hw-mul/libc.a(lib_a-wbuf.o)
 .bss           0x0009cf98        0x0 /tools/altera/12.0/nios2eds/bin/gnu/H-i686-pc-linux-gnu/bin/../lib/gcc/nios2-elf/4.1.2/../../../../nios2-elf/lib/mno-hw-mul/libc.a(lib_a-__atexit.o)
 .bss           0x0009cf98        0x0 /tools/altera/12.0/nios2eds/bin/gnu/H-i686-pc-linux-gnu/bin/../lib/gcc/nios2-elf/4.1.2/../../../../nios2-elf/lib/mno-hw-mul/libc.a(lib_a-__call_atexit.o)
 .bss           0x0009cf98        0x0 ../experiment2_bsp//libucosii_bsp.a(alt_exit.o)
 *(COMMON)
 COMMON         0x0009cf98     0xc22c obj/default/tasks.o
                0x0009cf98                custom_scheduler_stk
                0x0009ef98                periodic_task_stk
                0x000a6f98                PBSemaphore
                0x000a6fa8                custom_scheduler_tcb
                0x000a7014                periodic_task_tcb
                0x000a71c4                initialize_task_stk
 COMMON         0x000a91c4     0x3224 ../experiment2_bsp//libucosii_bsp.a(os_core.o)
                0x000a91c4                OSFlagTbl
                0x000a9534                OSMemTbl
                0x000aa164                OSTaskStatStk
                0x000aa964                OSQTbl
                0x000aab44                OSTaskIdleStk
                0x000ab344                OSEventTbl
                0x000abe84                OSTCBTbl
                0x000ac394                OSTCBPrioTbl
 COMMON         0x000ac3e8      0x100 ../experiment2_bsp//libucosii_bsp.a(alt_irq_handler.o)
                0x000ac3e8                alt_irq
 COMMON         0x000ac4e8      0x190 /tools/altera/12.0/nios2eds/bin/gnu/H-i686-pc-linux-gnu/bin/../lib/gcc/nios2-elf/4.1.2/../../../../nios2-elf/lib/mno-hw-mul/libc.a(lib_a-atexit.o)
                0x000ac4e8                _atexit0
                0x000ac678                . = ALIGN (0x4)
                0x000ac678                __bss_end = ABSOLUTE (.)

.sram_0         0x000ac678        0x0
                0x000ac678                PROVIDE (_alt_partition_sram_0_start, ABSOLUTE (.))
 *(.sram_0. sram_0.*)
                0x000ac678                . = ALIGN (0x4)
                0x000ac678                PROVIDE (_alt_partition_sram_0_end, ABSOLUTE (.))
                0x000ac678                _end = ABSOLUTE (.)
                0x000ac678                end = ABSOLUTE (.)
                0x000ac678                __alt_stack_base = ABSOLUTE (.)
                0x000ac678                PROVIDE (_alt_partition_sram_0_load_addr, LOADADDR (.sram_0))

.stab
 *(.stab)

.stabstr
 *(.stabstr)

.stab.excl
 *(.stab.excl)

.stab.exclstr
 *(.stab.exclstr)

.stab.index
 *(.stab.index)

.stab.indexstr
 *(.stab.indexstr)

.comment        0x00000000       0x23
 *(.comment)
 .comment       0x00000000       0x23 obj/default/PB_button.o
                                 0x24 (size before relaxing)
 .comment       0x00000000       0x24 obj/default/alt_ucosii_simple_error_check.o
 .comment       0x00000000       0x24 obj/default/experiment2.o
 .comment       0x00000000       0x24 obj/default/tasks.o
 .comment       0x00000000       0x24 /tools/altera/12.0/nios2eds/bin/gnu/H-i686-pc-linux-gnu/bin/../lib/gcc/nios2-elf/4.1.2/mno-hw-mul/libgcc.a(lib2-divmod.o)
 .comment       0x00000000       0x24 /tools/altera/12.0/nios2eds/bin/gnu/H-i686-pc-linux-gnu/bin/../lib/gcc/nios2-elf/4.1.2/mno-hw-mul/libgcc.a(lib2-mul.o)
 .comment       0x00000000       0x24 /tools/altera/12.0/nios2eds/bin/gnu/H-i686-pc-linux-gnu/bin/../lib/gcc/nios2-elf/4.1.2/../../../../nios2-elf/lib/mno-hw-mul/libc.a(lib_a-fprintf.o)
 .comment       0x00000000       0x24 /tools/altera/12.0/nios2eds/bin/gnu/H-i686-pc-linux-gnu/bin/../lib/gcc/nios2-elf/4.1.2/../../../../nios2-elf/lib/mno-hw-mul/libc.a(lib_a-fwrite.o)
 .comment       0x00000000       0x24 /tools/altera/12.0/nios2eds/bin/gnu/H-i686-pc-linux-gnu/bin/../lib/gcc/nios2-elf/4.1.2/../../../../nios2-elf/lib/mno-hw-mul/libc.a(lib_a-impure.o)
 .comment       0x00000000       0x24 /tools/altera/12.0/nios2eds/bin/gnu/H-i686-pc-linux-gnu/bin/../lib/gcc/nios2-elf/4.1.2/../../../../nios2-elf/lib/mno-hw-mul/libc.a(lib_a-printf.o)
 .comment       0x00000000       0x24 /tools/altera/12.0/nios2eds/bin/gnu/H-i686-pc-linux-gnu/bin/../lib/gcc/nios2-elf/4.1.2/../../../../nios2-elf/lib/mno-hw-mul/libc.a(lib_a-puts.o)
 .comment       0x00000000       0x24 /tools/altera/12.0/nios2eds/bin/gnu/H-i686-pc-linux-gnu/bin/../lib/gcc/nios2-elf/4.1.2/../../../../nios2-elf/lib/mno-hw-mul/libc.a(lib_a-rand.o)
 .comment       0x00000000       0x24 /tools/altera/12.0/nios2eds/bin/gnu/H-i686-pc-linux-gnu/bin/../lib/gcc/nios2-elf/4.1.2/../../../../nios2-elf/lib/mno-hw-mul/libc.a(lib_a-strlen.o)
 .comment       0x00000000       0x24 /tools/altera/12.0/nios2eds/bin/gnu/H-i686-pc-linux-gnu/bin/../lib/gcc/nios2-elf/4.1.2/../../../../nios2-elf/lib/mno-hw-mul/libc.a(lib_a-vfprintf.o)
 .comment       0x00000000       0x24 /tools/altera/12.0/nios2eds/bin/gnu/H-i686-pc-linux-gnu/bin/../lib/gcc/nios2-elf/4.1.2/../../../../nios2-elf/lib/mno-hw-mul/libc.a(lib_a-wsetup.o)
 .comment       0x00000000       0x24 /tools/altera/12.0/nios2eds/bin/gnu/H-i686-pc-linux-gnu/bin/../lib/gcc/nios2-elf/4.1.2/../../../../nios2-elf/lib/mno-hw-mul/libc.a(lib_a-dtoa.o)
 .comment       0x00000000       0x24 /tools/altera/12.0/nios2eds/bin/gnu/H-i686-pc-linux-gnu/bin/../lib/gcc/nios2-elf/4.1.2/../../../../nios2-elf/lib/mno-hw-mul/libc.a(lib_a-fflush.o)
 .comment       0x00000000       0x24 /tools/altera/12.0/nios2eds/bin/gnu/H-i686-pc-linux-gnu/bin/../lib/gcc/nios2-elf/4.1.2/../../../../nios2-elf/lib/mno-hw-mul/libc.a(lib_a-findfp.o)
 .comment       0x00000000       0x24 /tools/altera/12.0/nios2eds/bin/gnu/H-i686-pc-linux-gnu/bin/../lib/gcc/nios2-elf/4.1.2/../../../../nios2-elf/lib/mno-hw-mul/libc.a(lib_a-freer.o)
 .comment       0x00000000       0x24 /tools/altera/12.0/nios2eds/bin/gnu/H-i686-pc-linux-gnu/bin/../lib/gcc/nios2-elf/4.1.2/../../../../nios2-elf/lib/mno-hw-mul/libc.a(lib_a-fvwrite.o)
 .comment       0x00000000       0x24 /tools/altera/12.0/nios2eds/bin/gnu/H-i686-pc-linux-gnu/bin/../lib/gcc/nios2-elf/4.1.2/../../../../nios2-elf/lib/mno-hw-mul/libc.a(lib_a-fwalk.o)
 .comment       0x00000000       0x24 /tools/altera/12.0/nios2eds/bin/gnu/H-i686-pc-linux-gnu/bin/../lib/gcc/nios2-elf/4.1.2/../../../../nios2-elf/lib/mno-hw-mul/libc.a(lib_a-locale.o)