Archive member included because of file (symbol)

/tools/altera/12.0/nios2eds/bin/gnu/H-i686-pc-linux-gnu/bin/../lib/gcc/nios2-elf/4.1.2/../../../../nios2-elf/lib/mno-hw-mul/libc.a(lib_a-fprintf.o)
                              obj/default/alt_ucosii_simple_error_check.o (fprintf)
/tools/altera/12.0/nios2eds/bin/gnu/H-i686-pc-linux-gnu/bin/../lib/gcc/nios2-elf/4.1.2/../../../../nios2-elf/lib/mno-hw-mul/libc.a(lib_a-fwrite.o)
                              obj/default/alt_ucosii_simple_error_check.o (fwrite)
/tools/altera/12.0/nios2eds/bin/gnu/H-i686-pc-linux-gnu/bin/../lib/gcc/nios2-elf/4.1.2/../../../../nios2-elf/lib/mno-hw-mul/libc.a(lib_a-impure.o)
                              obj/default/alt_ucosii_simple_error_check.o (_impure_ptr)
/tools/altera/12.0/nios2eds/bin/gnu/H-i686-pc-linux-gnu/bin/../lib/gcc/nios2-elf/4.1.2/../../../../nios2-elf/lib/mno-hw-mul/libc.a(lib_a-putchar.o)
                              obj/default/tasks.o (putchar)
/tools/altera/12.0/nios2eds/bin/gnu/H-i686-pc-linux-gnu/bin/../lib/gcc/nios2-elf/4.1.2/../../../../nios2-elf/lib/mno-hw-mul/libc.a(lib_a-puts.o)
                              obj/default/alt_ucosii_simple_error_check.o (puts)
/tools/altera/12.0/nios2eds/bin/gnu/H-i686-pc-linux-gnu/bin/../lib/gcc/nios2-elf/4.1.2/../../../../nios2-elf/lib/mno-hw-mul/libc.a(lib_a-strlen.o)
                              /tools/altera/12.0/nios2eds/bin/gnu/H-i686-pc-linux-gnu/bin/../lib/gcc/nios2-elf/4.1.2/../../../../nios2-elf/lib/mno-hw-mul/libc.a(lib_a-puts.o) (strlen)
/tools/altera/12.0/nios2eds/bin/gnu/H-i686-pc-linux-gnu/bin/../lib/gcc/nios2-elf/4.1.2/../../../../nios2-elf/lib/mno-hw-mul/libc.a(lib_a-vfprintf.o)
                              /tools/altera/12.0/nios2eds/bin/gnu/H-i686-pc-linux-gnu/bin/../lib/gcc/nios2-elf/4.1.2/../../../../nios2-elf/lib/mno-hw-mul/libc.a(lib_a-fprintf.o) (__vfprintf_internal)
/tools/altera/12.0/nios2eds/bin/gnu/H-i686-pc-linux-gnu/bin/../lib/gcc/nios2-elf/4.1.2/../../../../nios2-elf/lib/mno-hw-mul/libc.a(lib_a-wsetup.o)
                              /tools/altera/12.0/nios2eds/bin/gnu/H-i686-pc-linux-gnu/bin/../lib/gcc/nios2-elf/4.1.2/../../../../nios2-elf/lib/mno-hw-mul/libc.a(lib_a-vfprintf.o) (__swsetup_r)
/tools/altera/12.0/nios2eds/bin/gnu/H-i686-pc-linux-gnu/bin/../lib/gcc/nios2-elf/4.1.2/../../../../nios2-elf/lib/mno-hw-mul/libc.a(lib_a-dtoa.o)
                              /tools/altera/12.0/nios2eds/bin/gnu/H-i686-pc-linux-gnu/bin/../lib/gcc/nios2-elf/4.1.2/../../../../nios2-elf/lib/mno-hw-mul/libc.a(lib_a-vfprintf.o) (_dtoa_r)
/tools/altera/12.0/nios2eds/bin/gnu/H-i686-pc-linux-gnu/bin/../lib/gcc/nios2-elf/4.1.2/../../../../nios2-elf/lib/mno-hw-mul/libc.a(lib_a-fflush.o)
                              /tools/altera/12.0/nios2eds/bin/gnu/H-i686-pc-linux-gnu/bin/../lib/gcc/nios2-elf/4.1.2/../../../../nios2-elf/lib/mno-hw-mul/libc.a(lib_a-vfprintf.o) (_fflush_r)
/tools/altera/12.0/nios2eds/bin/gnu/H-i686-pc-linux-gnu/bin/../lib/gcc/nios2-elf/4.1.2/../../../../nios2-elf/lib/mno-hw-mul/libc.a(lib_a-findfp.o)
                              /tools/altera/12.0/nios2eds/bin/gnu/H-i686-pc-linux-gnu/bin/../lib/gcc/nios2-elf/4.1.2/../../../../nios2-elf/lib/mno-hw-mul/libc.a(lib_a-fwrite.o) (__sinit)
/tools/altera/12.0/nios2eds/bin/gnu/H-i686-pc-linux-gnu/bin/../lib/gcc/nios2-elf/4.1.2/../../../../nios2-elf/lib/mno-hw-mul/libc.a(lib_a-freer.o)
                              /tools/altera/12.0/nios2eds/bin/gnu/H-i686-pc-linux-gnu/bin/../lib/gcc/nios2-elf/4.1.2/../../../../nios2-elf/lib/mno-hw-mul/libc.a(lib_a-wsetup.o) (_free_r)
/tools/altera/12.0/nios2eds/bin/gnu/H-i686-pc-linux-gnu/bin/../lib/gcc/nios2-elf/4.1.2/../../../../nios2-elf/lib/mno-hw-mul/libc.a(lib_a-fvwrite.o)
                              /tools/altera/12.0/nios2eds/bin/gnu/H-i686-pc-linux-gnu/bin/../lib/gcc/nios2-elf/4.1.2/../../../../nios2-elf/lib/mno-hw-mul/libc.a(lib_a-fwrite.o) (__sfvwrite_r)
/tools/altera/12.0/nios2eds/bin/gnu/H-i686-pc-linux-gnu/bin/../lib/gcc/nios2-elf/4.1.2/../../../../nios2-elf/lib/mno-hw-mul/libc.a(lib_a-fwalk.o)
                              /tools/altera/12.0/nios2eds/bin/gnu/H-i686-pc-linux-gnu/bin/../lib/gcc/nios2-elf/4.1.2/../../../../nios2-elf/lib/mno-hw-mul/libc.a(lib_a-fflush.o) (_fwalk_reent)
/tools/altera/12.0/nios2eds/bin/gnu/H-i686-pc-linux-gnu/bin/../lib/gcc/nios2-elf/4.1.2/../../../../nios2-elf/lib/mno-hw-mul/libc.a(lib_a-locale.o)
                              /tools/altera/12.0/nios2eds/bin/gnu/H-i686-pc-linux-gnu/bin/../lib/gcc/nios2-elf/4.1.2/../../../../nios2-elf/lib/mno-hw-mul/libc.a(lib_a-vfprintf.o) (_localeconv_r)
/tools/altera/12.0/nios2eds/bin/gnu/H-i686-pc-linux-gnu/bin/../lib/gcc/nios2-elf/4.1.2/../../../../nios2-elf/lib/mno-hw-mul/libc.a(lib_a-makebuf.o)
                              /tools/altera/12.0/nios2eds/bin/gnu/H-i686-pc-linux-gnu/bin/../lib/gcc/nios2-elf/4.1.2/../../../../nios2-elf/lib/mno-hw-mul/libc.a(lib_a-wsetup.o) (__smakebuf_r)
[...]
Memory Configuration

Name             Origin             Length             Attributes
reset            0x00080000         0x00000020
sram_0           0x00080020         0x0007ffe0
*default*        0x00000000         0xffffffff

Linker script and memory map

LOAD ../experiment3_bsp//obj/HAL/src/crt0.o
LOAD obj/default/PB_button.o
LOAD obj/default/alt_ucosii_simple_error_check.o
LOAD obj/default/experiment3.o
LOAD obj/default/tasks.o
LOAD /tools/altera/12.0/nios2eds/bin/gnu/H-i686-pc-linux-gnu/bin/../lib/gcc/nios2-elf/4.1.2/../../../../nios2-elf/lib/mno-hw-mul/libstdc++.a
LOAD /tools/altera/12.0/nios2eds/bin/gnu/H-i686-pc-linux-gnu/bin/../lib/gcc/nios2-elf/4.1.2/../../../../nios2-elf/lib/mno-hw-mul/libm.a
LOAD /tools/altera/12.0/nios2eds/bin/gnu/H-i686-pc-linux-gnu/bin/../lib/gcc/nios2-elf/4.1.2/mno-hw-mul/libgcc.a
START GROUP
LOAD /tools/altera/12.0/nios2eds/bin/gnu/H-i686-pc-linux-gnu/bin/../lib/gcc/nios2-elf/4.1.2/../../../../nios2-elf/lib/mno-hw-mul/libc.a
LOAD /tools/altera/12.0/nios2eds/bin/gnu/H-i686-pc-linux-gnu/bin/../lib/gcc/nios2-elf/4.1.2/mno-hw-mul/libgcc.a
LOAD ../experiment3_bsp//libucosii_bsp.a
END GROUP
LOAD /tools/altera/12.0/nios2eds/bin/gnu/H-i686-pc-linux-gnu/bin/../lib/gcc/nios2-elf/4.1.2/mno-hw-mul/libgcc.a
                0x00080000                __alt_mem_sram_0 = 0x80000

.entry          0x00080000       0x20
 *(.entry)
 .entry         0x00080000       0x20 ../experiment3_bsp//obj/HAL/src/crt0.o
                0x00080000                __reset

.exceptions     0x00080020      0x19c
                0x00080020                PROVIDE (__ram_exceptions_start, ABSOLUTE (.))
                0x00080020                . = ALIGN (0x20)
 *(.irq)
 *(.exceptions.entry.label)
 .exceptions.entry.label
                0x00080020        0x0 ../experiment3_bsp//libucosii_bsp.a(alt_irq_entry.o)
                0x00080020                alt_irq_entry
 .exceptions.entry.label
                0x00080020        0x0 ../experiment3_bsp//libucosii_bsp.a(alt_exception_entry.o)
                0x00080020                alt_exception
 *(.exceptions.entry.user)
 *(.exceptions.entry)
 .exceptions.entry
                0x00080020       0x54 ../experiment3_bsp//libucosii_bsp.a(alt_exception_entry.o)
 *(.exceptions.irqtest.user)
 *(.exceptions.irqtest)
 .exceptions.irqtest
                0x00080074       0x10 ../experiment3_bsp//libucosii_bsp.a(alt_irq_entry.o)
 *(.exceptions.irqhandler.user)
 *(.exceptions.irqhandler)
 .exceptions.irqhandler
                0x00080084        0x4 ../experiment3_bsp//libucosii_bsp.a(alt_irq_entry.o)
 *(.exceptions.irqreturn.user)
 *(.exceptions.irqreturn)
 .exceptions.irqreturn
                0x00080088        0x4 ../experiment3_bsp//libucosii_bsp.a(alt_irq_entry.o)
 *(.exceptions.notirq.label)
 .exceptions.notirq.label
                0x0008008c        0x0 ../experiment3_bsp//libucosii_bsp.a(alt_irq_entry.o)
 *(.exceptions.notirq.user)
 *(.exceptions.notirq)
 .exceptions.notirq
                0x0008008c        0x8 ../experiment3_bsp//libucosii_bsp.a(alt_exception_entry.o)
 *(.exceptions.soft.user)
 *(.exceptions.soft)
 *(.exceptions.unknown.user)
 *(.exceptions.unknown)
 .exceptions.unknown
                0x00080094        0x4 ../experiment3_bsp//libucosii_bsp.a(alt_exception_entry.o)
 *(.exceptions.exit.label)
 .exceptions.exit.label
                0x00080098        0x0 ../experiment3_bsp//libucosii_bsp.a(alt_irq_entry.o)
 .exceptions.exit.label
                0x00080098        0x0 ../experiment3_bsp//libucosii_bsp.a(alt_exception_entry.o)
 *(.exceptions.exit.user)
 *(.exceptions.exit)
 .exceptions.exit
                0x00080098       0x54 ../experiment3_bsp//libucosii_bsp.a(alt_exception_entry.o)
 *(.exceptions)
 .exceptions    0x000800ec       0xd0 ../experiment3_bsp//libucosii_bsp.a(alt_irq_handler.o)
                0x000800ec                alt_irq_handler
                0x000801bc                PROVIDE (__ram_exceptions_end, ABSOLUTE (.))
                0x00080020                PROVIDE (__flash_exceptions_start, LOADADDR (.exceptions))

.text           0x000801bc    0x18700
                0x000801bc                PROVIDE (stext, ABSOLUTE (.))
 *(.interp)
 *(.hash)
 *(.dynsym)
 *(.dynstr)
 *(.gnu.version)
 *(.gnu.version_d)
 *(.gnu.version_r)
 *(.rel.init)
 *(.rela.init)
 *(.rel.text .rel.text.* .rel.gnu.linkonce.t.*)
 *(.rela.text .rela.text.* .rela.gnu.linkonce.t.*)
 *(.rel.fini)
 *(.rela.fini)
 *(.rel.rodata .rel.rodata.* .rel.gnu.linkonce.r.*)
 *(.rela.rodata .rela.rodata.* .rela.gnu.linkonce.r.*)
 *(.rel.data .rel.data.* .rel.gnu.linkonce.d.*)
 *(.rela.data .rela.data.* .rela.gnu.linkonce.d.*)
 *(.rel.tdata .rel.tdata.* .rel.gnu.linkonce.td.*)
 *(.rela.tdata .rela.tdata.* .rela.gnu.linkonce.td.*)
 *(.rel.tbss .rel.tbss.* .rel.gnu.linkonce.tb.*)
 *(.rela.tbss .rela.tbss.* .rela.gnu.linkonce.tb.*)
 *(.rel.ctors)
 *(.rela.ctors)
 *(.rel.dtors)
 *(.rela.dtors)
 *(.rel.got)
 *(.rela.got)
 *(.rel.sdata .rel.sdata.* .rel.gnu.linkonce.s.*)
 *(.rela.sdata .rela.sdata.* .rela.gnu.linkonce.s.*)
 *(.rel.sbss .rel.sbss.* .rel.gnu.linkonce.sb.*)
 *(.rela.sbss .rela.sbss.* .rela.gnu.linkonce.sb.*)
 *(.rel.sdata2 .rel.sdata2.* .rel.gnu.linkonce.s2.*)
 *(.rela.sdata2 .rela.sdata2.* .rela.gnu.linkonce.s2.*)
 *(.rel.sbss2 .rel.sbss2.* .rel.gnu.linkonce.sb2.*)
 *(.rela.sbss2 .rela.sbss2.* .rela.gnu.linkonce.sb2.*)
 *(.rel.bss .rel.bss.* .rel.gnu.linkonce.b.*)
 *(.rela.bss .rela.bss.* .rela.gnu.linkonce.b.*)
 *(.rel.plt)
 *(.rela.plt)
 *(.rel.dyn)
 *(.init)
 *(.plt)
 *(.text .stub .text.* .gnu.linkonce.t.*)
 .text          0x000801bc       0x3c ../experiment3_bsp//obj/HAL/src/crt0.o
                0x000801bc                _start
 .text          0x000801f8      0x20c obj/default/PB_button.o
                0x000801f8                KEY0_Pressed
                0x0008023c                KEY1_Pressed
                0x00080280                KEY2_Pressed
                0x000802c4                KEY3_Pressed
                0x00080308                handle_button_interrupts
                0x000803b0                init_button_irq
 .text          0x00080404      0x528 obj/default/alt_ucosii_simple_error_check.o
                0x00080404                alt_ucosii_check_return_code
                0x00080448                alt_ucosii_simple_error_handler
 .text          0x0008092c      0x330 obj/default/experiment3.o
                0x0008092c                initialize_task
                0x00080968                main
                0x00080ab0                init_OS_data_structs
                0x00080bd8                init_create_tasks
 .text          0x00080c5c      0x80c obj/default/tasks.o
                0x00080c5c                custom_task_0
                0x00080da8                custom_task_1
                0x00080ef4                custom_task_2
                0x00081040                custom_task_3
                0x0008118c                task_launcher
                0x000813f8                custom_delay
 .text          0x00081468       0x60 /tools/altera/12.0/nios2eds/bin/gnu/H-i686-pc-linux-gnu/bin/../lib/gcc/nios2-elf/4.1.2/../../../../nios2-elf/lib/mno-hw-mul/libc.a(lib_a-fprintf.o)
                0x00081468                fprintf
                0x00081494                _fprintf_r
 .text          0x000814c8       0xec /tools/altera/12.0/nios2eds/bin/gnu/H-i686-pc-linux-gnu/bin/../lib/gcc/nios2-elf/4.1.2/../../../../nios2-elf/lib/mno-hw-mul/libc.a(lib_a-fwrite.o)
                0x000814c8                _fwrite_r
                0x00081574                fwrite
 .text          0x000815b4        0x0 /tools/altera/12.0/nios2eds/bin/gnu/H-i686-pc-linux-gnu/bin/../lib/gcc/nios2-elf/4.1.2/../../../../nios2-elf/lib/mno-hw-mul/libc.a(lib_a-impure.o)
 .text          0x000815b4       0x24 /tools/altera/12.0/nios2eds/bin/gnu/H-i686-pc-linux-gnu/bin/../lib/gcc/nios2-elf/4.1.2/../../../../nios2-elf/lib/mno-hw-mul/libc.a(lib_a-putchar.o)
                0x000815b4                putchar
                0x000815d0                _putchar_r
 .text          0x000815d8       0xb4 /tools/altera/12.0/nios2eds/bin/gnu/H-i686-pc-linux-gnu/bin/../lib/gcc/nios2-elf/4.1.2/../../../../nios2-elf/lib/mno-hw-mul/libc.a(lib_a-puts.o)
                0x000815d8                _puts_r
                0x00081678                puts
 .text          0x0008168c       0x74 /tools/altera/12.0/nios2eds/bin/gnu/H-i686-pc-linux-gnu/bin/../lib/gcc/nios2-elf/4.1.2/../../../../nios2-elf/lib/mno-hw-mul/libc.a(lib_a-strlen.o)
                0x0008168c                strlen
 .text          0x00081700     0x1f40 /tools/altera/12.0/nios2eds/bin/gnu/H-i686-pc-linux-gnu/bin/../lib/gcc/nios2-elf/4.1.2/../../../../nios2-elf/lib/mno-hw-mul/libc.a(lib_a-vfprintf.o)
                0x00081758                ___vfprintf_internal_r
                0x0008361c                __vfprintf_internal
 .text          0x00083640      0x13c /tools/altera/12.0/nios2eds/bin/gnu/H-i686-pc-linux-gnu/bin/../lib/gcc/nios2-elf/4.1.2/../../../../nios2-elf/lib/mno-hw-mul/libc.a(lib_a-wsetup.o)
                0x00083640                __swsetup_r
 .text          0x0008377c     0x17f8 /tools/altera/12.0/nios2eds/bin/gnu/H-i686-pc-linux-gnu/bin/../lib/gcc/nios2-elf/4.1.2/../../../../nios2-elf/lib/mno-hw-mul/libc.a(lib_a-dtoa.o)
                0x000839c0                _dtoa_r
 .text          0x00084f74      0x230 /tools/altera/12.0/nios2eds/bin/gnu/H-i686-pc-linux-gnu/bin/../lib/gcc/nios2-elf/4.1.2/../../../../nios2-elf/lib/mno-hw-mul/libc.a(lib_a-fflush.o)
                0x00084f74                _fflush_r
                0x00085170                fflush
 .text          0x000851a4      0x2f4 /tools/altera/12.0/nios2eds/bin/gnu/H-i686-pc-linux-gnu/bin/../lib/gcc/nios2-elf/4.1.2/../../../../nios2-elf/lib/mno-hw-mul/libc.a(lib_a-findfp.o)
                0x000851fc                __sfp_lock_acquire
                0x00085200                __sfp_lock_release
                0x00085204                __sinit_lock_acquire
                0x00085208                __sinit_lock_release
                0x0008520c                __sinit
                0x000852c0                __fp_unlock_all
                0x000852d8                __fp_lock_all
                0x000852f0                _cleanup_r
                0x000852fc                _cleanup
                0x0008530c                __sfmoreglue
                0x000853a8                __sfp
 .text          0x00085498      0x440 /tools/altera/12.0/nios2eds/bin/gnu/H-i686-pc-linux-gnu/bin/../lib/gcc/nios2-elf/4.1.2/../../../../nios2-elf/lib/mno-hw-mul/libc.a(lib_a-freer.o)
                0x00085498                _malloc_trim_r
                0x000855c4                _free_r
 .text          0x000858d8      0x49c /tools/altera/12.0/nios2eds/bin/gnu/H-i686-pc-linux-gnu/bin/../lib/gcc/nios2-elf/4.1.2/../../../../nios2-elf/lib/mno-hw-mul/libc.a(lib_a-fvwrite.o)
                0x000858d8                __sfvwrite_r
 .text          0x00085d74      0x180 /tools/altera/12.0/nios2eds/bin/gnu/H-i686-pc-linux-gnu/bin/../lib/gcc/nios2-elf/4.1.2/../../../../nios2-elf/lib/mno-hw-mul/libc.a(lib_a-fwalk.o)
                0x00085d74                _fwalk_reent
                0x00085e3c                _fwalk
 .text          0x00085ef4       0xc4 /tools/altera/12.0/nios2eds/bin/gnu/H-i686-pc-linux-gnu/bin/../lib/gcc/nios2-elf/4.1.2/../../../../nios2-elf/lib/mno-hw-mul/libc.a(lib_a-locale.o)
                0x00085ef4                __locale_charset
                0x00085efc                _localeconv_r
                0x00085f08                localeconv
                0x00085f18                _setlocale_r
                0x00085f9c                setlocale
 .text          0x00085fb8      0x194 /tools/altera/12.0/nios2eds/bin/gnu/H-i686-pc-linux-gnu/bin/../lib/gcc/nios2-elf/4.1.2/../../../../nios2-elf/lib/mno-hw-mul/libc.a(lib_a-makebuf.o)
                0x00085fb8                __smakebuf_r
 .text          0x0008614c      0x740 /tools/altera/12.0/nios2eds/bin/gnu/H-i686-pc-linux-gnu/bin/../lib/gcc/nios2-elf/4.1.2/../../../../nios2-elf/lib/mno-hw-mul/libc.a(lib_a-mallocr.o)
                0x0008614c                _malloc_r
 .text          0x0008688c       0xe4 /tools/altera/12.0/nios2eds/bin/gnu/H-i686-pc-linux-gnu/bin/../lib/gcc/nios2-elf/4.1.2/../../../../nios2-elf/lib/mno-hw-mul/libc.a(lib_a-memchr.o)
                0x0008688c                memchr
 .text          0x00086970       0xa0 /tools/altera/12.0/nios2eds/bin/gnu/H-i686-pc-linux-gnu/bin/../lib/gcc/nios2-elf/4.1.2/../../../../nios2-elf/lib/mno-hw-mul/libc.a(lib_a-memcpy.o)
                0x00086970                memcpy
 .text          0x00086a10       0xe0 /tools/altera/12.0/nios2eds/bin/gnu/H-i686-pc-linux-gnu/bin/../lib/gcc/nios2-elf/4.1.2/../../../../nios2-elf/lib/mno-hw-mul/libc.a(lib_a-memmove.o)
                0x00086a10                memmove
 .text          0x00086af0       0x98 /tools/altera/12.0/nios2eds/bin/gnu/H-i686-pc-linux-gnu/bin/../lib/gcc/nios2-elf/4.1.2/../../../../nios2-elf/lib/mno-hw-mul/libc.a(lib_a-memset.o)
                0x00086af0                memset
 .text          0x00086b88     0x108c /tools/altera/12.0/nios2eds/bin/gnu/H-i686-pc-linux-gnu/bin/../lib/gcc/nios2-elf/4.1.2/../../../../nios2-elf/lib/mno-hw-mul/libc.a(lib_a-mprec.o)
                0x00086b88                _Bfree
                0x00086bb0                __hi0bits
                0x00086c20                __lo0bits
                0x00086ce4                __mcmp
                0x00086d44                __ulp
                0x00086dc4                __b2d
                0x00086ee4                __ratio
                0x00086f94                _mprec_log10
                0x00087028                __copybits
                0x00087080                __any_on
                0x00087108                _Balloc
                0x000871c4                __d2b
                0x00087340                __mdiff
                0x000874cc                __lshift
                0x00087618                __multiply
                0x0008786c                __i2b
                0x000878a8                __multadd
                0x000879d4                __pow5mult
                0x00087af4                __s2b
 .text          0x00087c14      0x1ec /tools/altera/12.0/nios2eds/bin/gnu/H-i686-pc-linux-gnu/bin/../lib/gcc/nios2-elf/4.1.2/../../../../nios2-elf/lib/mno-hw-mul/libc.a(lib_a-putc.o)
                0x00087c14                putc
                0x00087d18                _putc_r
 .text          0x00087e00      0x5f4 /tools/altera/12.0/nios2eds/bin/gnu/H-i686-pc-linux-gnu/bin/../lib/gcc/nios2-elf/4.1.2/../../../../nios2-elf/lib/mno-hw-mul/libc.a(lib_a-reallocr.o)
                0x00087e00                _realloc_r
 .text          0x000883f4       0x40 /tools/altera/12.0/nios2eds/bin/gnu/H-i686-pc-linux-gnu/bin/../lib/gcc/nios2-elf/4.1.2/../../../../nios2-elf/lib/mno-hw-mul/libc.a(lib_a-s_isinfd.o)
                0x000883f4                __isinfd
 .text          0x00088434       0x30 /tools/altera/12.0/nios2eds/bin/gnu/H-i686-pc-linux-gnu/bin/../lib/gcc/nios2-elf/4.1.2/../../../../nios2-elf/lib/mno-hw-mul/libc.a(lib_a-s_isnand.o)
                0x00088434                __isnand
 .text          0x00088464       0x70 /tools/altera/12.0/nios2eds/bin/gnu/H-i686-pc-linux-gnu/bin/../lib/gcc/nios2-elf/4.1.2/../../../../nios2-elf/lib/mno-hw-mul/libc.a(lib_a-sbrkr.o)
                0x00088464                _sbrk_r
 .text          0x000884d4      0x14c /tools/altera/12.0/nios2eds/bin/gnu/H-i686-pc-linux-gnu/bin/../lib/gcc/nios2-elf/4.1.2/../../../../nios2-elf/lib/mno-hw-mul/libc.a(lib_a-stdio.o)
                0x000884d4                __sclose
                0x000884dc                __sseek
                0x00088544                __swrite
                0x000885c0                __sread
 .text          0x00088620       0xbc /tools/altera/12.0/nios2eds/bin/gnu/H-i686-pc-linux-gnu/bin/../lib/gcc/nios2-elf/4.1.2/../../../../nios2-elf/lib/mno-hw-mul/libc.a(lib_a-strcmp.o)
                0x00088620                strcmp
 .text          0x000886dc      0x14c /tools/altera/12.0/nios2eds/bin/gnu/H-i686-pc-linux-gnu/bin/../lib/gcc/nios2-elf/4.1.2/../../../../nios2-elf/lib/mno-hw-mul/libc.a(lib_a-wbuf.o)
                0x000886dc                __swbuf_r
                0x0008880c                __swbuf
 .text          0x00088828       0x78 /tools/altera/12.0/nios2eds/bin/gnu/H-i686-pc-linux-gnu/bin/../lib/gcc/nios2-elf/4.1.2/../../../../nios2-elf/lib/mno-hw-mul/libc.a(lib_a-writer.o)
                0x00088828                _write_r
 .text          0x000888a0       0xc8 /tools/altera/12.0/nios2eds/bin/gnu/H-i686-pc-linux-gnu/bin/../lib/gcc/nios2-elf/4.1.2/../../../../nios2-elf/lib/mno-hw-mul/libc.a(lib_a-callocr.o)
                0x000888a0                _calloc_r
 .text          0x00088968       0x70 /tools/altera/12.0/nios2eds/bin/gnu/H-i686-pc-linux-gnu/bin/../lib/gcc/nios2-elf/4.1.2/../../../../nios2-elf/lib/mno-hw-mul/libc.a(lib_a-closer.o)
                0x00088968                _close_r
 .text          0x000889d8      0x124 /tools/altera/12.0/nios2eds/bin/gnu/H-i686-pc-linux-gnu/bin/../lib/gcc/nios2-elf/4.1.2/../../../../nios2-elf/lib/mno-hw-mul/libc.a(lib_a-fclose.o)
                0x000889d8                _fclose_r
                0x00088ae8                fclose
 .text          0x00088afc       0x74 /tools/altera/12.0/nios2eds/bin/gnu/H-i686-pc-linux-gnu/bin/../lib/gcc/nios2-elf/4.1.2/../../../../nios2-elf/lib/mno-hw-mul/libc.a(lib_a-fstatr.o)
                0x00088afc                _fstat_r
 .text          0x00088b70        0x0 /tools/altera/12.0/nios2eds/bin/gnu/H-i686-pc-linux-gnu/bin/../lib/gcc/nios2-elf/4.1.2/../../../../nios2-elf/lib/mno-hw-mul/libc.a(lib_a-int_errno.o)
 .text          0x00088b70       0x70 /tools/altera/12.0/nios2eds/bin/gnu/H-i686-pc-linux-gnu/bin/../lib/gcc/nios2-elf/4.1.2/../../../../nios2-elf/lib/mno-hw-mul/libc.a(lib_a-isattyr.o)
                0x00088b70                _isatty_r
 .text          0x00088be0       0x78 /tools/altera/12.0/nios2eds/bin/gnu/H-i686-pc-linux-gnu/bin/../lib/gcc/nios2-elf/4.1.2/../../../../nios2-elf/lib/mno-hw-mul/libc.a(lib_a-lseekr.o)
                0x00088be0                _lseek_r
 .text          0x00088c58       0x78 /tools/altera/12.0/nios2eds/bin/gnu/H-i686-pc-linux-gnu/bin/../lib/gcc/nios2-elf/4.1.2/../../../../nios2-elf/lib/mno-hw-mul/libc.a(lib_a-readr.o)
                0x00088c58                _read_r
 .text          0x00088cd0      0x66c /tools/altera/12.0/nios2eds/bin/gnu/H-i686-pc-linux-gnu/bin/../lib/gcc/nios2-elf/4.1.2/mno-hw-mul/libgcc.a(_udivdi3.o)
                0x00088cd0                __udivdi3
 .text          0x0008933c      0x660 /tools/altera/12.0/nios2eds/bin/gnu/H-i686-pc-linux-gnu/bin/../lib/gcc/nios2-elf/4.1.2/mno-hw-mul/libgcc.a(_umoddi3.o)
                0x0008933c                __umoddi3
 .text          0x0008999c      0x504 /tools/altera/12.0/nios2eds/bin/gnu/H-i686-pc-linux-gnu/bin/../lib/gcc/nios2-elf/4.1.2/mno-hw-mul/libgcc.a(_addsub_df.o)
                0x00089dac                __subdf3
                0x00089e2c                __adddf3
 .text          0x00089ea0      0x3c4 /tools/altera/12.0/nios2eds/bin/gnu/H-i686-pc-linux-gnu/bin/../lib/gcc/nios2-elf/4.1.2/mno-hw-mul/libgcc.a(_mul_df.o)
                0x00089ea0                __muldf3
 .text          0x0008a264      0x258 /tools/altera/12.0/nios2eds/bin/gnu/H-i686-pc-linux-gnu/bin/../lib/gcc/nios2-elf/4.1.2/mno-hw-mul/libgcc.a(_div_df.o)
                0x0008a264                __divdf3
 .text          0x0008a4bc       0x88 /tools/altera/12.0/nios2eds/bin/gnu/H-i686-pc-linux-gnu/bin/../lib/gcc/nios2-elf/4.1.2/mno-hw-mul/libgcc.a(_eq_df.o)
                0x0008a4bc                __eqdf2
 .text          0x0008a544       0x88 /tools/altera/12.0/nios2eds/bin/gnu/H-i686-pc-linux-gnu/bin/../lib/gcc/nios2-elf/4.1.2/mno-hw-mul/libgcc.a(_ne_df.o)
                0x0008a544                __nedf2
 .text          0x0008a5cc       0x88 /tools/altera/12.0/nios2eds/bin/gnu/H-i686-pc-linux-gnu/bin/../lib/gcc/nios2-elf/4.1.2/mno-hw-mul/libgcc.a(_gt_df.o)
                0x0008a5cc                __gtdf2
 .text          0x0008a654       0x88 /tools/altera/12.0/nios2eds/bin/gnu/H-i686-pc-linux-gnu/bin/../lib/gcc/nios2-elf/4.1.2/mno-hw-mul/libgcc.a(_ge_df.o)
                0x0008a654                __gedf2
 .text          0x0008a6dc       0x88 /tools/altera/12.0/nios2eds/bin/gnu/H-i686-pc-linux-gnu/bin/../lib/gcc/nios2-elf/4.1.2/mno-hw-mul/libgcc.a(_lt_df.o)
                0x0008a6dc                __ltdf2
 .text          0x0008a764       0xf8 /tools/altera/12.0/nios2eds/bin/gnu/H-i686-pc-linux-gnu/bin/../lib/gcc/nios2-elf/4.1.2/mno-hw-mul/libgcc.a(_si_to_df.o)
                0x0008a764                __floatsidf
 .text          0x0008a85c       0xd8 /tools/altera/12.0/nios2eds/bin/gnu/H-i686-pc-linux-gnu/bin/../lib/gcc/nios2-elf/4.1.2/mno-hw-mul/libgcc.a(_df_to_si.o)
                0x0008a85c                __fixdfsi
 .text          0x0008a934        0x0 /tools/altera/12.0/nios2eds/bin/gnu/H-i686-pc-linux-gnu/bin/../lib/gcc/nios2-elf/4.1.2/mno-hw-mul/libgcc.a(_thenan_df.o)
 .text          0x0008a934      0x194 /tools/altera/12.0/nios2eds/bin/gnu/H-i686-pc-linux-gnu/bin/../lib/gcc/nios2-elf/4.1.2/mno-hw-mul/libgcc.a(_usi_to_df.o)
                0x0008a934                __floatunsidf
 .text          0x0008aac8      0x14c /tools/altera/12.0/nios2eds/bin/gnu/H-i686-pc-linux-gnu/bin/../lib/gcc/nios2-elf/4.1.2/mno-hw-mul/libgcc.a(lib2-divmod.o)
                0x0008ab44                __divsi3
                0x0008aba4                __modsi3
                0x0008ac04                __udivsi3
                0x0008ac0c                __umodsi3
 .text          0x0008ac14       0x38 /tools/altera/12.0/nios2eds/bin/gnu/H-i686-pc-linux-gnu/bin/../lib/gcc/nios2-elf/4.1.2/mno-hw-mul/libgcc.a(lib2-mul.o)
                0x0008ac14                __mulsi3
 .text          0x0008ac4c      0x124 /tools/altera/12.0/nios2eds/bin/gnu/H-i686-pc-linux-gnu/bin/../lib/gcc/nios2-elf/4.1.2/mno-hw-mul/libgcc.a(_muldi3.o)
                0x0008ac4c                __muldi3
 .text          0x0008ad70        0x0 /tools/altera/12.0/nios2eds/bin/gnu/H-i686-pc-linux-gnu/bin/../lib/gcc/nios2-elf/4.1.2/mno-hw-mul/libgcc.a(_clz.o)
 .text          0x0008ad70       0x80 /tools/altera/12.0/nios2eds/bin/gnu/H-i686-pc-linux-gnu/bin/../lib/gcc/nios2-elf/4.1.2/mno-hw-mul/libgcc.a(_clzsi2.o)
                0x0008ad70                __clzsi2
 .text          0x0008adf0      0x314 /tools/altera/12.0/nios2eds/bin/gnu/H-i686-pc-linux-gnu/bin/../lib/gcc/nios2-elf/4.1.2/mno-hw-mul/libgcc.a(_pack_df.o)
                0x0008adf0                __pack_d
 .text          0x0008b104      0x138 /tools/altera/12.0/nios2eds/bin/gnu/H-i686-pc-linux-gnu/bin/../lib/gcc/nios2-elf/4.1.2/mno-hw-mul/libgcc.a(_unpack_df.o)
                0x0008b104                __unpack_d
 .text          0x0008b23c       0xc8 /tools/altera/12.0/nios2eds/bin/gnu/H-i686-pc-linux-gnu/bin/../lib/gcc/nios2-elf/4.1.2/mno-hw-mul/libgcc.a(_fpcmp_parts_df.o)
                0x0008b23c                __fpcmp_parts_d
 .text          0x0008b304      0x160 ../experiment3_bsp//libucosii_bsp.a(alt_close.o)
                0x0008b304                close
 .text          0x0008b464       0x2c ../experiment3_bsp//libucosii_bsp.a(alt_dev.o)
 .text          0x0008b490        0x0 ../experiment3_bsp//libucosii_bsp.a(alt_errno.o)
 .text          0x0008b490      0x138 ../experiment3_bsp//libucosii_bsp.a(alt_fstat.o)
                0x0008b490                fstat
 .text          0x0008b5c8      0x1c0 ../experiment3_bsp//libucosii_bsp.a(alt_irq_register.o)
                0x0008b5c8                alt_irq_register
 .text          0x0008b788        0x0 ../experiment3_bsp//libucosii_bsp.a(alt_irq_vars.o)
 .text          0x0008b788      0x124 ../experiment3_bsp//libucosii_bsp.a(alt_isatty.o)
                0x0008b788                isatty
 .text          0x0008b8ac       0xec ../experiment3_bsp//libucosii_bsp.a(alt_load.o)
                0x0008b8ac                alt_load
 .text          0x0008b998      0x154 ../experiment3_bsp//libucosii_bsp.a(alt_lseek.o)
                0x0008b998                lseek
 .text          0x0008baec       0xc8 ../experiment3_bsp//libucosii_bsp.a(alt_main.o)
                0x0008baec                alt_main
 .text          0x0008bbb4      0x258 ../experiment3_bsp//libucosii_bsp.a(alt_printf.o)
                0x0008bbb4                alt_printf
 .text          0x0008be0c       0x40 ../experiment3_bsp//libucosii_bsp.a(alt_putchar.o)
                0x0008be0c                alt_putchar
 .text          0x0008be4c      0x184 ../experiment3_bsp//libucosii_bsp.a(alt_read.o)
                0x0008be4c                read
 .text          0x0008bfd0       0x78 ../experiment3_bsp//libucosii_bsp.a(alt_release_fd.o)
                0x0008bfd0                alt_release_fd
 .text          0x0008c048       0xbc ../experiment3_bsp//libucosii_bsp.a(alt_sbrk.o)
                0x0008c048                sbrk
 .text          0x0008c104      0x184 ../experiment3_bsp//libucosii_bsp.a(alt_write.o)
                0x0008c104                write
 .text          0x0008c288      0x108 ../experiment3_bsp//libucosii_bsp.a(alt_env_lock.o)
                0x0008c288                __env_lock
                0x0008c334                __env_unlock
 .text          0x0008c390      0x1d8 ../experiment3_bsp//libucosii_bsp.a(alt_malloc_lock.o)
                0x0008c390                __malloc_lock
                0x0008c498                __malloc_unlock
 .text          0x0008c568     0x2128 ../experiment3_bsp//libucosii_bsp.a(os_core.o)
                0x0008c568                OSEventNameGet
                0x0008c698                OSEventNameSet
                0x0008c7dc                OSEventPendMulti
                0x0008ce90                OSInit
                0x0008cee4                OSIntEnter
                0x0008cf60                OSIntExit
                0x0008d060                OSSchedLock
                0x0008d0ec                OSSchedUnlock
                0x0008d1d0                OSStart
                0x0008d240                OSStatInit
                0x0008d2ec                OSTimeTick
                0x0008d52c                OSVersion
                0x0008d54c                OS_Dummy
                0x0008d568                OS_EventTaskRdy
                0x0008d6fc                OS_EventTaskWait
                0x0008d80c                OS_EventTaskWaitMulti
                0x0008d960                OS_EventTaskRemove
                0x0008da18                OS_EventTaskRemoveMulti
                0x0008db1c                OS_EventWaitListInit
                0x0008dee8                OS_MemClr
                0x0008df3c                OS_MemCopy
                0x0008dfa8                OS_Sched
                0x0008e0ec                OS_StrCopy
                0x0008e16c                OS_StrLen
                0x0008e1c4                OS_TaskIdle
                0x0008e220                OS_TaskStat
                0x0008e2e8                OS_TaskStatStkChk
                0x0008e3b0                OS_TCBInit
 .text          0x0008e690      0x18c ../experiment3_bsp//libucosii_bsp.a(os_dbg.o)
                0x0008e690                OSDebugInit
 .text          0x0008e81c     0x193c ../experiment3_bsp//libucosii_bsp.a(os_flag.o)
                0x0008e81c                OSFlagAccept
                0x0008eb50                OSFlagCreate
                0x0008ec8c                OSFlagDel
                0x0008ef34                OSFlagNameGet
                0x0008f078                OSFlagNameSet
                0x0008f1cc                OSFlagPend
                0x0008f810                OSFlagPendGetFlagsRdy
                0x0008f878                OSFlagPost
                0x0008fc20                OSFlagQuery
                0x0008feb8                OS_FlagInit
                0x000900ac                OS_FlagUnlink
 .text          0x00090158      0x80c ../experiment3_bsp//libucosii_bsp.a(os_mem.o)
                0x00090158                OSMemCreate
                0x00090374                OSMemGet
                0x00090478                OSMemNameGet
                0x00090584                OSMemNameSet
                0x000906a4                OSMemPut
                0x00090794                OSMemQuery
                0x00090890                OS_MemInit
 .text          0x00090964     0x13a8 ../experiment3_bsp//libucosii_bsp.a(os_mutex.o)
                0x00090964                OSMutexAccept
                0x00090b3c                OSMutexCreate
                0x00090d40                OSMutexDel
                0x000910a8                OSMutexPend
                0x00091738                OSMutexPost
                0x0009199c                OSMutexQuery
 .text          0x00091d0c     0x1334 ../experiment3_bsp//libucosii_bsp.a(os_q.o)
                0x00091d0c                OSQAccept
                0x00091e60                OSQCreate
                0x00092074                OSQDel
                0x00092374                OSQFlush
                0x0009243c                OSQPend
                0x0009275c                OSQPendAbort
                0x000928d8                OSQPost
                0x00092a58                OSQPostFront
                0x00092be0                OSQPostOpt
                0x00092e14                OSQQuery
                0x00092f94                OS_QInit
 .text          0x00093040      0xbc8 ../experiment3_bsp//libucosii_bsp.a(os_sem.o)
                0x00093040                OSSemAccept
                0x00093100                OSSemCreate
                0x00093214                OSSemDel
                0x000934b4                OSSemPend
                0x00093730                OSSemPendAbort
                0x000938ac                OSSemPost
                0x000939d4                OSSemQuery
                0x00093b04                OSSemSet
 .text          0x00093c08     0x1a40 ../experiment3_bsp//libucosii_bsp.a(os_task.o)
                0x00093c08                OSTaskChangePrio
                0x0009417c                OSTaskCreate
                0x00094350                OSTaskCreateExt
                0x00094550                OSTaskDel
                0x0009495c                OSTaskDelReq
                0x00094acc                OSTaskNameGet
                0x00094c84                OSTaskNameSet
                0x00094e48                OSTaskResume
                0x00095060                OSTaskStkChk
                0x0009525c                OSTaskSuspend
                0x00095488                OSTaskQuery
                0x000955cc                OS_TaskStkClr
 .text          0x00095648      0x5b4 ../experiment3_bsp//libucosii_bsp.a(os_time.o)
                0x00095648                OSTimeDly
                0x00095794                OSTimeDlyHMSM
                0x00095924                OSTimeDlyResume
                0x00095b34                OSTimeGet
                0x00095b98                OSTimeSet
 .text          0x00095bfc       0xe0 ../experiment3_bsp//libucosii_bsp.a(alt_sys_init.o)
                0x00095bfc                alt_irq_init
                0x00095c30                alt_sys_init
 .text          0x00095cdc      0x148 ../experiment3_bsp//libucosii_bsp.a(altera_avalon_jtag_uart_fd.o)
                0x00095cdc                altera_avalon_jtag_uart_read_fd
                0x00095d34                altera_avalon_jtag_uart_write_fd
                0x00095d8c                altera_avalon_jtag_uart_close_fd
                0x00095dd4                altera_avalon_jtag_uart_ioctl_fd
 .text          0x00095e24      0x584 ../experiment3_bsp//libucosii_bsp.a(altera_avalon_jtag_uart_init.o)
                0x00095e24                altera_avalon_jtag_uart_init
                0x00096334                altera_avalon_jtag_uart_close
 .text          0x000963a8       0xf4 ../experiment3_bsp//libucosii_bsp.a(altera_avalon_jtag_uart_ioctl.o)
                0x000963a8                altera_avalon_jtag_uart_ioctl
 .text          0x0009649c      0x2c0 ../experiment3_bsp//libucosii_bsp.a(altera_avalon_jtag_uart_read.o)
                0x0009649c                altera_avalon_jtag_uart_read
 .text          0x0009675c      0x2dc ../experiment3_bsp//libucosii_bsp.a(altera_avalon_jtag_uart_write.o)
                0x0009675c                altera_avalon_jtag_uart_write
 .text          0x00096a38      0x100 ../experiment3_bsp//libucosii_bsp.a(altera_avalon_timer_sc.o)
                0x00096aa8                alt_avalon_timer_sc_init
 .text          0x00096b38      0x530 ../experiment3_bsp//libucosii_bsp.a(altera_up_avalon_character_lcd.o)
                0x00096b38                get_DDRAM_addr
                0x00096bb4                alt_up_character_lcd_send_cmd
                0x00096be8                alt_up_character_lcd_init
                0x00096c1c                alt_up_character_lcd_open_dev
                0x00096c5c                alt_up_character_lcd_write
                0x00096cd4                alt_up_character_lcd_string
                0x00096d4c                alt_up_character_lcd_write_fd
                0x00096d98                alt_up_character_lcd_set_cursor_pos
                0x00096e10                alt_up_character_lcd_shift_cursor
                0x00096ec0                alt_up_character_lcd_shift_display
                0x00096f70                alt_up_character_lcd_erase_pos
                0x00097000                alt_up_character_lcd_cursor_off
                0x00097034                alt_up_character_lcd_cursor_blink_on
 .text          0x00097068      0x154 ../experiment3_bsp//libucosii_bsp.a(alt_alarm_start.o)
                0x00097068                alt_alarm_start
 .text          0x000971bc       0x1c ../experiment3_bsp//libucosii_bsp.a(alt_dcache_flush_all.o)
                0x000971bc                alt_dcache_flush_all
 .text          0x000971d8      0x114 ../experiment3_bsp//libucosii_bsp.a(alt_dev_llist_insert.o)
                0x000971d8                alt_dev_llist_insert
 .text          0x000972ec       0x64 ../experiment3_bsp//libucosii_bsp.a(alt_do_ctors.o)
                0x000972ec                _do_ctors
 .text          0x00097350       0x64 ../experiment3_bsp//libucosii_bsp.a(alt_do_dtors.o)
                0x00097350                _do_dtors
 .text          0x000973b4       0x94 ../experiment3_bsp//libucosii_bsp.a(alt_find_dev.o)
                0x000973b4                alt_find_dev
 .text          0x00097448       0x1c ../experiment3_bsp//libucosii_bsp.a(alt_icache_flush_all.o)
                0x00097448                alt_icache_flush_all
 .text          0x00097464      0x1d4 ../experiment3_bsp//libucosii_bsp.a(alt_iic.o)
                0x00097464                alt_ic_isr_register
                0x000974b4                alt_ic_irq_enable
                0x00097550                alt_ic_irq_disable
                0x000975f0                alt_ic_irq_enabled
 .text          0x00097638       0xf8 ../experiment3_bsp//libucosii_bsp.a(alt_iic_isr_register.o)
                0x00097638                alt_iic_isr_register
 .text          0x00097730      0x150 ../experiment3_bsp//libucosii_bsp.a(alt_io_redirect.o)
                0x00097808                alt_io_redirect
 .text          0x00097880        0x0 ../experiment3_bsp//libucosii_bsp.a(alt_irq_entry.o)
 .text          0x00097880        0x0 ../experiment3_bsp//libucosii_bsp.a(alt_irq_handler.o)
 .text          0x00097880      0x2e4 ../experiment3_bsp//libucosii_bsp.a(alt_open.o)
                0x00097978                open
 .text          0x00097b64      0x1a8 ../experiment3_bsp//libucosii_bsp.a(alt_tick.o)
                0x00097b64                alt_alarm_stop
                0x00097bfc                alt_tick
 .text          0x00097d0c       0x20 ../experiment3_bsp//libucosii_bsp.a(altera_nios2_qsys_irq.o)
                0x00097d0c                altera_nios2_qsys_irq_init
 .text          0x00097d2c       0xd0 ../experiment3_bsp//libucosii_bsp.a(os_cpu_a.o)
                0x00097d2c                OSCtxSw
                0x00097d2c                OSIntCtxSw
                0x00097db8                OSStartHighRdy
                0x00097dd8                OSStartTsk
 .text          0x00097dfc      0x418 ../experiment3_bsp//libucosii_bsp.a(os_cpu_c.o)
                0x00097dfc                OSTaskStkInit
                0x0009810c                OSTaskCreateHook
                0x0009812c                OSTaskDelHook
                0x0009814c                OSTaskSwHook
                0x00098168                OSTaskStatHook
                0x00098184                OSTimeTickHook
                0x000981a0                OSInitHookBegin
                0x000981bc                OSInitHookEnd
                0x000981d8                OSTaskIdleHook
                0x000981f4                OSTCBInitHook
 .text          0x00098214        0x0 ../experiment3_bsp//libucosii_bsp.a(alt_exception_entry.o)
 .text          0x00098214      0x120 ../experiment3_bsp//libucosii_bsp.a(alt_find_file.o)
                0x00098214                alt_find_file
 .text          0x00098334      0x104 ../experiment3_bsp//libucosii_bsp.a(alt_get_fd.o)
                0x00098334                alt_get_fd
 .text          0x00098438       0x14 /tools/altera/12.0/nios2eds/bin/gnu/H-i686-pc-linux-gnu/bin/../lib/gcc/nios2-elf/4.1.2/../../../../nios2-elf/lib/mno-hw-mul/libc.a(lib_a-atexit.o)
                0x00098438                atexit
 .text          0x0009844c       0x38 /tools/altera/12.0/nios2eds/bin/gnu/H-i686-pc-linux-gnu/bin/../lib/gcc/nios2-elf/4.1.2/../../../../nios2-elf/lib/mno-hw-mul/libc.a(lib_a-exit.o)
                0x0009844c                exit
 .text          0x00098484       0x74 /tools/altera/12.0/nios2eds/bin/gnu/H-i686-pc-linux-gnu/bin/../lib/gcc/nios2-elf/4.1.2/../../../../nios2-elf/lib/mno-hw-mul/libc.a(lib_a-memcmp.o)
                0x00098484                memcmp
 .text          0x000984f8      0x134 /tools/altera/12.0/nios2eds/bin/gnu/H-i686-pc-linux-gnu/bin/../lib/gcc/nios2-elf/4.1.2/../../../../nios2-elf/lib/mno-hw-mul/libc.a(lib_a-__atexit.o)
                0x000984f8                __register_exitproc
 .text          0x0009862c      0x1b4 /tools/altera/12.0/nios2eds/bin/gnu/H-i686-pc-linux-gnu/bin/../lib/gcc/nios2-elf/4.1.2/../../../../nios2-elf/lib/mno-hw-mul/libc.a(lib_a-__call_atexit.o)
                0x00098630                __call_exitprocs
 .text          0x000987e0       0x6c ../experiment3_bsp//libucosii_bsp.a(alt_exit.o)
                0x00098820                _exit
 *(.gnu.warning.*)
 *(.fini)
                0x0009884c                PROVIDE (__etext, ABSOLUTE (.))
                0x0009884c                PROVIDE (_etext, ABSOLUTE (.))
                0x0009884c                PROVIDE (etext, ABSOLUTE (.))
 *(.eh_frame_hdr)
                0x0009884c                . = ALIGN (0x4)
                0x0009884c                PROVIDE (__preinit_array_start, ABSOLUTE (.))
 *(.preinit_array)
                0x0009884c                PROVIDE (__preinit_array_end, ABSOLUTE (.))
                0x0009884c                PROVIDE (__init_array_start, ABSOLUTE (.))
 *(.init_array)
                0x0009884c                PROVIDE (__init_array_end, ABSOLUTE (.))
                0x0009884c                PROVIDE (__fini_array_start, ABSOLUTE (.))
 *(.fini_array)
                0x0009884c                PROVIDE (__fini_array_end, ABSOLUTE (.))
 *(.eh_frame)
 .eh_frame      0x0009884c       0x40 /tools/altera/12.0/nios2eds/bin/gnu/H-i686-pc-linux-gnu/bin/../lib/gcc/nios2-elf/4.1.2/mno-hw-mul/libgcc.a(_udivdi3.o)
 .eh_frame      0x0009888c       0x2c /tools/altera/12.0/nios2eds/bin/gnu/H-i686-pc-linux-gnu/bin/../lib/gcc/nios2-elf/4.1.2/mno-hw-mul/libgcc.a(_umoddi3.o)
                                 0x40 (size before relaxing)
 *(.gcc_except_table)
 *(.dynamic)
                0x000988b8                PROVIDE (__CTOR_LIST__, ABSOLUTE (.))
 *(.ctors)
 *(SORT(.ctors.*))
 .ctors.65535   0x000988b8        0x4 /tools/altera/12.0/nios2eds/bin/gnu/H-i686-pc-linux-gnu/bin/../lib/gcc/nios2-elf/4.1.2/../../../../nios2-elf/lib/mno-hw-mul/libc.a(lib_a-__call_atexit.o)
                0x000988bc                PROVIDE (__CTOR_END__, ABSOLUTE (.))
                0x000988bc                PROVIDE (__DTOR_LIST__, ABSOLUTE (.))
 *(.dtors)
 *(SORT(.dtors.*))
                0x000988bc                PROVIDE (__DTOR_END__, ABSOLUTE (.))
 *(.jcr)
                0x000988bc                . = ALIGN (0x4)

.rodata         0x000988bc      0xef0
                0x000988bc                PROVIDE (__ram_rodata_start, ABSOLUTE (.))
                0x000988bc                . = ALIGN (0x4)
 *(.rodata .rodata.* .gnu.linkonce.r.*)
 .rodata        0x000988bc      0x3bc obj/default/alt_ucosii_simple_error_check.o
 .rodata        0x00098c78      0x110 obj/default/experiment3.o
 .rodata        0x00098d88      0x5a4 obj/default/tasks.o
 .rodata.str1.4
                0x0009932c        0x2 /tools/altera/12.0/nios2eds/bin/gnu/H-i686-pc-linux-gnu/bin/../lib/gcc/nios2-elf/4.1.2/../../../../nios2-elf/lib/mno-hw-mul/libc.a(lib_a-impure.o)
                                  0x4 (size before relaxing)
 *fill*         0x0009932e        0x2 00
 .rodata.str1.4
                0x00099330        0x2 /tools/altera/12.0/nios2eds/bin/gnu/H-i686-pc-linux-gnu/bin/../lib/gcc/nios2-elf/4.1.2/../../../../nios2-elf/lib/mno-hw-mul/libc.a(lib_a-puts.o)
                                  0x4 (size before relaxing)
 *fill*         0x00099332        0x2 00
 .rodata.str1.4
                0x00099334       0x5e /tools/altera/12.0/nios2eds/bin/gnu/H-i686-pc-linux-gnu/bin/../lib/gcc/nios2-elf/4.1.2/../../../../nios2-elf/lib/mno-hw-mul/libc.a(lib_a-vfprintf.o)
                                 0x60 (size before relaxing)
 .rodata        0x00099392       0x20 /tools/altera/12.0/nios2eds/bin/gnu/H-i686-pc-linux-gnu/bin/../lib/gcc/nios2-elf/4.1.2/../../../../nios2-elf/lib/mno-hw-mul/libc.a(lib_a-vfprintf.o)
 *fill*         0x000993b2        0x2 00
 .rodata.str1.4
                0x000993b4       0x10 /tools/altera/12.0/nios2eds/bin/gnu/H-i686-pc-linux-gnu/bin/../lib/gcc/nios2-elf/4.1.2/../../../../nios2-elf/lib/mno-hw-mul/libc.a(lib_a-dtoa.o)
                                 0x14 (size before relaxing)
 .rodata.str1.4
                0x000993c4       0x10 /tools/altera/12.0/nios2eds/bin/gnu/H-i686-pc-linux-gnu/bin/../lib/gcc/nios2-elf/4.1.2/../../../../nios2-elf/lib/mno-hw-mul/libc.a(lib_a-locale.o)
                                 0x18 (size before relaxing)
 .rodata        0x000993d4       0x30 /tools/altera/12.0/nios2eds/bin/gnu/H-i686-pc-linux-gnu/bin/../lib/gcc/nios2-elf/4.1.2/../../../../nios2-elf/lib/mno-hw-mul/libc.a(lib_a-locale.o)
 .rodata        0x00099404      0x124 /tools/altera/12.0/nios2eds/bin/gnu/H-i686-pc-linux-gnu/bin/../lib/gcc/nios2-elf/4.1.2/../../../../nios2-elf/lib/mno-hw-mul/libc.a(lib_a-mprec.o)
                0x00099404                __mprec_tens
                0x000994cc                __mprec_bigtens
                0x000994f4                __mprec_tinytens
 .rodata        0x00099528       0x14 /tools/altera/12.0/nios2eds/bin/gnu/H-i686-pc-linux-gnu/bin/../lib/gcc/nios2-elf/4.1.2/mno-hw-mul/libgcc.a(_thenan_df.o)
                0x00099528                __thenan_df
 .rodata        0x0009953c      0x100 /tools/altera/12.0/nios2eds/bin/gnu/H-i686-pc-linux-gnu/bin/../lib/gcc/nios2-elf/4.1.2/mno-hw-mul/libgcc.a(_clz.o)
                0x0009953c                __clz_tab
 .rodata        0x0009963c        0xc ../experiment3_bsp//libucosii_bsp.a(alt_dev.o)
 .rodata        0x00099648       0x14 ../experiment3_bsp//libucosii_bsp.a(alt_main.o)
 .rodata        0x0009965c      0x120 ../experiment3_bsp//libucosii_bsp.a(os_core.o)
                0x0009965c                OSUnMapTbl
 .rodata        0x0009977c       0x2c ../experiment3_bsp//libucosii_bsp.a(alt_sys_init.o)
 .rodata        0x000997a8        0x4 ../experiment3_bsp//libucosii_bsp.a(os_cpu_c.o)
 *(.rodata1)
                0x000997ac                . = ALIGN (0x4)
                0x000997ac                PROVIDE (__ram_rodata_end, ABSOLUTE (.))
                0x000988bc                PROVIDE (__flash_rodata_start, LOADADDR (.rodata))

.rwdata         0x000997ac     0x1b10 load address 0x0009b2bc
                0x000997ac                PROVIDE (__ram_rwdata_start, ABSOLUTE (.))
                0x000997ac                . = ALIGN (0x4)
 *(.got.plt)
 *(.got)
 *(.data1)
 *(.data .data.* .gnu.linkonce.d.*)
 .data          0x000997ac        0x0 ../experiment3_bsp//obj/HAL/src/crt0.o
 .data          0x000997ac        0x0 obj/default/PB_button.o
 .data          0x000997ac        0x0 obj/default/alt_ucosii_simple_error_check.o
 .data          0x000997ac        0x0 obj/default/experiment3.o
 .data          0x000997ac        0x0 obj/default/tasks.o
 .data          0x000997ac        0x0 /tools/altera/12.0/nios2eds/bin/gnu/H-i686-pc-linux-gnu/bin/../lib/gcc/nios2-elf/4.1.2/../../../../nios2-elf/lib/mno-hw-mul/libc.a(lib_a-fprintf.o)
 .data          0x000997ac        0x0 /tools/altera/12.0/nios2eds/bin/gnu/H-i686-pc-linux-gnu/bin/../lib/gcc/nios2-elf/4.1.2/../../../../nios2-elf/lib/mno-hw-mul/libc.a(lib_a-fwrite.o)
 .data          0x000997ac      0x400 /tools/altera/12.0/nios2eds/bin/gnu/H-i686-pc-linux-gnu/bin/../lib/gcc/nios2-elf/4.1.2/../../../../nios2-elf/lib/mno-hw-mul/libc.a(lib_a-impure.o)
 .data          0x00099bac        0x0 /tools/altera/12.0/nios2eds/bin/gnu/H-i686-pc-linux-gnu/bin/../lib/gcc/nios2-elf/4.1.2/../../../../nios2-elf/lib/mno-hw-mul/libc.a(lib_a-putchar.o)
 .data          0x00099bac        0x0 /tools/altera/12.0/nios2eds/bin/gnu/H-i686-pc-linux-gnu/bin/../lib/gcc/nios2-elf/4.1.2/../../../../nios2-elf/lib/mno-hw-mul/libc.a(lib_a-puts.o)
 .data          0x00099bac        0x0 /tools/altera/12.0/nios2eds/bin/gnu/H-i686-pc-linux-gnu/bin/../lib/gcc/nios2-elf/4.1.2/../../../../nios2-elf/lib/mno-hw-mul/libc.a(lib_a-strlen.o)
 .data          0x00099bac        0x0 /tools/altera/12.0/nios2eds/bin/gnu/H-i686-pc-linux-gnu/bin/../lib/gcc/nios2-elf/4.1.2/../../../../nios2-elf/lib/mno-hw-mul/libc.a(lib_a-vfprintf.o)
 .data          0x00099bac        0x0 /tools/altera/12.0/nios2eds/bin/gnu/H-i686-pc-linux-gnu/bin/../lib/gcc/nios2-elf/4.1.2/../../../../nios2-elf/lib/mno-hw-mul/libc.a(lib_a-wsetup.o)
 .data          0x00099bac        0x0 /tools/altera/12.0/nios2eds/bin/gnu/H-i686-pc-linux-gnu/bin/../lib/gcc/nios2-elf/4.1.2/../../../../nios2-elf/lib/mno-hw-mul/libc.a(lib_a-dtoa.o)
 .data          0x00099bac        0x0 /tools/altera/12.0/nios2eds/bin/gnu/H-i686-pc-linux-gnu/bin/../lib/gcc/nios2-elf/4.1.2/../../../../nios2-elf/lib/mno-hw-mul/libc.a(lib_a-fflush.o)
 .data          0x00099bac        0x0 /tools/altera/12.0/nios2eds/bin/gnu/H-i686-pc-linux-gnu/bin/../lib/gcc/nios2-elf/4.1.2/../../../../nios2-elf/lib/mno-hw-mul/libc.a(lib_a-findfp.o)
 .data          0x00099bac        0x0 /tools/altera/12.0/nios2eds/bin/gnu/H-i686-pc-linux-gnu/bin/../lib/gcc/nios2-elf/4.1.2/../../../../nios2-elf/lib/mno-hw-mul/libc.a(lib_a-freer.o)
 .data          0x00099bac        0x0 /tools/altera/12.0/nios2eds/bin/gnu/H-i686-pc-linux-gnu/bin/../lib/gcc/nios2-elf/4.1.2/../../../../nios2-elf/lib/mno-hw-mul/libc.a(lib_a-fvwrite.o)
 .data          0x00099bac        0x0 /tools/altera/12.0/nios2eds/bin/gnu/H-i686-pc-linux-gnu/bin/../lib/gcc/nios2-elf/4.1.2/../../../../nios2-elf/lib/mno-hw-mul/libc.a(lib_a-fwalk.o)
 .data          0x00099bac        0xc /tools/altera/12.0/nios2eds/bin/gnu/H-i686-pc-linux-gnu/bin/../lib/gcc/nios2-elf/4.1.2/../../../../nios2-elf/lib/mno-hw-mul/libc.a(lib_a-locale.o)
                0x00099bac                __lc_ctype
 .data          0x00099bb8        0x0 /tools/altera/12.0/nios2eds/bin/gnu/H-i686-pc-linux-gnu/bin/../lib/gcc/nios2-elf/4.1.2/../../../../nios2-elf/lib/mno-hw-mul/libc.a(lib_a-makebuf.o)
 .data          0x00099bb8      0x408 /tools/altera/12.0/nios2eds/bin/gnu/H-i686-pc-linux-gnu/bin/../lib/gcc/nios2-elf/4.1.2/../../../../nios2-elf/lib/mno-hw-mul/libc.a(lib_a-mallocr.o)
                0x00099bb8                __malloc_av_
 .data          0x00099fc0        0x0 /tools/altera/12.0/nios2eds/bin/gnu/H-i686-pc-linux-gnu/bin/../lib/gcc/nios2-elf/4.1.2/../../../../nios2-elf/lib/mno-hw-mul/libc.a(lib_a-memchr.o)
 .data          0x00099fc0        0x0 /tools/altera/12.0/nios2eds/bin/gnu/H-i686-pc-linux-gnu/bin/../lib/gcc/nios2-elf/4.1.2/../../../../nios2-elf/lib/mno-hw-mul/libc.a(lib_a-memcpy.o)
 .data          0x00099fc0        0x0 /tools/altera/12.0/nios2eds/bin/gnu/H-i686-pc-linux-gnu/bin/../lib/gcc/nios2-elf/4.1.2/../../../../nios2-elf/lib/mno-hw-mul/libc.a(lib_a-memmove.o)
 .data          0x00099fc0        0x0 /tools/altera/12.0/nios2eds/bin/gnu/H-i686-pc-linux-gnu/bin/../lib/gcc/nios2-elf/4.1.2/../../../../nios2-elf/lib/mno-hw-mul/libc.a(lib_a-memset.o)
 .data          0x00099fc0        0x0 /tools/altera/12.0/nios2eds/bin/gnu/H-i686-pc-linux-gnu/bin/../lib/gcc/nios2-elf/4.1.2/../../../../nios2-elf/lib/mno-hw-mul/libc.a(lib_a-mprec.o)
 .data          0x00099fc0        0x0 /tools/altera/12.0/nios2eds/bin/gnu/H-i686-pc-linux-gnu/bin/../lib/gcc/nios2-elf/4.1.2/../../../../nios2-elf/lib/mno-hw-mul/libc.a(lib_a-putc.o)
 .data          0x00099fc0        0x0 /tools/altera/12.0/nios2eds/bin/gnu/H-i686-pc-linux-gnu/bin/../lib/gcc/nios2-elf/4.1.2/../../../../nios2-elf/lib/mno-hw-mul/libc.a(lib_a-reallocr.o)
 .data          0x00099fc0        0x0 /tools/altera/12.0/nios2eds/bin/gnu/H-i686-pc-linux-gnu/bin/../lib/gcc/nios2-elf/4.1.2/../../../../nios2-elf/lib/mno-hw-mul/libc.a(lib_a-s_isinfd.o)
 .data          0x00099fc0        0x0 /tools/altera/12.0/nios2eds/bin/gnu/H-i686-pc-linux-gnu/bin/../lib/gcc/nios2-elf/4.1.2/../../../../nios2-elf/lib/mno-hw-mul/libc.a(lib_a-s_isnand.o)
 .data          0x00099fc0        0x0 /tools/altera/12.0/nios2eds/bin/gnu/H-i686-pc-linux-gnu/bin/../lib/gcc/nios2-elf/4.1.2/../../../../nios2-elf/lib/mno-hw-mul/libc.a(lib_a-sbrkr.o)
 .data          0x00099fc0        0x0 /tools/altera/12.0/nios2eds/bin/gnu/H-i686-pc-linux-gnu/bin/../lib/gcc/nios2-elf/4.1.2/../../../../nios2-elf/lib/mno-hw-mul/libc.a(lib_a-stdio.o)
 .data          0x00099fc0        0x0 /tools/altera/12.0/nios2eds/bin/gnu/H-i686-pc-linux-gnu/bin/../lib/gcc/nios2-elf/4.1.2/../../../../nios2-elf/lib/mno-hw-mul/libc.a(lib_a-strcmp.o)
 .data          0x00099fc0        0x0 /tools/altera/12.0/nios2eds/bin/gnu/H-i686-pc-linux-gnu/bin/../lib/gcc/nios2-elf/4.1.2/../../../../nios2-elf/lib/mno-hw-mul/libc.a(lib_a-wbuf.o)
 .data          0x00099fc0        0x0 /tools/altera/12.0/nios2eds/bin/gnu/H-i686-pc-linux-gnu/bin/../lib/gcc/nios2-elf/4.1.2/../../../../nios2-elf/lib/mno-hw-mul/libc.a(lib_a-writer.o)
 .data          0x00099fc0        0x0 /tools/altera/12.0/nios2eds/bin/gnu/H-i686-pc-linux-gnu/bin/../lib/gcc/nios2-elf/4.1.2/../../../../nios2-elf/lib/mno-hw-mul/libc.a(lib_a-callocr.o)
 .data          0x00099fc0        0x0 /tools/altera/12.0/nios2eds/bin/gnu/H-i686-pc-linux-gnu/bin/../lib/gcc/nios2-elf/4.1.2/../../../../nios2-elf/lib/mno-hw-mul/libc.a(lib_a-closer.o)
 .data          0x00099fc0        0x0 /tools/altera/12.0/nios2eds/bin/gnu/H-i686-pc-linux-gnu/bin/../lib/gcc/nios2-elf/4.1.2/../../../../nios2-elf/lib/mno-hw-mul/libc.a(lib_a-fclose.o)
 .data          0x00099fc0        0x0 /tools/altera/12.0/nios2eds/bin/gnu/H-i686-pc-linux-gnu/bin/../lib/gcc/nios2-elf/4.1.2/../../../../nios2-elf/lib/mno-hw-mul/libc.a(lib_a-fstatr.o)
 .data          0x00099fc0        0x0 /tools/altera/12.0/nios2eds/bin/gnu/H-i686-pc-linux-gnu/bin/../lib/gcc/nios2-elf/4.1.2/../../../../nios2-elf/lib/mno-hw-mul/libc.a(lib_a-int_errno.o)
 .data          0x00099fc0        0x0 /tools/altera/12.0/nios2eds/bin/gnu/H-i686-pc-linux-gnu/bin/../lib/gcc/nios2-elf/4.1.2/../../../../nios2-elf/lib/mno-hw-mul/libc.a(lib_a-isattyr.o)
 .data          0x00099fc0        0x0 /tools/altera/12.0/nios2eds/bin/gnu/H-i686-pc-linux-gnu/bin/../lib/gcc/nios2-elf/4.1.2/../../../../nios2-elf/lib/mno-hw-mul/libc.a(lib_a-lseekr.o)
 .data          0x00099fc0        0x0 /tools/altera/12.0/nios2eds/bin/gnu/H-i686-pc-linux-gnu/bin/../lib/gcc/nios2-elf/4.1.2/../../../../nios2-elf/lib/mno-hw-mul/libc.a(lib_a-readr.o)
 .data          0x00099fc0        0x0 /tools/altera/12.0/nios2eds/bin/gnu/H-i686-pc-linux-gnu/bin/../lib/gcc/nios2-elf/4.1.2/mno-hw-mul/libgcc.a(_udivdi3.o)
 .data          0x00099fc0        0x0 /tools/altera/12.0/nios2eds/bin/gnu/H-i686-pc-linux-gnu/bin/../lib/gcc/nios2-elf/4.1.2/mno-hw-mul/libgcc.a(_umoddi3.o)
 .data          0x00099fc0        0x0 /tools/altera/12.0/nios2eds/bin/gnu/H-i686-pc-linux-gnu/bin/../lib/gcc/nios2-elf/4.1.2/mno-hw-mul/libgcc.a(_addsub_df.o)
 .data          0x00099fc0        0x0 /tools/altera/12.0/nios2eds/bin/gnu/H-i686-pc-linux-gnu/bin/../lib/gcc/nios2-elf/4.1.2/mno-hw-mul/libgcc.a(_mul_df.o)
 .data          0x00099fc0        0x0 /tools/altera/12.0/nios2eds/bin/gnu/H-i686-pc-linux-gnu/bin/../lib/gcc/nios2-elf/4.1.2/mno-hw-mul/libgcc.a(_div_df.o)
 .data          0x00099fc0        0x0 /tools/altera/12.0/nios2eds/bin/gnu/H-i686-pc-linux-gnu/bin/../lib/gcc/nios2-elf/4.1.2/mno-hw-mul/libgcc.a(_eq_df.o)
 .data          0x00099fc0        0x0 /tools/altera/12.0/nios2eds/bin/gnu/H-i686-pc-linux-gnu/bin/../lib/gcc/nios2-elf/4.1.2/mno-hw-mul/libgcc.a(_ne_df.o)
 .data          0x00099fc0        0x0 /tools/altera/12.0/nios2eds/bin/gnu/H-i686-pc-linux-gnu/bin/../lib/gcc/nios2-elf/4.1.2/mno-hw-mul/libgcc.a(_gt_df.o)
 .data          0x00099fc0        0x0 /tools/altera/12.0/nios2eds/bin/gnu/H-i686-pc-linux-gnu/bin/../lib/gcc/nios2-elf/4.1.2/mno-hw-mul/libgcc.a(_ge_df.o)
 .data          0x00099fc0        0x0 /tools/altera/12.0/nios2eds/bin/gnu/H-i686-pc-linux-gnu/bin/../lib/gcc/nios2-elf/4.1.2/mno-hw-mul/libgcc.a(_lt_df.o)
 .data          0x00099fc0        0x0 /tools/altera/12.0/nios2eds/bin/gnu/H-i686-pc-linux-gnu/bin/../lib/gcc/nios2-elf/4.1.2/mno-hw-mul/libgcc.a(_si_to_df.o)
 .data          0x00099fc0        0x0 /tools/altera/12.0/nios2eds/bin/gnu/H-i686-pc-linux-gnu/bin/../lib/gcc/nios2-elf/4.1.2/mno-hw-mul/libgcc.a(_df_to_si.o)
 .data          0x00099fc0        0x0 /tools/altera/12.0/nios2eds/bin/gnu/H-i686-pc-linux-gnu/bin/../lib/gcc/nios2-elf/4.1.2/mno-hw-mul/libgcc.a(_thenan_df.o)
 .data          0x00099fc0        0x0 /tools/altera/12.0/nios2eds/bin/gnu/H-i686-pc-linux-gnu/bin/../lib/gcc/nios2-elf/4.1.2/mno-hw-mul/libgcc.a(_usi_to_df.o)
 .data          0x00099fc0        0x0 /tools/altera/12.0/nios2eds/bin/gnu/H-i686-pc-linux-gnu/bin/../lib/gcc/nios2-elf/4.1.2/mno-hw-mul/libgcc.a(lib2-divmod.o)
 .data          0x00099fc0        0x0 /tools/altera/12.0/nios2eds/bin/gnu/H-i686-pc-linux-gnu/bin/../lib/gcc/nios2-elf/4.1.2/mno-hw-mul/libgcc.a(lib2-mul.o)
 .data          0x00099fc0        0x0 /tools/altera/12.0/nios2eds/bin/gnu/H-i686-pc-linux-gnu/bin/../lib/gcc/nios2-elf/4.1.2/mno-hw-mul/libgcc.a(_muldi3.o)
 .data          0x00099fc0        0x0 /tools/altera/12.0/nios2eds/bin/gnu/H-i686-pc-linux-gnu/bin/../lib/gcc/nios2-elf/4.1.2/mno-hw-mul/libgcc.a(_clz.o)
 .data          0x00099fc0        0x0 /tools/altera/12.0/nios2eds/bin/gnu/H-i686-pc-linux-gnu/bin/../lib/gcc/nios2-elf/4.1.2/mno-hw-mul/libgcc.a(_clzsi2.o)
 .data          0x00099fc0        0x0 /tools/altera/12.0/nios2eds/bin/gnu/H-i686-pc-linux-gnu/bin/../lib/gcc/nios2-elf/4.1.2/mno-hw-mul/libgcc.a(_pack_df.o)
 .data          0x00099fc0        0x0 /tools/altera/12.0/nios2eds/bin/gnu/H-i686-pc-linux-gnu/bin/../lib/gcc/nios2-elf/4.1.2/mno-hw-mul/libgcc.a(_unpack_df.o)
 .data          0x00099fc0        0x0 /tools/altera/12.0/nios2eds/bin/gnu/H-i686-pc-linux-gnu/bin/../lib/gcc/nios2-elf/4.1.2/mno-hw-mul/libgcc.a(_fpcmp_parts_df.o)
 .data          0x00099fc0        0x0 ../experiment3_bsp//libucosii_bsp.a(alt_close.o)
 .data          0x00099fc0      0x1a8 ../experiment3_bsp//libucosii_bsp.a(alt_dev.o)
                0x00099fc0                alt_dev_null
                0x00099fe8                alt_fd_list
 .data          0x0009a168        0x0 ../experiment3_bsp//libucosii_bsp.a(alt_errno.o)
 .data          0x0009a168        0x0 ../experiment3_bsp//libucosii_bsp.a(alt_fstat.o)
 .data          0x0009a168        0x0 ../experiment3_bsp//libucosii_bsp.a(alt_irq_register.o)
 .data          0x0009a168        0x0 ../experiment3_bsp//libucosii_bsp.a(alt_irq_vars.o)
 .data          0x0009a168        0x0 ../experiment3_bsp//libucosii_bsp.a(alt_isatty.o)
 .data          0x0009a168        0x0 ../experiment3_bsp//libucosii_bsp.a(alt_load.o)
 .data          0x0009a168        0x0 ../experiment3_bsp//libucosii_bsp.a(alt_lseek.o)
 .data          0x0009a168        0x0 ../experiment3_bsp//libucosii_bsp.a(alt_main.o)
 .data          0x0009a168        0x0 ../experiment3_bsp//libucosii_bsp.a(alt_printf.o)
 .data          0x0009a168        0x0 ../experiment3_bsp//libucosii_bsp.a(alt_putchar.o)
 .data          0x0009a168        0x0 ../experiment3_bsp//libucosii_bsp.a(alt_read.o)
 .data          0x0009a168        0x0 ../experiment3_bsp//libucosii_bsp.a(alt_release_fd.o)
 .data          0x0009a168        0x0 ../experiment3_bsp//libucosii_bsp.a(alt_sbrk.o)
 .data          0x0009a168        0x0 ../experiment3_bsp//libucosii_bsp.a(alt_write.o)
 .data          0x0009a168        0x0 ../experiment3_bsp//libucosii_bsp.a(alt_env_lock.o)
 .data          0x0009a168        0x0 ../experiment3_bsp//libucosii_bsp.a(alt_malloc_lock.o)
 .data          0x0009a168        0x0 ../experiment3_bsp//libucosii_bsp.a(os_core.o)
 .data          0x0009a168        0x0 ../experiment3_bsp//libucosii_bsp.a(os_dbg.o)
 .data          0x0009a168        0x0 ../experiment3_bsp//libucosii_bsp.a(os_flag.o)
 .data          0x0009a168        0x0 ../experiment3_bsp//libucosii_bsp.a(os_mem.o)
 .data          0x0009a168        0x0 ../experiment3_bsp//libucosii_bsp.a(os_mutex.o)
 .data          0x0009a168        0x0 ../experiment3_bsp//libucosii_bsp.a(os_q.o)
 .data          0x0009a168        0x0 ../experiment3_bsp//libucosii_bsp.a(os_sem.o)
 .data          0x0009a168        0x0 ../experiment3_bsp//libucosii_bsp.a(os_task.o)
 .data          0x0009a168        0x0 ../experiment3_bsp//libucosii_bsp.a(os_time.o)
 .data          0x0009a168     0x1098 ../experiment3_bsp//libucosii_bsp.a(alt_sys_init.o)
 .data          0x0009b200        0x0 ../experiment3_bsp//libucosii_bsp.a(altera_avalon_jtag_uart_fd.o)
 .data          0x0009b200        0x0 ../experiment3_bsp//libucosii_bsp.a(altera_avalon_jtag_uart_init.o)
 .data          0x0009b200        0x0 ../experiment3_bsp//libucosii_bsp.a(altera_avalon_jtag_uart_ioctl.o)
 .data          0x0009b200        0x0 ../experiment3_bsp//libucosii_bsp.a(altera_avalon_jtag_uart_read.o)
 .data          0x0009b200        0x0 ../experiment3_bsp//libucosii_bsp.a(altera_avalon_jtag_uart_write.o)
 .data          0x0009b200        0x0 ../experiment3_bsp//libucosii_bsp.a(altera_avalon_timer_sc.o)
 .data          0x0009b200        0x0 ../experiment3_bsp//libucosii_bsp.a(altera_up_avalon_character_lcd.o)
 .data          0x0009b200        0x0 ../experiment3_bsp//libucosii_bsp.a(alt_alarm_start.o)
 .data          0x0009b200        0x0 ../experiment3_bsp//libucosii_bsp.a(alt_dcache_flush_all.o)
 .data          0x0009b200        0x0 ../experiment3_bsp//libucosii_bsp.a(alt_dev_llist_insert.o)
 .data          0x0009b200        0x0 ../experiment3_bsp//libucosii_bsp.a(alt_do_ctors.o)
 .data          0x0009b200        0x0 ../experiment3_bsp//libucosii_bsp.a(alt_do_dtors.o)
 .data          0x0009b200        0x0 ../experiment3_bsp//libucosii_bsp.a(alt_find_dev.o)
 .data          0x0009b200        0x0 ../experiment3_bsp//libucosii_bsp.a(alt_icache_flush_all.o)
 .data          0x0009b200        0x0 ../experiment3_bsp//libucosii_bsp.a(alt_iic.o)
 .data          0x0009b200        0x0 ../experiment3_bsp//libucosii_bsp.a(alt_iic_isr_register.o)
 .data          0x0009b200        0x0 ../experiment3_bsp//libucosii_bsp.a(alt_io_redirect.o)
 .data          0x0009b200        0x0 ../experiment3_bsp//libucosii_bsp.a(alt_irq_entry.o)
 .data          0x0009b200        0x0 ../experiment3_bsp//libucosii_bsp.a(alt_irq_handler.o)
 .data          0x0009b200        0x0 ../experiment3_bsp//libucosii_bsp.a(alt_open.o)
 .data          0x0009b200        0x0 ../experiment3_bsp//libucosii_bsp.a(alt_tick.o)
 .data          0x0009b200        0x0 ../experiment3_bsp//libucosii_bsp.a(altera_nios2_qsys_irq.o)
 .data          0x0009b200        0x0 ../experiment3_bsp//libucosii_bsp.a(os_cpu_a.o)
 .data          0x0009b200        0x0 ../experiment3_bsp//libucosii_bsp.a(os_cpu_c.o)
 .data          0x0009b200        0x0 ../experiment3_bsp//libucosii_bsp.a(alt_exception_entry.o)
 .data          0x0009b200        0x0 ../experiment3_bsp//libucosii_bsp.a(alt_find_file.o)
 .data          0x0009b200        0x0 ../experiment3_bsp//libucosii_bsp.a(alt_get_fd.o)
 .data          0x0009b200        0x0 /tools/altera/12.0/nios2eds/bin/gnu/H-i686-pc-linux-gnu/bin/../lib/gcc/nios2-elf/4.1.2/../../../../nios2-elf/lib/mno-hw-mul/libc.a(lib_a-atexit.o)
 .data          0x0009b200        0x0 /tools/altera/12.0/nios2eds/bin/gnu/H-i686-pc-linux-gnu/bin/../lib/gcc/nios2-elf/4.1.2/../../../../nios2-elf/lib/mno-hw-mul/libc.a(lib_a-exit.o)
 .data          0x0009b200        0x0 /tools/altera/12.0/nios2eds/bin/gnu/H-i686-pc-linux-gnu/bin/../lib/gcc/nios2-elf/4.1.2/../../../../nios2-elf/lib/mno-hw-mul/libc.a(lib_a-memcmp.o)
 .data          0x0009b200        0x0 /tools/altera/12.0/nios2eds/bin/gnu/H-i686-pc-linux-gnu/bin/../lib/gcc/nios2-elf/4.1.2/../../../../nios2-elf/lib/mno-hw-mul/libc.a(lib_a-__atexit.o)
 .data          0x0009b200        0x0 /tools/altera/12.0/nios2eds/bin/gnu/H-i686-pc-linux-gnu/bin/../lib/gcc/nios2-elf/4.1.2/../../../../nios2-elf/lib/mno-hw-mul/libc.a(lib_a-__call_atexit.o)
 .data          0x0009b200        0x0 ../experiment3_bsp//libucosii_bsp.a(alt_exit.o)
                0x000a3200                _gp = ABSOLUTE ((. + 0x8000))
                0x000a3200                PROVIDE (gp, _gp)
 *(.rwdata .rwdata.*)
 *(.sdata .sdata.* .gnu.linkonce.s.*)
 .sdata         0x0009b200        0x8 /tools/altera/12.0/nios2eds/bin/gnu/H-i686-pc-linux-gnu/bin/../lib/gcc/nios2-elf/4.1.2/../../../../nios2-elf/lib/mno-hw-mul/libc.a(lib_a-impure.o)
                0x0009b200                _impure_ptr
                0x0009b204                _global_impure_ptr
 .sdata         0x0009b208        0x8 /tools/altera/12.0/nios2eds/bin/gnu/H-i686-pc-linux-gnu/bin/../lib/gcc/nios2-elf/4.1.2/../../../../nios2-elf/lib/mno-hw-mul/libc.a(lib_a-locale.o)
                0x0009b208                __mb_cur_max
 .sdata         0x0009b210        0x8 /tools/altera/12.0/nios2eds/bin/gnu/H-i686-pc-linux-gnu/bin/../lib/gcc/nios2-elf/4.1.2/../../../../nios2-elf/lib/mno-hw-mul/libc.a(lib_a-mallocr.o)
                0x0009b210                __malloc_trim_threshold
                0x0009b214                __malloc_sbrk_base
 .sdata         0x0009b218       0x14 ../experiment3_bsp//libucosii_bsp.a(alt_dev.o)
                0x0009b218                alt_fs_list
                0x0009b220                alt_dev_list
                0x0009b228                alt_max_fd
 .sdata         0x0009b22c        0x4 ../experiment3_bsp//libucosii_bsp.a(alt_errno.o)
                0x0009b22c                alt_errno
 .sdata         0x0009b230        0x4 ../experiment3_bsp//libucosii_bsp.a(alt_irq_vars.o)
                0x0009b230                alt_priority_mask
 .sdata         0x0009b234        0x4 ../experiment3_bsp//libucosii_bsp.a(alt_sbrk.o)
 .sdata         0x0009b238        0x4 ../experiment3_bsp//libucosii_bsp.a(alt_env_lock.o)
 .sdata         0x0009b23c        0x4 ../experiment3_bsp//libucosii_bsp.a(alt_malloc_lock.o)
 .sdata         0x0009b240       0x74 ../experiment3_bsp//libucosii_bsp.a(os_dbg.o)
                0x0009b240                OSDebugEn
                0x0009b244                OSEndiannessTest
                0x0009b248                OSEventEn
                0x0009b24a                OSEventMax
                0x0009b24c                OSEventNameSize
                0x0009b24e                OSEventSize
                0x0009b250                OSEventTblSize
                0x0009b252                OSEventMultiEn
                0x0009b254                OSFlagEn
                0x0009b256                OSFlagGrpSize
                0x0009b258                OSFlagNodeSize
                0x0009b25a                OSFlagWidth
                0x0009b25c                OSFlagMax
                0x0009b25e                OSFlagNameSize
                0x0009b260                OSLowestPrio
                0x0009b262                OSMboxEn
                0x0009b264                OSMemEn
                0x0009b266                OSMemMax
                0x0009b268                OSMemNameSize
                0x0009b26a                OSMemSize
                0x0009b26c                OSMemTblSize
                0x0009b26e                OSMutexEn
                0x0009b270                OSPtrSize
                0x0009b272                OSQEn
                0x0009b274                OSQMax
                0x0009b276                OSQSize
                0x0009b278                OSRdyTblSize
                0x0009b27a                OSSemEn
                0x0009b27c                OSStkWidth
                0x0009b27e                OSTaskCreateEn
                0x0009b280                OSTaskCreateExtEn
                0x0009b282                OSTaskDelEn
                0x0009b284                OSTaskIdleStkSize
                0x0009b286                OSTaskProfileEn
                0x0009b288                OSTaskMax
                0x0009b28a                OSTaskNameSize
                0x0009b28c                OSTaskStatEn
                0x0009b28e                OSTaskStatStkSize
                0x0009b290                OSTaskStatStkChkEn
                0x0009b292                OSTaskSwHookEn
                0x0009b294                OSTCBPrioTblMax
                0x0009b296                OSTCBSize
                0x0009b298                OSTicksPerSec
                0x0009b29a                OSTimeTickHookEn
                0x0009b29c                OSVersionNbr
                0x0009b29e                OSTmrEn
                0x0009b2a0                OSTmrCfgMax
                0x0009b2a2                OSTmrCfgNameSize
                0x0009b2a4                OSTmrCfgWheelSize
                0x0009b2a6                OSTmrCfgTicksPerSec
                0x0009b2a8                OSTmrSize
                0x0009b2aa                OSTmrTblSize
                0x0009b2ac                OSTmrWheelSize
                0x0009b2ae                OSTmrWheelTblSize
                0x0009b2b0                OSDataSize
 .sdata         0x0009b2b4        0x8 ../experiment3_bsp//libucosii_bsp.a(alt_tick.o)
                0x0009b2b4                alt_alarm_list
 *(.sdata2 .sdata2.* .gnu.linkonce.s2.*)
                0x0009b2bc                . = ALIGN (0x4)
                0x0009b2bc                _edata = ABSOLUTE (.)
                0x0009b2bc                PROVIDE (edata, ABSOLUTE (.))
                0x0009b2bc                PROVIDE (__ram_rwdata_end, ABSOLUTE (.))
                0x0009b2bc                PROVIDE (__flash_rwdata_start, LOADADDR (.rwdata))

.bss            0x0009cdcc     0xf748
                0x0009cdcc                __bss_start = ABSOLUTE (.)
                0x0009cdcc                PROVIDE (__sbss_start, ABSOLUTE (.))
                0x0009cdcc                PROVIDE (___sbss_start, ABSOLUTE (.))
 *(.dynsbss)
 *(.sbss .sbss.* .gnu.linkonce.sb.*)
 .sbss          0x0009cdcc        0x4 obj/default/experiment3.o
                0x0009cdcc                lcd_0
 .sbss          0x0009cdd0       0x10 obj/default/tasks.o
                0x0009cdd0                SwitchBMutex
                0x0009cdd4                SwitchAMutex
                0x0009cdd8                GreenLEDMutex
                0x0009cddc                RedLEDMutex
 .sbss          0x0009cde0        0xc /tools/altera/12.0/nios2eds/bin/gnu/H-i686-pc-linux-gnu/bin/../lib/gcc/nios2-elf/4.1.2/../../../../nios2-elf/lib/mno-hw-mul/libc.a(lib_a-locale.o)
                0x0009cde0                __nlocale_changed
                0x0009cde4                __mlocale_changed
                0x0009cde8                _PathLocale
 .sbss          0x0009cdec        0xc /tools/altera/12.0/nios2eds/bin/gnu/H-i686-pc-linux-gnu/bin/../lib/gcc/nios2-elf/4.1.2/../../../../nios2-elf/lib/mno-hw-mul/libc.a(lib_a-mallocr.o)
                0x0009cdec                __malloc_top_pad
                0x0009cdf0                __malloc_max_sbrked_mem
                0x0009cdf4                __malloc_max_total_mem
 .sbss          0x0009cdf8        0x4 /tools/altera/12.0/nios2eds/bin/gnu/H-i686-pc-linux-gnu/bin/../lib/gcc/nios2-elf/4.1.2/../../../../nios2-elf/lib/mno-hw-mul/libc.a(lib_a-int_errno.o)
                0x0009cdf8                errno
 .sbss          0x0009cdfc        0x4 ../experiment3_bsp//libucosii_bsp.a(alt_dev.o)
                0x0009cdfc                alt_fd_list_lock
 .sbss          0x0009ce00        0x4 ../experiment3_bsp//libucosii_bsp.a(alt_irq_vars.o)
                0x0009ce00                alt_irq_active
 .sbss          0x0009ce04        0xc ../experiment3_bsp//libucosii_bsp.a(alt_main.o)
                0x0009ce04                alt_argc
                0x0009ce08                alt_argv
                0x0009ce0c                alt_envp
 .sbss          0x0009ce10        0x8 ../experiment3_bsp//libucosii_bsp.a(alt_env_lock.o)
                0x0009ce14                alt_envsem
 .sbss          0x0009ce18        0x8 ../experiment3_bsp//libucosii_bsp.a(alt_malloc_lock.o)
                0x0009ce1c                alt_heapsem
 .sbss          0x0009ce20       0x50 ../experiment3_bsp//libucosii_bsp.a(os_core.o)
                0x0009ce20                OSLockNesting
                0x0009ce21                OSRunning
                0x0009ce24                OSIdleCtr
                0x0009ce28                OSPrioHighRdy
                0x0009ce29                OSPrioCur
                0x0009ce2c                OSTCBList
                0x0009ce30                OSTickStepState
                0x0009ce34                OSCtxSwCtr
                0x0009ce38                OSIdleCtrMax
                0x0009ce3c                OSTCBFreeList
                0x0009ce40                OSCPUUsage
                0x0009ce41                OSTaskCtr
                0x0009ce44                OSMemFreeList
                0x0009ce48                OSTCBHighRdy
                0x0009ce4c                OSQFreeList
                0x0009ce50                OSRdyGrp
                0x0009ce51                OSRdyTbl
                0x0009ce54                OSEventFreeList
                0x0009ce58                OSIntNesting
                0x0009ce5c                OSTCBCur
                0x0009ce60                OSTime
                0x0009ce64                OSFlagFreeList
                0x0009ce68                OSStatRdy
                0x0009ce6c                OSIdleCtrRun
 .sbss          0x0009ce70        0x8 ../experiment3_bsp//libucosii_bsp.a(alt_tick.o)
                0x0009ce70                _alt_tick_rate
                0x0009ce74                _alt_nticks
 *(.sbss2 .sbss2.* .gnu.linkonce.sb2.*)
 *(.scommon)
                0x0009ce78                PROVIDE (__sbss_end, ABSOLUTE (.))
                0x0009ce78                PROVIDE (___sbss_end, ABSOLUTE (.))
 *(.dynbss)
 *(.bss .bss.* .gnu.linkonce.b.*)
 .bss           0x0009ce78        0x0 ../experiment3_bsp//obj/HAL/src/crt0.o
 .bss           0x0009ce78        0x0 obj/default/PB_button.o
 .bss           0x0009ce78        0x0 obj/default/alt_ucosii_simple_error_check.o
 .bss           0x0009ce78        0x0 obj/default/experiment3.o
 .bss           0x0009ce78        0x0 obj/default/tasks.o
 .bss           0x0009ce78        0x0 /tools/altera/12.0/nios2eds/bin/gnu/H-i686-pc-linux-gnu/bin/../lib/gcc/nios2-elf/4.1.2/../../../../nios2-elf/lib/mno-hw-mul/libc.a(lib_a-fprintf.o)
 .bss           0x0009ce78        0x0 /tools/altera/12.0/nios2eds/bin/gnu/H-i686-pc-linux-gnu/bin/../lib/gcc/nios2-elf/4.1.2/../../../../nios2-elf/lib/mno-hw-mul/libc.a(lib_a-fwrite.o)
 .bss           0x0009ce78        0x0 /tools/altera/12.0/nios2eds/bin/gnu/H-i686-pc-linux-gnu/bin/../lib/gcc/nios2-elf/4.1.2/../../../../nios2-elf/lib/mno-hw-mul/libc.a(lib_a-impure.o)
 .bss           0x0009ce78        0x0 /tools/altera/12.0/nios2eds/bin/gnu/H-i686-pc-linux-gnu/bin/../lib/gcc/nios2-elf/4.1.2/../../../../nios2-elf/lib/mno-hw-mul/libc.a(lib_a-putchar.o)
 .bss           0x0009ce78        0x0 /tools/altera/12.0/nios2eds/bin/gnu/H-i686-pc-linux-gnu/bin/../lib/gcc/nios2-elf/4.1.2/../../../../nios2-elf/lib/mno-hw-mul/libc.a(lib_a-puts.o)
 .bss           0x0009ce78        0x0 /tools/altera/12.0/nios2eds/bin/gnu/H-i686-pc-linux-gnu/bin/../lib/gcc/nios2-elf/4.1.2/../../../../nios2-elf/lib/mno-hw-mul/libc.a(lib_a-strlen.o)
 .bss           0x0009ce78        0x0 /tools/altera/12.0/nios2eds/bin/gnu/H-i686-pc-linux-gnu/bin/../lib/gcc/nios2-elf/4.1.2/../../../../nios2-elf/lib/mno-hw-mul/libc.a(lib_a-vfprintf.o)
 .bss           0x0009ce78        0x0 /tools/altera/12.0/nios2eds/bin/gnu/H-i686-pc-linux-gnu/bin/../lib/gcc/nios2-elf/4.1.2/../../../../nios2-elf/lib/mno-hw-mul/libc.a(lib_a-wsetup.o)
 .bss           0x0009ce78        0x0 /tools/altera/12.0/nios2eds/bin/gnu/H-i686-pc-linux-gnu/bin/../lib/gcc/nios2-elf/4.1.2/../../../../nios2-elf/lib/mno-hw-mul/libc.a(lib_a-dtoa.o)
 .bss           0x0009ce78        0x0 /tools/altera/12.0/nios2eds/bin/gnu/H-i686-pc-linux-gnu/bin/../lib/gcc/nios2-elf/4.1.2/../../../../nios2-elf/lib/mno-hw-mul/libc.a(lib_a-fflush.o)
 .bss           0x0009ce78        0x0 /tools/altera/12.0/nios2eds/bin/gnu/H-i686-pc-linux-gnu/bin/../lib/gcc/nios2-elf/4.1.2/../../../../nios2-elf/lib/mno-hw-mul/libc.a(lib_a-findfp.o)
 .bss           0x0009ce78        0x0 /tools/altera/12.0/nios2eds/bin/gnu/H-i686-pc-linux-gnu/bin/../lib/gcc/nios2-elf/4.1.2/../../../../nios2-elf/lib/mno-hw-mul/libc.a(lib_a-freer.o)
 .bss           0x0009ce78        0x0 /tools/altera/12.0/nios2eds/bin/gnu/H-i686-pc-linux-gnu/bin/../lib/gcc/nios2-elf/4.1.2/../../../../nios2-elf/lib/mno-hw-mul/libc.a(lib_a-fvwrite.o)
 .bss           0x0009ce78        0x0 /tools/altera/12.0/nios2eds/bin/gnu/H-i686-pc-linux-gnu/bin/../lib/gcc/nios2-elf/4.1.2/../../../../nios2-elf/lib/mno-hw-mul/libc.a(lib_a-fwalk.o)
 .bss           0x0009ce78        0x0 /tools/altera/12.0/nios2eds/bin/gnu/H-i686-pc-linux-gnu/bin/../lib/gcc/nios2-elf/4.1.2/../../../../nios2-elf/lib/mno-hw-mul/libc.a(lib_a-locale.o)
 .bss           0x0009ce78        0x0 /tools/altera/12.0/nios2eds/bin/gnu/H-i686-pc-linux-gnu/bin/../lib/gcc/nios2-elf/4.1.2/../../../../nios2-elf/lib/mno-hw-mul/libc.a(lib_a-makebuf.o)
 .bss           0x0009ce78       0x28 /tools/altera/12.0/nios2eds/bin/gnu/H-i686-pc-linux-gnu/bin/../lib/gcc/nios2-elf/4.1.2/../../../../nios2-elf/lib/mno-hw-mul/libc.a(lib_a-mallocr.o)
                0x0009ce78                __malloc_current_mallinfo
 .bss           0x0009cea0        0x0 /tools/altera/12.0/nios2eds/bin/gnu/H-i686-pc-linux-gnu/bin/../lib/gcc/nios2-elf/4.1.2/../../../../nios2-elf/lib/mno-hw-mul/libc.a(lib_a-memchr.o)
 .bss           0x0009cea0        0x0 /tools/altera/12.0/nios2eds/bin/gnu/H-i686-pc-linux-gnu/bin/../lib/gcc/nios2-elf/4.1.2/../../../../nios2-elf/lib/mno-hw-mul/libc.a(lib_a-memcpy.o)
 .bss           0x0009cea0        0x0 /tools/altera/12.0/nios2eds/bin/gnu/H-i686-pc-linux-gnu/bin/../lib/gcc/nios2-elf/4.1.2/../../../../nios2-elf/lib/mno-hw-mul/libc.a(lib_a-memmove.o)
 .bss           0x0009cea0        0x0 /tools/altera/12.0/nios2eds/bin/gnu/H-i686-pc-linux-gnu/bin/../lib/gcc/nios2-elf/4.1.2/../../../../nios2-elf/lib/mno-hw-mul/libc.a(lib_a-memset.o)
 .bss           0x0009cea0        0x0 /tools/altera/12.0/nios2eds/bin/gnu/H-i686-pc-linux-gnu/bin/../lib/gcc/nios2-elf/4.1.2/../../../../nios2-elf/lib/mno-hw-mul/libc.a(lib_a-mprec.o)
 .bss           0x0009cea0        0x0 /tools/altera/12.0/nios2eds/bin/gnu/H-i686-pc-linux-gnu/bin/../lib/gcc/nios2-elf/4.1.2/../../../../nios2-elf/lib/mno-hw-mul/libc.a(lib_a-putc.o)
 .bss           0x0009cea0        0x0 /tools/altera/12.0/nios2eds/bin/gnu/H-i686-pc-linux-gnu/bin/../lib/gcc/nios2-elf/4.1.2/../../../../nios2-elf/lib/mno-hw-mul/libc.a(lib_a-reallocr.o)
 .bss           0x0009cea0        0x0 /tools/altera/12.0/nios2eds/bin/gnu/H-i686-pc-linux-gnu/bin/../lib/gcc/nios2-elf/4.1.2/../../../../nios2-elf/lib/mno-hw-mul/libc.a(lib_a-s_isinfd.o)
 .bss           0x0009cea0        0x0 /tools/altera/12.0/nios2eds/bin/gnu/H-i686-pc-linux-gnu/bin/../lib/gcc/nios2-elf/4.1.2/../../../../nios2-elf/lib/mno-hw-mul/libc.a(lib_a-s_isnand.o)
 .bss           0x0009cea0        0x0 /tools/altera/12.0/nios2eds/bin/gnu/H-i686-pc-linux-gnu/bin/../lib/gcc/nios2-elf/4.1.2/../../../../nios2-elf/lib/mno-hw-mul/libc.a(lib_a-sbrkr.o)
 .bss           0x0009cea0        0x0 /tools/altera/12.0/nios2eds/bin/gnu/H-i686-pc-linux-gnu/bin/../lib/gcc/nios2-elf/4.1.2/../../../../nios2-elf/lib/mno-hw-mul/libc.a(lib_a-stdio.o)
 .bss           0x0009cea0        0x0 /tools/altera/12.0/nios2eds/bin/gnu/H-i686-pc-linux-gnu/bin/../lib/gcc/nios2-elf/4.1.2/../../../../nios2-elf/lib/mno-hw-mul/libc.a(lib_a-strcmp.o)
 .bss           0x0009cea0        0x0 /tools/altera/12.0/nios2eds/bin/gnu/H-i686-pc-linux-gnu/bin/../lib/gcc/nios2-elf/4.1.2/../../../../nios2-elf/lib/mno-hw-mul/libc.a(lib_a-wbuf.o)
 .bss           0x0009cea0        0x0 /tools/altera/12.0/nios2eds/bin/gnu/H-i686-pc-linux-gnu/bin/../lib/gcc/nios2-elf/4.1.2/../../../../nios2-elf/lib/mno-hw-mul/libc.a(lib_a-writer.o)
 .bss           0x0009cea0        0x0 /tools/altera/12.0/nios2eds/bin/gnu/H-i686-pc-linux-gnu/bin/../lib/gcc/nios2-elf/4.1.2/../../../../nios2-elf/lib/mno-hw-mul/libc.a(lib_a-callocr.o)
 .bss           0x0009cea0        0x0 /tools/altera/12.0/nios2eds/bin/gnu/H-i686-pc-linux-gnu/bin/../lib/gcc/nios2-elf/4.1.2/../../../../nios2-elf/lib/mno-hw-mul/libc.a(lib_a-closer.o)
 .bss           0x0009cea0        0x0 /tools/altera/12.0/nios2eds/bin/gnu/H-i686-pc-linux-gnu/bin/../lib/gcc/nios2-elf/4.1.2/../../../../nios2-elf/lib/mno-hw-mul/libc.a(lib_a-fclose.o)
 .bss           0x0009cea0        0x0 /tools/altera/12.0/nios2eds/bin/gnu/H-i686-pc-linux-gnu/bin/../lib/gcc/nios2-elf/4.1.2/../../../../nios2-elf/lib/mno-hw-mul/libc.a(lib_a-fstatr.o)
 .bss           0x0009cea0        0x0 /tools/altera/12.0/nios2eds/bin/gnu/H-i686-pc-linux-gnu/bin/../lib/gcc/nios2-elf/4.1.2/../../../../nios2-elf/lib/mno-hw-mul/libc.a(lib_a-int_errno.o)
 .bss           0x0009cea0        0x0 /tools/altera/12.0/nios2eds/bin/gnu/H-i686-pc-linux-gnu/bin/../lib/gcc/nios2-elf/4.1.2/../../../../nios2-elf/lib/mno-hw-mul/libc.a(lib_a-isattyr.o)
 .bss           0x0009cea0        0x0 /tools/altera/12.0/nios2eds/bin/gnu/H-i686-pc-linux-gnu/bin/../lib/gcc/nios2-elf/4.1.2/../../../../nios2-elf/lib/mno-hw-mul/libc.a(lib_a-lseekr.o)
 .bss           0x0009cea0        0x0 /tools/altera/12.0/nios2eds/bin/gnu/H-i686-pc-linux-gnu/bin/../lib/gcc/nios2-elf/4.1.2/../../../../nios2-elf/lib/mno-hw-mul/libc.a(lib_a-readr.o)
 .bss           0x0009cea0        0x0 /tools/altera/12.0/nios2eds/bin/gnu/H-i686-pc-linux-gnu/bin/../lib/gcc/nios2-elf/4.1.2/mno-hw-mul/libgcc.a(_udivdi3.o)
 .bss           0x0009cea0        0x0 /tools/altera/12.0/nios2eds/bin/gnu/H-i686-pc-linux-gnu/bin/../lib/gcc/nios2-elf/4.1.2/mno-hw-mul/libgcc.a(_umoddi3.o)
 .bss           0x0009cea0        0x0 /tools/altera/12.0/nios2eds/bin/gnu/H-i686-pc-linux-gnu/bin/../lib/gcc/nios2-elf/4.1.2/mno-hw-mul/libgcc.a(_addsub_df.o)
 .bss           0x0009cea0        0x0 /tools/altera/12.0/nios2eds/bin/gnu/H-i686-pc-linux-gnu/bin/../lib/gcc/nios2-elf/4.1.2/mno-hw-mul/libgcc.a(_mul_df.o)
 .bss           0x0009cea0        0x0 /tools/altera/12.0/nios2eds/bin/gnu/H-i686-pc-linux-gnu/bin/../lib/gcc/nios2-elf/4.1.2/mno-hw-mul/libgcc.a(_div_df.o)
 .bss           0x0009cea0        0x0 /tools/altera/12.0/nios2eds/bin/gnu/H-i686-pc-linux-gnu/bin/../lib/gcc/nios2-elf/4.1.2/mno-hw-mul/libgcc.a(_eq_df.o)
 .bss           0x0009cea0        0x0 /tools/altera/12.0/nios2eds/bin/gnu/H-i686-pc-linux-gnu/bin/../lib/gcc/nios2-elf/4.1.2/mno-hw-mul/libgcc.a(_ne_df.o)
 .bss           0x0009cea0        0x0 /tools/altera/12.0/nios2eds/bin/gnu/H-i686-pc-linux-gnu/bin/../lib/gcc/nios2-elf/4.1.2/mno-hw-mul/libgcc.a(_gt_df.o)
 .bss           0x0009cea0        0x0 /tools/altera/12.0/nios2eds/bin/gnu/H-i686-pc-linux-gnu/bin/../lib/gcc/nios2-elf/4.1.2/mno-hw-mul/libgcc.a(_ge_df.o)
 .bss           0x0009cea0        0x0 /tools/altera/12.0/nios2eds/bin/gnu/H-i686-pc-linux-gnu/bin/../lib/gcc/nios2-elf/4.1.2/mno-hw-mul/libgcc.a(_lt_df.o)
 .bss           0x0009cea0        0x0 /tools/altera/12.0/nios2eds/bin/gnu/H-i686-pc-linux-gnu/bin/../lib/gcc/nios2-elf/4.1.2/mno-hw-mul/libgcc.a(_si_to_df.o)
 .bss           0x0009cea0        0x0 /tools/altera/12.0/nios2eds/bin/gnu/H-i686-pc-linux-gnu/bin/../lib/gcc/nios2-elf/4.1.2/mno-hw-mul/libgcc.a(_df_to_si.o)
 .bss           0x0009cea0        0x0 /tools/altera/12.0/nios2eds/bin/gnu/H-i686-pc-linux-gnu/bin/../lib/gcc/nios2-elf/4.1.2/mno-hw-mul/libgcc.a(_thenan_df.o)
 .bss           0x0009cea0        0x0 /tools/altera/12.0/nios2eds/bin/gnu/H-i686-pc-linux-gnu/bin/../lib/gcc/nios2-elf/4.1.2/mno-hw-mul/libgcc.a(_usi_to_df.o)
 .bss           0x0009cea0        0x0 /tools/altera/12.0/nios2eds/bin/gnu/H-i686-pc-linux-gnu/bin/../lib/gcc/nios2-elf/4.1.2/mno-hw-mul/libgcc.a(lib2-divmod.o)
 .bss           0x0009cea0        0x0 /tools/altera/12.0/nios2eds/bin/gnu/H-i686-pc-linux-gnu/bin/../lib/gcc/nios2-elf/4.1.2/mno-hw-mul/libgcc.a(lib2-mul.o)
 .bss           0x0009cea0        0x0 /tools/altera/12.0/nios2eds/bin/gnu/H-i686-pc-linux-gnu/bin/../lib/gcc/nios2-elf/4.1.2/mno-hw-mul/libgcc.a(_muldi3.o)
 .bss           0x0009cea0        0x0 /tools/altera/12.0/nios2eds/bin/gnu/H-i686-pc-linux-gnu/bin/../lib/gcc/nios2-elf/4.1.2/mno-hw-mul/libgcc.a(_clz.o)
 .bss           0x0009cea0        0x0 /tools/altera/12.0/nios2eds/bin/gnu/H-i686-pc-linux-gnu/bin/../lib/gcc/nios2-elf/4.1.2/mno-hw-mul/libgcc.a(_clzsi2.o)
 .bss           0x0009cea0        0x0 /tools/altera/12.0/nios2eds/bin/gnu/H-i686-pc-linux-gnu/bin/../lib/gcc/nios2-elf/4.1.2/mno-hw-mul/libgcc.a(_pack_df.o)
 .bss           0x0009cea0        0x0 /tools/altera/12.0/nios2eds/bin/gnu/H-i686-pc-linux-gnu/bin/../lib/gcc/nios2-elf/4.1.2/mno-hw-mul/libgcc.a(_unpack_df.o)
 .bss           0x0009cea0        0x0 /tools/altera/12.0/nios2eds/bin/gnu/H-i686-pc-linux-gnu/bin/../lib/gcc/nios2-elf/4.1.2/mno-hw-mul/libgcc.a(_fpcmp_parts_df.o)
 .bss           0x0009cea0        0x0 ../experiment3_bsp//libucosii_bsp.a(alt_close.o)
 .bss           0x0009cea0        0x0 ../experiment3_bsp//libucosii_bsp.a(alt_dev.o)
 .bss           0x0009cea0        0x0 ../experiment3_bsp//libucosii_bsp.a(alt_errno.o)
 .bss           0x0009cea0        0x0 ../experiment3_bsp//libucosii_bsp.a(alt_fstat.o)
 .bss           0x0009cea0        0x0 ../experiment3_bsp//libucosii_bsp.a(alt_irq_register.o)
 .bss           0x0009cea0        0x0 ../experiment3_bsp//libucosii_bsp.a(alt_irq_vars.o)
 .bss           0x0009cea0        0x0 ../experiment3_bsp//libucosii_bsp.a(alt_isatty.o)
 .bss           0x0009cea0        0x0 ../experiment3_bsp//libucosii_bsp.a(alt_load.o)
 .bss           0x0009cea0        0x0 ../experiment3_bsp//libucosii_bsp.a(alt_lseek.o)
 .bss           0x0009cea0        0x0 ../experiment3_bsp//libucosii_bsp.a(alt_main.o)
 .bss           0x0009cea0        0x0 ../experiment3_bsp//libucosii_bsp.a(alt_printf.o)
 .bss           0x0009cea0        0x0 ../experiment3_bsp//libucosii_bsp.a(alt_putchar.o)
 .bss           0x0009cea0        0x0 ../experiment3_bsp//libucosii_bsp.a(alt_read.o)
 .bss           0x0009cea0        0x0 ../experiment3_bsp//libucosii_bsp.a(alt_release_fd.o)
 .bss           0x0009cea0        0x0 ../experiment3_bsp//libucosii_bsp.a(alt_sbrk.o)
 .bss           0x0009cea0        0x0 ../experiment3_bsp//libucosii_bsp.a(alt_write.o)
 .bss           0x0009cea0        0x0 ../experiment3_bsp//libucosii_bsp.a(alt_env_lock.o)
 .bss           0x0009cea0        0x0 ../experiment3_bsp//libucosii_bsp.a(alt_malloc_lock.o)
 .bss           0x0009cea0        0x0 ../experiment3_bsp//libucosii_bsp.a(os_core.o)
 .bss           0x0009cea0        0x0 ../experiment3_bsp//libucosii_bsp.a(os_dbg.o)
 .bss           0x0009cea0        0x0 ../experiment3_bsp//libucosii_bsp.a(os_flag.o)
 .bss           0x0009cea0        0x0 ../experiment3_bsp//libucosii_bsp.a(os_mem.o)
 .bss           0x0009cea0        0x0 ../experiment3_bsp//libucosii_bsp.a(os_mutex.o)
 .bss           0x0009cea0        0x0 ../experiment3_bsp//libucosii_bsp.a(os_q.o)
 .bss           0x0009cea0        0x0 ../experiment3_bsp//libucosii_bsp.a(os_sem.o)
 .bss           0x0009cea0        0x0 ../experiment3_bsp//libucosii_bsp.a(os_task.o)
 .bss           0x0009cea0        0x0 ../experiment3_bsp//libucosii_bsp.a(os_time.o)
 .bss           0x0009cea0        0x0 ../experiment3_bsp//libucosii_bsp.a(alt_sys_init.o)
 .bss           0x0009cea0        0x0 ../experiment3_bsp//libucosii_bsp.a(altera_avalon_jtag_uart_fd.o)
 .bss           0x0009cea0        0x0 ../experiment3_bsp//libucosii_bsp.a(altera_avalon_jtag_uart_init.o)
 .bss           0x0009cea0        0x0 ../experiment3_bsp//libucosii_bsp.a(altera_avalon_jtag_uart_ioctl.o)
 .bss           0x0009cea0        0x0 ../experiment3_bsp//libucosii_bsp.a(altera_avalon_jtag_uart_read.o)
 .bss           0x0009cea0        0x0 ../experiment3_bsp//libucosii_bsp.a(altera_avalon_jtag_uart_write.o)
 .bss           0x0009cea0        0x0 ../experiment3_bsp//libucosii_bsp.a(altera_avalon_timer_sc.o)
 .bss           0x0009cea0        0x0 ../experiment3_bsp//libucosii_bsp.a(altera_up_avalon_character_lcd.o)
 .bss           0x0009cea0        0x0 ../experiment3_bsp//libucosii_bsp.a(alt_alarm_start.o)
 .bss           0x0009cea0        0x0 ../experiment3_bsp//libucosii_bsp.a(alt_dcache_flush_all.o)
 .bss           0x0009cea0        0x0 ../experiment3_bsp//libucosii_bsp.a(alt_dev_llist_insert.o)
 .bss           0x0009cea0        0x0 ../experiment3_bsp//libucosii_bsp.a(alt_do_ctors.o)
 .bss           0x0009cea0        0x0 ../experiment3_bsp//libucosii_bsp.a(alt_do_dtors.o)
 .bss           0x0009cea0        0x0 ../experiment3_bsp//libucosii_bsp.a(alt_find_dev.o)
 .bss           0x0009cea0        0x0 ../experiment3_bsp//libucosii_bsp.a(alt_icache_flush_all.o)
 .bss           0x0009cea0        0x0 ../experiment3_bsp//libucosii_bsp.a(alt_iic.o)
 .bss           0x0009cea0        0x0 ../experiment3_bsp//libucosii_bsp.a(alt_iic_isr_register.o)
 .bss           0x0009cea0        0x0 ../experiment3_bsp//libucosii_bsp.a(alt_io_redirect.o)
 .bss           0x0009cea0        0x0 ../experiment3_bsp//libucosii_bsp.a(alt_irq_entry.o)
 .bss           0x0009cea0        0x0 ../experiment3_bsp//libucosii_bsp.a(alt_irq_handler.o)
 .bss           0x0009cea0        0x0 ../experiment3_bsp//libucosii_bsp.a(alt_open.o)
 .bss           0x0009cea0        0x0 ../experiment3_bsp//libucosii_bsp.a(alt_tick.o)
 .bss           0x0009cea0        0x0 ../experiment3_bsp//libucosii_bsp.a(altera_nios2_qsys_irq.o)
 .bss           0x0009cea0        0x0 ../experiment3_bsp//libucosii_bsp.a(os_cpu_a.o)
 .bss           0x0009cea0        0x0 ../experiment3_bsp//libucosii_bsp.a(os_cpu_c.o)
 .bss           0x0009cea0        0x0 ../experiment3_bsp//libucosii_bsp.a(alt_exception_entry.o)
 .bss           0x0009cea0        0x0 ../experiment3_bsp//libucosii_bsp.a(alt_find_file.o)
 .bss           0x0009cea0        0x0 ../experiment3_bsp//libucosii_bsp.a(alt_get_fd.o)
 .bss           0x0009cea0        0x0 /tools/altera/12.0/nios2eds/bin/gnu/H-i686-pc-linux-gnu/bin/../lib/gcc/nios2-elf/4.1.2/../../../../nios2-elf/lib/mno-hw-mul/libc.a(lib_a-atexit.o)
 .bss           0x0009cea0        0x0 /tools/altera/12.0/nios2eds/bin/gnu/H-i686-pc-linux-gnu/bin/../lib/gcc/nios2-elf/4.1.2/../../../../nios2-elf/lib/mno-hw-mul/libc.a(lib_a-exit.o)
 .bss           0x0009cea0        0x0 /tools/altera/12.0/nios2eds/bin/gnu/H-i686-pc-linux-gnu/bin/../lib/gcc/nios2-elf/4.1.2/../../../../nios2-elf/lib/mno-hw-mul/libc.a(lib_a-memcmp.o)
 .bss           0x0009cea0        0x0 /tools/altera/12.0/nios2eds/bin/gnu/H-i686-pc-linux-gnu/bin/../lib/gcc/nios2-elf/4.1.2/../../../../nios2-elf/lib/mno-hw-mul/libc.a(lib_a-__atexit.o)
 .bss           0x0009cea0        0x0 /tools/altera/12.0/nios2eds/bin/gnu/H-i686-pc-linux-gnu/bin/../lib/gcc/nios2-elf/4.1.2/../../../../nios2-elf/lib/mno-hw-mul/libc.a(lib_a-__call_atexit.o)
 .bss           0x0009cea0        0x0 ../experiment3_bsp//libucosii_bsp.a(alt_exit.o)
 *(COMMON)
 COMMON         0x0009cea0     0xc1c0 obj/default/tasks.o
                0x0009cea0                custom_task_stk
                0x000a4ea0                custom_task_tcb
                0x000a5050                PBSemaphore
                0x000a5060                initialize_task_stk
                0x000a7060                task_launcher_stk
 COMMON         0x000a9060     0x3224 ../experiment3_bsp//libucosii_bsp.a(os_core.o)
                0x000a9060                OSFlagTbl
                0x000a93d0                OSMemTbl
                0x000aa000                OSTaskStatStk
                0x000aa800                OSQTbl
                0x000aa9e0                OSTaskIdleStk
                0x000ab1e0                OSEventTbl
                0x000abd20                OSTCBTbl
                0x000ac230                OSTCBPrioTbl
 COMMON         0x000ac284      0x100 ../experiment3_bsp//libucosii_bsp.a(alt_irq_handler.o)
                0x000ac284                alt_irq
 COMMON         0x000ac384      0x190 /tools/altera/12.0/nios2eds/bin/gnu/H-i686-pc-linux-gnu/bin/../lib/gcc/nios2-elf/4.1.2/../../../../nios2-elf/lib/mno-hw-mul/libc.a(lib_a-atexit.o)
                0x000ac384                _atexit0
                0x000ac514                . = ALIGN (0x4)
                0x000ac514                __bss_end = ABSOLUTE (.)

.sram_0         0x000ac514        0x0
                0x000ac514                PROVIDE (_alt_partition_sram_0_start, ABSOLUTE (.))
 *(.sram_0. sram_0.*)
                0x000ac514                . = ALIGN (0x4)
                0x000ac514                PROVIDE (_alt_partition_sram_0_end, ABSOLUTE (.))
                0x000ac514                _end = ABSOLUTE (.)
                0x000ac514                end = ABSOLUTE (.)
                0x000ac514                __alt_stack_base = ABSOLUTE (.)
                0x000ac514                PROVIDE (_alt_partition_sram_0_load_addr, LOADADDR (.sram_0))

.stab
 *(.stab)

.stabstr
 *(.stabstr)

.stab.excl
 *(.stab.excl)

.stab.exclstr
 *(.stab.exclstr)

.stab.index
 *(.stab.index)

.stab.indexstr
 *(.stab.indexstr)

.comment        0x00000000       0x23
 *(.comment)
 .comment       0x00000000       0x23 obj/default/PB_button.o
                                 0x24 (size before relaxing)
 .comment       0x00000000       0x24 obj/default/alt_ucosii_simple_error_check.o
 .comment       0x00000000       0x24 obj/default/experiment3.o
 .comment       0x00000000       0x24 obj/default/tasks.o
 .comment       0x00000000       0x24 /tools/altera/12.0/nios2eds/bin/gnu/H-i686-pc-linux-gnu/bin/../lib/gcc/nios2-elf/4.1.2/../../../../nios2-elf/lib/mno-hw-mul/libc.a(lib_a-fprintf.o)
 .comment       0x00000000       0x24 /tools/altera/12.0/nios2eds/bin/gnu/H-i686-pc-linux-gnu/bin/../lib/gcc/nios2-elf/4.1.2/../../../../nios2-elf/lib/mno-hw-mul/libc.a(lib_a-fwrite.o)
 .comment       0x00000000       0x24 /tools/altera/12.0/nios2eds/bin/gnu/H-i686-pc-linux-gnu/bin/../lib/gcc/nios2-elf/4.1.2/../../../../nios2-elf/lib/mno-hw-mul/libc.a(lib_a-impure.o)
 .comment       0x00000000       0x24 /tools/altera/12.0/nios2eds/bin/gnu/H-i686-pc-linux-gnu/bin/../lib/gcc/nios2-elf/4.1.2/../../../../nios2-elf/lib/mno-hw-mul/libc.a(lib_a-putchar.o)
 .comment       0x00000000       0x24 /tools/altera/12.0/nios2eds/bin/gnu/H-i686-pc-linux-gnu/bin/../lib/gcc/nios2-elf/4.1.2/../../../../nios2-elf/lib/mno-hw-mul/libc.a(lib_a-puts.o)
 .comment       0x00000000       0x24 /tools/altera/12.0/nios2eds/bin/gnu/H-i686-pc-linux-gnu/bin/../lib/gcc/nios2-elf/4.1.2/../../../../nios2-elf/lib/mno-hw-mul/libc.a(lib_a-strlen.o)
 .comment       0x00000000       0x24 /tools/altera/12.0/nios2eds/bin/gnu/H-i686-pc-linux-gnu/bin/../lib/gcc/nios2-elf/4.1.2/../../../../nios2-elf/lib/mno-hw-mul/libc.a(lib_a-vfprintf.o)
 .comment       0x00000000       0x24 /tools/altera/12.0/nios2eds/bin/gnu/H-i686-pc-linux-gnu/bin/../lib/gcc/nios2-elf/4.1.2/../../../../nios2-elf/lib/mno-hw-mul/libc.a(lib_a-wsetup.o)
 .comment       0x00000000       0x24 /tools/altera/12.0/nios2eds/bin/gnu/H-i686-pc-linux-gnu/bin/../lib/gcc/nios2-elf/4.1.2/../../../../nios2-elf/lib/mno-hw-mul/libc.a(lib_a-dtoa.o)
 .comment       0x00000000       0x24 /tools/altera/12.0/nios2eds/bin/gnu/H-i686-pc-linux-gnu/bin/../lib/gcc/nios2-elf/4.1.2/../../../../nios2-elf/lib/mno-hw-mul/libc.a(lib_a-fflush.o)
 .comment       0x00000000       0x24 /tools/altera/12.0/nios2eds/bin/gnu/H-i686-pc-linux-gnu/bin/../lib/gcc/nios2-elf/4.1.2/../../../../nios2-elf/lib/mno-hw-mul/libc.a(lib_a-findfp.o)
 .comment       0x00000000       0x24 /tools/altera/12.0/nios2eds/bin/gnu/H-i686-pc-linux-gnu/bin/../lib/gcc/nios2-elf/4.1.2/../../../../nios2-elf/lib/mno-hw-mul/libc.a(lib_a-freer.o)
 .comment       0x00000000       0x24 /tools/altera/12.0/nios2eds/bin/gnu/H-i686-pc-linux-gnu/bin/../lib/gcc/nios2-elf/4.1.2/../../../../nios2-elf/lib/mno-hw-mul/libc.a(lib_a-fvwrite.o)
 .comment       0x00000000       0x24 /tools/altera/12.0/nios2eds/bin/gnu/H-i686-pc-linux-gnu/bin/../lib/gcc/nios2-elf/4.1.2/../../../../nios2-elf/lib/mno-hw-mul/libc.a(lib_a-fwalk.o)
 .comment       0x00000000       0x24 /tools/altera/12.0/nios2eds/bin/gnu/H-i686-pc-linux-gnu/bin/../lib/gcc/nios2-elf/4.1.2/../../../../nios2-elf/lib/mno-hw-mul/libc.a(lib_a-locale.o)
 .comment       0x00000000       0x24 /tools/altera/12.0/nios2eds/bin/gnu/H-i686-pc-linux-gnu/bin/../lib/gcc/nios2-elf/4.1.2/../../../../nios2-elf/lib/mno-hw-mul/libc.a(lib_a-makebuf.o)
 .comment       0x00000000       0x24 /tools/altera/12.0/nios2eds/bin/gnu/H-i686-pc-linux-gnu/bin/../lib/gcc/nios2-elf/4.1.2/../../../../nios2-elf/lib/mno-hw-mul/libc.a(lib_a-mallocr.o)
 .comment       0x00000000       0x24 /tools/altera/12.0/nios2eds/bin/gnu/H-i686-pc-linux-gnu/bin/../lib/gcc/nios2-elf/4.1.2/../../../../nios2-elf/lib/mno-hw-mul/libc.a(lib_a-memchr.o)