Archive member included because of file (symbol)

/tools/altera/12.0/nios2eds/bin/gnu/H-i686-pc-linux-gnu/bin/../lib/gcc/nios2-elf/4.1.2/mno-hw-mul/libgcc.a(lib2-divmod.o)
                              obj/default/tasks.o (__umodsi3)
/tools/altera/12.0/nios2eds/bin/gnu/H-i686-pc-linux-gnu/bin/../lib/gcc/nios2-elf/4.1.2/mno-hw-mul/libgcc.a(lib2-mul.o)
                              obj/default/PB_button.o (__mulsi3)
/tools/altera/12.0/nios2eds/bin/gnu/H-i686-pc-linux-gnu/bin/../lib/gcc/nios2-elf/4.1.2/../../../../nios2-elf/lib/mno-hw-mul/libc.a(lib_a-fprintf.o)
                              obj/default/alt_ucosii_simple_error_check.o (fprintf)
/tools/altera/12.0/nios2eds/bin/gnu/H-i686-pc-linux-gnu/bin/../lib/gcc/nios2-elf/4.1.2/../../../../nios2-elf/lib/mno-hw-mul/libc.a(lib_a-fwrite.o)
                              obj/default/alt_ucosii_simple_error_check.o (fwrite)
/tools/altera/12.0/nios2eds/bin/gnu/H-i686-pc-linux-gnu/bin/../lib/gcc/nios2-elf/4.1.2/../../../../nios2-elf/lib/mno-hw-mul/libc.a(lib_a-impure.o)
                              obj/default/alt_ucosii_simple_error_check.o (_impure_ptr)
/tools/altera/12.0/nios2eds/bin/gnu/H-i686-pc-linux-gnu/bin/../lib/gcc/nios2-elf/4.1.2/../../../../nios2-elf/lib/mno-hw-mul/libc.a(lib_a-printf.o)
                              obj/default/tasks.o (printf)
/tools/altera/12.0/nios2eds/bin/gnu/H-i686-pc-linux-gnu/bin/../lib/gcc/nios2-elf/4.1.2/../../../../nios2-elf/lib/mno-hw-mul/libc.a(lib_a-putchar.o)
                              obj/default/tasks.o (putchar)
/tools/altera/12.0/nios2eds/bin/gnu/H-i686-pc-linux-gnu/bin/../lib/gcc/nios2-elf/4.1.2/../../../../nios2-elf/lib/mno-hw-mul/libc.a(lib_a-puts.o)
                              obj/default/alt_ucosii_simple_error_check.o (puts)
/tools/altera/12.0/nios2eds/bin/gnu/H-i686-pc-linux-gnu/bin/../lib/gcc/nios2-elf/4.1.2/../../../../nios2-elf/lib/mno-hw-mul/libc.a(lib_a-rand.o)
                              obj/default/tasks.o (srand)
/tools/altera/12.0/nios2eds/bin/gnu/H-i686-pc-linux-gnu/bin/../lib/gcc/nios2-elf/4.1.2/../../../../nios2-elf/lib/mno-hw-mul/libc.a(lib_a-strlen.o)
                              /tools/altera/12.0/nios2eds/bin/gnu/H-i686-pc-linux-gnu/bin/../lib/gcc/nios2-elf/4.1.2/../../../../nios2-elf/lib/mno-hw-mul/libc.a(lib_a-puts.o) (strlen)
/tools/altera/12.0/nios2eds/bin/gnu/H-i686-pc-linux-gnu/bin/../lib/gcc/nios2-elf/4.1.2/../../../../nios2-elf/lib/mno-hw-mul/libc.a(lib_a-vfprintf.o)
                              /tools/altera/12.0/nios2eds/bin/gnu/H-i686-pc-linux-gnu/bin/../lib/gcc/nios2-elf/4.1.2/../../../../nios2-elf/lib/mno-hw-mul/libc.a(lib_a-printf.o) (___vfprintf_internal_r)
/tools/altera/12.0/nios2eds/bin/gnu/H-i686-pc-linux-gnu/bin/../lib/gcc/nios2-elf/4.1.2/../../../../nios2-elf/lib/mno-hw-mul/libc.a(lib_a-wsetup.o)
                              /tools/altera/12.0/nios2eds/bin/gnu/H-i686-pc-linux-gnu/bin/../lib/gcc/nios2-elf/4.1.2/../../../../nios2-elf/lib/mno-hw-mul/libc.a(lib_a-vfprintf.o) (__swsetup_r)
/tools/altera/12.0/nios2eds/bin/gnu/H-i686-pc-linux-gnu/bin/../lib/gcc/nios2-elf/4.1.2/../../../../nios2-elf/lib/mno-hw-mul/libc.a(lib_a-dtoa.o)
                              /tools/altera/12.0/nios2eds/bin/gnu/H-i686-pc-linux-gnu/bin/../lib/gcc/nios2-elf/4.1.2/../../../../nios2-elf/lib/mno-hw-mul/libc.a(lib_a-vfprintf.o) (_dtoa_r)
/tools/altera/12.0/nios2eds/bin/gnu/H-i686-pc-linux-gnu/bin/../lib/gcc/nios2-elf/4.1.2/../../../../nios2-elf/lib/mno-hw-mul/libc.a(lib_a-fflush.o)
                              /tools/altera/12.0/nios2eds/bin/gnu/H-i686-pc-linux-gnu/bin/../lib/gcc/nios2-elf/4.1.2/../../../../nios2-elf/lib/mno-hw-mul/libc.a(lib_a-vfprintf.o) (_fflush_r)
/tools/altera/12.0/nios2eds/bin/gnu/H-i686-pc-linux-gnu/bin/../lib/gcc/nios2-elf/4.1.2/../../../../nios2-elf/lib/mno-hw-mul/libc.a(lib_a-findfp.o)
                              /tools/altera/12.0/nios2eds/bin/gnu/H-i686-pc-linux-gnu/bin/../lib/gcc/nios2-elf/4.1.2/../../../../nios2-elf/lib/mno-hw-mul/libc.a(lib_a-fwrite.o) (__sinit)
/tools/altera/12.0/nios2eds/bin/gnu/H-i686-pc-linux-gnu/bin/../lib/gcc/nios2-elf/4.1.2/../../../../nios2-elf/lib/mno-hw-mul/libc.a(lib_a-freer.o)
                              /tools/altera/12.0/nios2eds/bin/gnu/H-i686-pc-linux-gnu/bin/../lib/gcc/nios2-elf/4.1.2/../../../../nios2-elf/lib/mno-hw-mul/libc.a(lib_a-wsetup.o) (_free_r)
/tools/altera/12.0/nios2eds/bin/gnu/H-i686-pc-linux-gnu/bin/../lib/gcc/nios2-elf/4.1.2/../../../../nios2-elf/lib/mno-hw-mul/libc.a(lib_a-fvwrite.o)
                              /tools/altera/12.0/nios2eds/bin/gnu/H-i686-pc-linux-gnu/bin/../lib/gcc/nios2-elf/4.1.2/../../../../nios2-elf/lib/mno-hw-mul/libc.a(lib_a-fwrite.o) (__sfvwrite_r)
/tools/altera/12.0/nios2eds/bin/gnu/H-i686-pc-linux-gnu/bin/../lib/gcc/nios2-elf/4.1.2/../../../../nios2-elf/lib/mno-hw-mul/libc.a(lib_a-fwalk.o)
                              /tools/altera/12.0/nios2eds/bin/gnu/H-i686-pc-linux-gnu/bin/../lib/gcc/nios2-elf/4.1.2/../../../../nios2-elf/lib/mno-hw-mul/libc.a(lib_a-fflush.o) (_fwalk_reent)
[...]
Memory Configuration

Name             Origin             Length             Attributes
reset            0x00080000         0x00000020
sram_0           0x00080020         0x0007ffe0
*default*        0x00000000         0xffffffff

Linker script and memory map

LOAD ../experiment1_bsp//obj/HAL/src/crt0.o
LOAD obj/default/PB_button.o
LOAD obj/default/alt_ucosii_simple_error_check.o
LOAD obj/default/experiment1.o
LOAD obj/default/tasks.o
LOAD /tools/altera/12.0/nios2eds/bin/gnu/H-i686-pc-linux-gnu/bin/../lib/gcc/nios2-elf/4.1.2/../../../../nios2-elf/lib/mno-hw-mul/libstdc++.a
LOAD /tools/altera/12.0/nios2eds/bin/gnu/H-i686-pc-linux-gnu/bin/../lib/gcc/nios2-elf/4.1.2/../../../../nios2-elf/lib/mno-hw-mul/libm.a
LOAD /tools/altera/12.0/nios2eds/bin/gnu/H-i686-pc-linux-gnu/bin/../lib/gcc/nios2-elf/4.1.2/mno-hw-mul/libgcc.a
START GROUP
LOAD /tools/altera/12.0/nios2eds/bin/gnu/H-i686-pc-linux-gnu/bin/../lib/gcc/nios2-elf/4.1.2/../../../../nios2-elf/lib/mno-hw-mul/libc.a
LOAD /tools/altera/12.0/nios2eds/bin/gnu/H-i686-pc-linux-gnu/bin/../lib/gcc/nios2-elf/4.1.2/mno-hw-mul/libgcc.a
LOAD ../experiment1_bsp//libucosii_bsp.a
END GROUP
LOAD /tools/altera/12.0/nios2eds/bin/gnu/H-i686-pc-linux-gnu/bin/../lib/gcc/nios2-elf/4.1.2/mno-hw-mul/libgcc.a
                0x00080000                __alt_mem_sram_0 = 0x80000

.entry          0x00080000       0x20
 *(.entry)
 .entry         0x00080000       0x20 ../experiment1_bsp//obj/HAL/src/crt0.o
                0x00080000                __reset

.exceptions     0x00080020      0x19c
                0x00080020                PROVIDE (__ram_exceptions_start, ABSOLUTE (.))
                0x00080020                . = ALIGN (0x20)
 *(.irq)
 *(.exceptions.entry.label)
 .exceptions.entry.label
                0x00080020        0x0 ../experiment1_bsp//libucosii_bsp.a(alt_irq_entry.o)
                0x00080020                alt_irq_entry
 .exceptions.entry.label
                0x00080020        0x0 ../experiment1_bsp//libucosii_bsp.a(alt_exception_entry.o)
                0x00080020                alt_exception
 *(.exceptions.entry.user)
 *(.exceptions.entry)
 .exceptions.entry
                0x00080020       0x54 ../experiment1_bsp//libucosii_bsp.a(alt_exception_entry.o)
 *(.exceptions.irqtest.user)
 *(.exceptions.irqtest)
 .exceptions.irqtest
                0x00080074       0x10 ../experiment1_bsp//libucosii_bsp.a(alt_irq_entry.o)
 *(.exceptions.irqhandler.user)
 *(.exceptions.irqhandler)
 .exceptions.irqhandler
                0x00080084        0x4 ../experiment1_bsp//libucosii_bsp.a(alt_irq_entry.o)
 *(.exceptions.irqreturn.user)
 *(.exceptions.irqreturn)
 .exceptions.irqreturn
                0x00080088        0x4 ../experiment1_bsp//libucosii_bsp.a(alt_irq_entry.o)
 *(.exceptions.notirq.label)
 .exceptions.notirq.label
                0x0008008c        0x0 ../experiment1_bsp//libucosii_bsp.a(alt_irq_entry.o)
 *(.exceptions.notirq.user)
 *(.exceptions.notirq)
 .exceptions.notirq
                0x0008008c        0x8 ../experiment1_bsp//libucosii_bsp.a(alt_exception_entry.o)
 *(.exceptions.soft.user)
 *(.exceptions.soft)
 *(.exceptions.unknown.user)
 *(.exceptions.unknown)
 .exceptions.unknown
                0x00080094        0x4 ../experiment1_bsp//libucosii_bsp.a(alt_exception_entry.o)
 *(.exceptions.exit.label)
 .exceptions.exit.label
                0x00080098        0x0 ../experiment1_bsp//libucosii_bsp.a(alt_irq_entry.o)
 .exceptions.exit.label
                0x00080098        0x0 ../experiment1_bsp//libucosii_bsp.a(alt_exception_entry.o)
 *(.exceptions.exit.user)
 *(.exceptions.exit)
 .exceptions.exit
                0x00080098       0x54 ../experiment1_bsp//libucosii_bsp.a(alt_exception_entry.o)
 *(.exceptions)
 .exceptions    0x000800ec       0xd0 ../experiment1_bsp//libucosii_bsp.a(alt_irq_handler.o)
                0x000800ec                alt_irq_handler
                0x000801bc                PROVIDE (__ram_exceptions_end, ABSOLUTE (.))
                0x00080020                PROVIDE (__flash_exceptions_start, LOADADDR (.exceptions))

.text           0x000801bc    0x19190
                0x000801bc                PROVIDE (stext, ABSOLUTE (.))
 *(.interp)
 *(.hash)
 *(.dynsym)
 *(.dynstr)
 *(.gnu.version)
 *(.gnu.version_d)
 *(.gnu.version_r)
 *(.rel.init)
 *(.rela.init)
 *(.rel.text .rel.text.* .rel.gnu.linkonce.t.*)
 *(.rela.text .rela.text.* .rela.gnu.linkonce.t.*)
 *(.rel.fini)
 *(.rela.fini)
 *(.rel.rodata .rel.rodata.* .rel.gnu.linkonce.r.*)
 *(.rela.rodata .rela.rodata.* .rela.gnu.linkonce.r.*)
 *(.rel.data .rel.data.* .rel.gnu.linkonce.d.*)
 *(.rela.data .rela.data.* .rela.gnu.linkonce.d.*)
 *(.rel.tdata .rel.tdata.* .rel.gnu.linkonce.td.*)
 *(.rela.tdata .rela.tdata.* .rela.gnu.linkonce.td.*)
 *(.rel.tbss .rel.tbss.* .rel.gnu.linkonce.tb.*)
 *(.rela.tbss .rela.tbss.* .rela.gnu.linkonce.tb.*)
 *(.rel.ctors)
 *(.rela.ctors)
 *(.rel.dtors)
 *(.rela.dtors)
 *(.rel.got)
 *(.rela.got)
 *(.rel.sdata .rel.sdata.* .rel.gnu.linkonce.s.*)
 *(.rela.sdata .rela.sdata.* .rela.gnu.linkonce.s.*)
 *(.rel.sbss .rel.sbss.* .rel.gnu.linkonce.sb.*)
 *(.rela.sbss .rela.sbss.* .rela.gnu.linkonce.sb.*)
 *(.rel.sdata2 .rel.sdata2.* .rel.gnu.linkonce.s2.*)
 *(.rela.sdata2 .rela.sdata2.* .rela.gnu.linkonce.s2.*)
 *(.rel.sbss2 .rel.sbss2.* .rel.gnu.linkonce.sb2.*)
 *(.rela.sbss2 .rela.sbss2.* .rela.gnu.linkonce.sb2.*)
 *(.rel.bss .rel.bss.* .rel.gnu.linkonce.b.*)
 *(.rela.bss .rela.bss.* .rela.gnu.linkonce.b.*)
 *(.rel.plt)
 *(.rela.plt)
 *(.rel.dyn)
 *(.init)
 *(.plt)
 *(.text .stub .text.* .gnu.linkonce.t.*)
 .text          0x000801bc       0x3c ../experiment1_bsp//obj/HAL/src/crt0.o
                0x000801bc                _start
 .text          0x000801f8      0x238 obj/default/PB_button.o
                0x000801f8                KEY0_Pressed
                0x0008023c                KEY1_Pressed
                0x00080280                KEY2_Pressed
                0x000802c4                KEY3_Pressed
                0x00080308                handle_button_interrupts
                0x000803dc                init_button_irq
 .text          0x00080430      0x528 obj/default/alt_ucosii_simple_error_check.o
                0x00080430                alt_ucosii_check_return_code
                0x00080474                alt_ucosii_simple_error_handler
 .text          0x00080958      0x41c obj/default/experiment1.o
                0x00080958                initialize_task
                0x00080994                main
                0x00080af8                init_OS_data_structs
                0x00080cf0                init_create_tasks
 .text          0x00080d74     0x1890 obj/default/tasks.o
                0x00080d74                multiply
                0x00081064                gen_array_0
                0x00081290                gen_array_1
                0x000814cc                top_left_mult
                0x00081748                top_right_mult
                0x000819c8                bottom_left_mult
                0x00081c48                bottom_right_mult
                0x00081ecc                merge
                0x0008229c                task_launcher
 .text          0x00082604      0x14c /tools/altera/12.0/nios2eds/bin/gnu/H-i686-pc-linux-gnu/bin/../lib/gcc/nios2-elf/4.1.2/mno-hw-mul/libgcc.a(lib2-divmod.o)
                0x00082680                __divsi3
                0x000826e0                __modsi3
                0x00082740                __udivsi3
                0x00082748                __umodsi3
 .text          0x00082750       0x38 /tools/altera/12.0/nios2eds/bin/gnu/H-i686-pc-linux-gnu/bin/../lib/gcc/nios2-elf/4.1.2/mno-hw-mul/libgcc.a(lib2-mul.o)
                0x00082750                __mulsi3
 .text          0x00082788       0x60 /tools/altera/12.0/nios2eds/bin/gnu/H-i686-pc-linux-gnu/bin/../lib/gcc/nios2-elf/4.1.2/../../../../nios2-elf/lib/mno-hw-mul/libc.a(lib_a-fprintf.o)
                0x00082788                fprintf
                0x000827b4                _fprintf_r
 .text          0x000827e8       0xec /tools/altera/12.0/nios2eds/bin/gnu/H-i686-pc-linux-gnu/bin/../lib/gcc/nios2-elf/4.1.2/../../../../nios2-elf/lib/mno-hw-mul/libc.a(lib_a-fwrite.o)
                0x000827e8                _fwrite_r
                0x00082894                fwrite
 .text          0x000828d4        0x0 /tools/altera/12.0/nios2eds/bin/gnu/H-i686-pc-linux-gnu/bin/../lib/gcc/nios2-elf/4.1.2/../../../../nios2-elf/lib/mno-hw-mul/libc.a(lib_a-impure.o)
 .text          0x000828d4       0x78 /tools/altera/12.0/nios2eds/bin/gnu/H-i686-pc-linux-gnu/bin/../lib/gcc/nios2-elf/4.1.2/../../../../nios2-elf/lib/mno-hw-mul/libc.a(lib_a-printf.o)
                0x000828d4                printf
                0x00082918                _printf_r
 .text          0x0008294c       0x24 /tools/altera/12.0/nios2eds/bin/gnu/H-i686-pc-linux-gnu/bin/../lib/gcc/nios2-elf/4.1.2/../../../../nios2-elf/lib/mno-hw-mul/libc.a(lib_a-putchar.o)
                0x0008294c                putchar
                0x00082968                _putchar_r
 .text          0x00082970       0xb4 /tools/altera/12.0/nios2eds/bin/gnu/H-i686-pc-linux-gnu/bin/../lib/gcc/nios2-elf/4.1.2/../../../../nios2-elf/lib/mno-hw-mul/libc.a(lib_a-puts.o)
                0x00082970                _puts_r
                0x00082a10                puts
 .text          0x00082a24       0x94 /tools/altera/12.0/nios2eds/bin/gnu/H-i686-pc-linux-gnu/bin/../lib/gcc/nios2-elf/4.1.2/../../../../nios2-elf/lib/mno-hw-mul/libc.a(lib_a-rand.o)
                0x00082a24                srand
                0x00082a40                rand
 .text          0x00082ab8       0x74 /tools/altera/12.0/nios2eds/bin/gnu/H-i686-pc-linux-gnu/bin/../lib/gcc/nios2-elf/4.1.2/../../../../nios2-elf/lib/mno-hw-mul/libc.a(lib_a-strlen.o)
                0x00082ab8                strlen
 .text          0x00082b2c     0x1f40 /tools/altera/12.0/nios2eds/bin/gnu/H-i686-pc-linux-gnu/bin/../lib/gcc/nios2-elf/4.1.2/../../../../nios2-elf/lib/mno-hw-mul/libc.a(lib_a-vfprintf.o)
                0x00082b84                ___vfprintf_internal_r
                0x00084a48                __vfprintf_internal
 .text          0x00084a6c      0x13c /tools/altera/12.0/nios2eds/bin/gnu/H-i686-pc-linux-gnu/bin/../lib/gcc/nios2-elf/4.1.2/../../../../nios2-elf/lib/mno-hw-mul/libc.a(lib_a-wsetup.o)
                0x00084a6c                __swsetup_r
 .text          0x00084ba8     0x17f8 /tools/altera/12.0/nios2eds/bin/gnu/H-i686-pc-linux-gnu/bin/../lib/gcc/nios2-elf/4.1.2/../../../../nios2-elf/lib/mno-hw-mul/libc.a(lib_a-dtoa.o)
                0x00084dec                _dtoa_r
 .text          0x000863a0      0x230 /tools/altera/12.0/nios2eds/bin/gnu/H-i686-pc-linux-gnu/bin/../lib/gcc/nios2-elf/4.1.2/../../../../nios2-elf/lib/mno-hw-mul/libc.a(lib_a-fflush.o)
                0x000863a0                _fflush_r
                0x0008659c                fflush
 .text          0x000865d0      0x2f4 /tools/altera/12.0/nios2eds/bin/gnu/H-i686-pc-linux-gnu/bin/../lib/gcc/nios2-elf/4.1.2/../../../../nios2-elf/lib/mno-hw-mul/libc.a(lib_a-findfp.o)
                0x00086628                __sfp_lock_acquire
                0x0008662c                __sfp_lock_release
                0x00086630                __sinit_lock_acquire
                0x00086634                __sinit_lock_release
                0x00086638                __sinit
                0x000866ec                __fp_unlock_all
                0x00086704                __fp_lock_all
                0x0008671c                _cleanup_r
                0x00086728                _cleanup
                0x00086738                __sfmoreglue
                0x000867d4                __sfp
 .text          0x000868c4      0x440 /tools/altera/12.0/nios2eds/bin/gnu/H-i686-pc-linux-gnu/bin/../lib/gcc/nios2-elf/4.1.2/../../../../nios2-elf/lib/mno-hw-mul/libc.a(lib_a-freer.o)
                0x000868c4                _malloc_trim_r
                0x000869f0                _free_r
 .text          0x00086d04      0x49c /tools/altera/12.0/nios2eds/bin/gnu/H-i686-pc-linux-gnu/bin/../lib/gcc/nios2-elf/4.1.2/../../../../nios2-elf/lib/mno-hw-mul/libc.a(lib_a-fvwrite.o)
                0x00086d04                __sfvwrite_r
 .text          0x000871a0      0x180 /tools/altera/12.0/nios2eds/bin/gnu/H-i686-pc-linux-gnu/bin/../lib/gcc/nios2-elf/4.1.2/../../../../nios2-elf/lib/mno-hw-mul/libc.a(lib_a-fwalk.o)
                0x000871a0                _fwalk_reent
                0x00087268                _fwalk
 .text          0x00087320       0xc4 /tools/altera/12.0/nios2eds/bin/gnu/H-i686-pc-linux-gnu/bin/../lib/gcc/nios2-elf/4.1.2/../../../../nios2-elf/lib/mno-hw-mul/libc.a(lib_a-locale.o)
                0x00087320                __locale_charset
                0x00087328                _localeconv_r
                0x00087334                localeconv
                0x00087344                _setlocale_r
                0x000873c8                setlocale
 .text          0x000873e4      0x194 /tools/altera/12.0/nios2eds/bin/gnu/H-i686-pc-linux-gnu/bin/../lib/gcc/nios2-elf/4.1.2/../../../../nios2-elf/lib/mno-hw-mul/libc.a(lib_a-makebuf.o)
                0x000873e4                __smakebuf_r
 .text          0x00087578      0x740 /tools/altera/12.0/nios2eds/bin/gnu/H-i686-pc-linux-gnu/bin/../lib/gcc/nios2-elf/4.1.2/../../../../nios2-elf/lib/mno-hw-mul/libc.a(lib_a-mallocr.o)
                0x00087578                _malloc_r
 .text          0x00087cb8       0xe4 /tools/altera/12.0/nios2eds/bin/gnu/H-i686-pc-linux-gnu/bin/../lib/gcc/nios2-elf/4.1.2/../../../../nios2-elf/lib/mno-hw-mul/libc.a(lib_a-memchr.o)
                0x00087cb8                memchr
 .text          0x00087d9c       0xa0 /tools/altera/12.0/nios2eds/bin/gnu/H-i686-pc-linux-gnu/bin/../lib/gcc/nios2-elf/4.1.2/../../../../nios2-elf/lib/mno-hw-mul/libc.a(lib_a-memcpy.o)
                0x00087d9c                memcpy
 .text          0x00087e3c       0xe0 /tools/altera/12.0/nios2eds/bin/gnu/H-i686-pc-linux-gnu/bin/../lib/gcc/nios2-elf/4.1.2/../../../../nios2-elf/lib/mno-hw-mul/libc.a(lib_a-memmove.o)
                0x00087e3c                memmove
 .text          0x00087f1c       0x98 /tools/altera/12.0/nios2eds/bin/gnu/H-i686-pc-linux-gnu/bin/../lib/gcc/nios2-elf/4.1.2/../../../../nios2-elf/lib/mno-hw-mul/libc.a(lib_a-memset.o)
                0x00087f1c                memset
 .text          0x00087fb4     0x108c /tools/altera/12.0/nios2eds/bin/gnu/H-i686-pc-linux-gnu/bin/../lib/gcc/nios2-elf/4.1.2/../../../../nios2-elf/lib/mno-hw-mul/libc.a(lib_a-mprec.o)
                0x00087fb4                _Bfree
                0x00087fdc                __hi0bits
                0x0008804c                __lo0bits
                0x00088110                __mcmp
                0x00088170                __ulp
                0x000881f0                __b2d
                0x00088310                __ratio
                0x000883c0                _mprec_log10
                0x00088454                __copybits
                0x000884ac                __any_on
                0x00088534                _Balloc
                0x000885f0                __d2b
                0x0008876c                __mdiff
                0x000888f8                __lshift
                0x00088a44                __multiply
                0x00088c98                __i2b
                0x00088cd4                __multadd
                0x00088e00                __pow5mult
                0x00088f20                __s2b
 .text          0x00089040      0x1ec /tools/altera/12.0/nios2eds/bin/gnu/H-i686-pc-linux-gnu/bin/../lib/gcc/nios2-elf/4.1.2/../../../../nios2-elf/lib/mno-hw-mul/libc.a(lib_a-putc.o)
                0x00089040                putc
                0x00089144                _putc_r
 .text          0x0008922c      0x5f4 /tools/altera/12.0/nios2eds/bin/gnu/H-i686-pc-linux-gnu/bin/../lib/gcc/nios2-elf/4.1.2/../../../../nios2-elf/lib/mno-hw-mul/libc.a(lib_a-reallocr.o)
                0x0008922c                _realloc_r
 .text          0x00089820       0x40 /tools/altera/12.0/nios2eds/bin/gnu/H-i686-pc-linux-gnu/bin/../lib/gcc/nios2-elf/4.1.2/../../../../nios2-elf/lib/mno-hw-mul/libc.a(lib_a-s_isinfd.o)
                0x00089820                __isinfd
 .text          0x00089860       0x30 /tools/altera/12.0/nios2eds/bin/gnu/H-i686-pc-linux-gnu/bin/../lib/gcc/nios2-elf/4.1.2/../../../../nios2-elf/lib/mno-hw-mul/libc.a(lib_a-s_isnand.o)
                0x00089860                __isnand
 .text          0x00089890       0x70 /tools/altera/12.0/nios2eds/bin/gnu/H-i686-pc-linux-gnu/bin/../lib/gcc/nios2-elf/4.1.2/../../../../nios2-elf/lib/mno-hw-mul/libc.a(lib_a-sbrkr.o)
                0x00089890                _sbrk_r
 .text          0x00089900      0x14c /tools/altera/12.0/nios2eds/bin/gnu/H-i686-pc-linux-gnu/bin/../lib/gcc/nios2-elf/4.1.2/../../../../nios2-elf/lib/mno-hw-mul/libc.a(lib_a-stdio.o)
                0x00089900                __sclose
                0x00089908                __sseek
                0x00089970                __swrite
                0x000899ec                __sread
 .text          0x00089a4c       0xbc /tools/altera/12.0/nios2eds/bin/gnu/H-i686-pc-linux-gnu/bin/../lib/gcc/nios2-elf/4.1.2/../../../../nios2-elf/lib/mno-hw-mul/libc.a(lib_a-strcmp.o)
                0x00089a4c                strcmp
 .text          0x00089b08      0x14c /tools/altera/12.0/nios2eds/bin/gnu/H-i686-pc-linux-gnu/bin/../lib/gcc/nios2-elf/4.1.2/../../../../nios2-elf/lib/mno-hw-mul/libc.a(lib_a-wbuf.o)
                0x00089b08                __swbuf_r
                0x00089c38                __swbuf
 .text          0x00089c54       0x78 /tools/altera/12.0/nios2eds/bin/gnu/H-i686-pc-linux-gnu/bin/../lib/gcc/nios2-elf/4.1.2/../../../../nios2-elf/lib/mno-hw-mul/libc.a(lib_a-writer.o)
                0x00089c54                _write_r
 .text          0x00089ccc       0xc8 /tools/altera/12.0/nios2eds/bin/gnu/H-i686-pc-linux-gnu/bin/../lib/gcc/nios2-elf/4.1.2/../../../../nios2-elf/lib/mno-hw-mul/libc.a(lib_a-callocr.o)
                0x00089ccc                _calloc_r
 .text          0x00089d94       0x70 /tools/altera/12.0/nios2eds/bin/gnu/H-i686-pc-linux-gnu/bin/../lib/gcc/nios2-elf/4.1.2/../../../../nios2-elf/lib/mno-hw-mul/libc.a(lib_a-closer.o)
                0x00089d94                _close_r
 .text          0x00089e04      0x124 /tools/altera/12.0/nios2eds/bin/gnu/H-i686-pc-linux-gnu/bin/../lib/gcc/nios2-elf/4.1.2/../../../../nios2-elf/lib/mno-hw-mul/libc.a(lib_a-fclose.o)
                0x00089e04                _fclose_r
                0x00089f14                fclose
 .text          0x00089f28       0x74 /tools/altera/12.0/nios2eds/bin/gnu/H-i686-pc-linux-gnu/bin/../lib/gcc/nios2-elf/4.1.2/../../../../nios2-elf/lib/mno-hw-mul/libc.a(lib_a-fstatr.o)
                0x00089f28                _fstat_r
 .text          0x00089f9c        0x0 /tools/altera/12.0/nios2eds/bin/gnu/H-i686-pc-linux-gnu/bin/../lib/gcc/nios2-elf/4.1.2/../../../../nios2-elf/lib/mno-hw-mul/libc.a(lib_a-int_errno.o)
 .text          0x00089f9c       0x70 /tools/altera/12.0/nios2eds/bin/gnu/H-i686-pc-linux-gnu/bin/../lib/gcc/nios2-elf/4.1.2/../../../../nios2-elf/lib/mno-hw-mul/libc.a(lib_a-isattyr.o)
                0x00089f9c                _isatty_r
 .text          0x0008a00c       0x78 /tools/altera/12.0/nios2eds/bin/gnu/H-i686-pc-linux-gnu/bin/../lib/gcc/nios2-elf/4.1.2/../../../../nios2-elf/lib/mno-hw-mul/libc.a(lib_a-lseekr.o)
                0x0008a00c                _lseek_r
 .text          0x0008a084       0x78 /tools/altera/12.0/nios2eds/bin/gnu/H-i686-pc-linux-gnu/bin/../lib/gcc/nios2-elf/4.1.2/../../../../nios2-elf/lib/mno-hw-mul/libc.a(lib_a-readr.o)
                0x0008a084                _read_r
 .text          0x0008a0fc      0x124 /tools/altera/12.0/nios2eds/bin/gnu/H-i686-pc-linux-gnu/bin/../lib/gcc/nios2-elf/4.1.2/mno-hw-mul/libgcc.a(_muldi3.o)
                0x0008a0fc                __muldi3
 .text          0x0008a220      0x66c /tools/altera/12.0/nios2eds/bin/gnu/H-i686-pc-linux-gnu/bin/../lib/gcc/nios2-elf/4.1.2/mno-hw-mul/libgcc.a(_udivdi3.o)
                0x0008a220                __udivdi3
 .text          0x0008a88c      0x660 /tools/altera/12.0/nios2eds/bin/gnu/H-i686-pc-linux-gnu/bin/../lib/gcc/nios2-elf/4.1.2/mno-hw-mul/libgcc.a(_umoddi3.o)
                0x0008a88c                __umoddi3
 .text          0x0008aeec      0x504 /tools/altera/12.0/nios2eds/bin/gnu/H-i686-pc-linux-gnu/bin/../lib/gcc/nios2-elf/4.1.2/mno-hw-mul/libgcc.a(_addsub_df.o)
                0x0008b2fc                __subdf3
                0x0008b37c                __adddf3
 .text          0x0008b3f0      0x3c4 /tools/altera/12.0/nios2eds/bin/gnu/H-i686-pc-linux-gnu/bin/../lib/gcc/nios2-elf/4.1.2/mno-hw-mul/libgcc.a(_mul_df.o)
                0x0008b3f0                __muldf3
 .text          0x0008b7b4      0x258 /tools/altera/12.0/nios2eds/bin/gnu/H-i686-pc-linux-gnu/bin/../lib/gcc/nios2-elf/4.1.2/mno-hw-mul/libgcc.a(_div_df.o)
                0x0008b7b4                __divdf3
 .text          0x0008ba0c       0x88 /tools/altera/12.0/nios2eds/bin/gnu/H-i686-pc-linux-gnu/bin/../lib/gcc/nios2-elf/4.1.2/mno-hw-mul/libgcc.a(_eq_df.o)
                0x0008ba0c                __eqdf2
 .text          0x0008ba94       0x88 /tools/altera/12.0/nios2eds/bin/gnu/H-i686-pc-linux-gnu/bin/../lib/gcc/nios2-elf/4.1.2/mno-hw-mul/libgcc.a(_ne_df.o)
                0x0008ba94                __nedf2
 .text          0x0008bb1c       0x88 /tools/altera/12.0/nios2eds/bin/gnu/H-i686-pc-linux-gnu/bin/../lib/gcc/nios2-elf/4.1.2/mno-hw-mul/libgcc.a(_gt_df.o)
                0x0008bb1c                __gtdf2
 .text          0x0008bba4       0x88 /tools/altera/12.0/nios2eds/bin/gnu/H-i686-pc-linux-gnu/bin/../lib/gcc/nios2-elf/4.1.2/mno-hw-mul/libgcc.a(_ge_df.o)
                0x0008bba4                __gedf2
 .text          0x0008bc2c       0x88 /tools/altera/12.0/nios2eds/bin/gnu/H-i686-pc-linux-gnu/bin/../lib/gcc/nios2-elf/4.1.2/mno-hw-mul/libgcc.a(_lt_df.o)
                0x0008bc2c                __ltdf2
 .text          0x0008bcb4       0xf8 /tools/altera/12.0/nios2eds/bin/gnu/H-i686-pc-linux-gnu/bin/../lib/gcc/nios2-elf/4.1.2/mno-hw-mul/libgcc.a(_si_to_df.o)
                0x0008bcb4                __floatsidf
 .text          0x0008bdac       0xd8 /tools/altera/12.0/nios2eds/bin/gnu/H-i686-pc-linux-gnu/bin/../lib/gcc/nios2-elf/4.1.2/mno-hw-mul/libgcc.a(_df_to_si.o)
                0x0008bdac                __fixdfsi
 .text          0x0008be84        0x0 /tools/altera/12.0/nios2eds/bin/gnu/H-i686-pc-linux-gnu/bin/../lib/gcc/nios2-elf/4.1.2/mno-hw-mul/libgcc.a(_thenan_df.o)
 .text          0x0008be84      0x194 /tools/altera/12.0/nios2eds/bin/gnu/H-i686-pc-linux-gnu/bin/../lib/gcc/nios2-elf/4.1.2/mno-hw-mul/libgcc.a(_usi_to_df.o)
                0x0008be84                __floatunsidf
 .text          0x0008c018        0x0 /tools/altera/12.0/nios2eds/bin/gnu/H-i686-pc-linux-gnu/bin/../lib/gcc/nios2-elf/4.1.2/mno-hw-mul/libgcc.a(_clz.o)
 .text          0x0008c018       0x80 /tools/altera/12.0/nios2eds/bin/gnu/H-i686-pc-linux-gnu/bin/../lib/gcc/nios2-elf/4.1.2/mno-hw-mul/libgcc.a(_clzsi2.o)
                0x0008c018                __clzsi2
 .text          0x0008c098      0x314 /tools/altera/12.0/nios2eds/bin/gnu/H-i686-pc-linux-gnu/bin/../lib/gcc/nios2-elf/4.1.2/mno-hw-mul/libgcc.a(_pack_df.o)
                0x0008c098                __pack_d
 .text          0x0008c3ac      0x138 /tools/altera/12.0/nios2eds/bin/gnu/H-i686-pc-linux-gnu/bin/../lib/gcc/nios2-elf/4.1.2/mno-hw-mul/libgcc.a(_unpack_df.o)
                0x0008c3ac                __unpack_d
 .text          0x0008c4e4       0xc8 /tools/altera/12.0/nios2eds/bin/gnu/H-i686-pc-linux-gnu/bin/../lib/gcc/nios2-elf/4.1.2/mno-hw-mul/libgcc.a(_fpcmp_parts_df.o)
                0x0008c4e4                __fpcmp_parts_d
 .text          0x0008c5ac      0x160 ../experiment1_bsp//libucosii_bsp.a(alt_close.o)
                0x0008c5ac                close
 .text          0x0008c70c       0x2c ../experiment1_bsp//libucosii_bsp.a(alt_dev.o)
 .text          0x0008c738        0x0 ../experiment1_bsp//libucosii_bsp.a(alt_errno.o)
 .text          0x0008c738      0x138 ../experiment1_bsp//libucosii_bsp.a(alt_fstat.o)
                0x0008c738                fstat
 .text          0x0008c870      0x1c0 ../experiment1_bsp//libucosii_bsp.a(alt_irq_register.o)
                0x0008c870                alt_irq_register
 .text          0x0008ca30        0x0 ../experiment1_bsp//libucosii_bsp.a(alt_irq_vars.o)
 .text          0x0008ca30      0x124 ../experiment1_bsp//libucosii_bsp.a(alt_isatty.o)
                0x0008ca30                isatty
 .text          0x0008cb54       0xec ../experiment1_bsp//libucosii_bsp.a(alt_load.o)
                0x0008cb54                alt_load
 .text          0x0008cc40      0x154 ../experiment1_bsp//libucosii_bsp.a(alt_lseek.o)
                0x0008cc40                lseek
 .text          0x0008cd94       0xc8 ../experiment1_bsp//libucosii_bsp.a(alt_main.o)
                0x0008cd94                alt_main
 .text          0x0008ce5c      0x184 ../experiment1_bsp//libucosii_bsp.a(alt_read.o)
                0x0008ce5c                read
 .text          0x0008cfe0       0x78 ../experiment1_bsp//libucosii_bsp.a(alt_release_fd.o)
                0x0008cfe0                alt_release_fd
 .text          0x0008d058       0xbc ../experiment1_bsp//libucosii_bsp.a(alt_sbrk.o)
                0x0008d058                sbrk
 .text          0x0008d114      0x184 ../experiment1_bsp//libucosii_bsp.a(alt_write.o)
                0x0008d114                write
 .text          0x0008d298      0x108 ../experiment1_bsp//libucosii_bsp.a(alt_env_lock.o)
                0x0008d298                __env_lock
                0x0008d344                __env_unlock
 .text          0x0008d3a0      0x1d8 ../experiment1_bsp//libucosii_bsp.a(alt_malloc_lock.o)
                0x0008d3a0                __malloc_lock
                0x0008d4a8                __malloc_unlock
 .text          0x0008d578     0x2128 ../experiment1_bsp//libucosii_bsp.a(os_core.o)
                0x0008d578                OSEventNameGet
                0x0008d6a8                OSEventNameSet
                0x0008d7ec                OSEventPendMulti
                0x0008dea0                OSInit
                0x0008def4                OSIntEnter
                0x0008df70                OSIntExit
                0x0008e070                OSSchedLock
                0x0008e0fc                OSSchedUnlock
                0x0008e1e0                OSStart
                0x0008e250                OSStatInit
                0x0008e2fc                OSTimeTick
                0x0008e53c                OSVersion
                0x0008e55c                OS_Dummy
                0x0008e578                OS_EventTaskRdy
                0x0008e70c                OS_EventTaskWait
                0x0008e81c                OS_EventTaskWaitMulti
                0x0008e970                OS_EventTaskRemove
                0x0008ea28                OS_EventTaskRemoveMulti
                0x0008eb2c                OS_EventWaitListInit
                0x0008eef8                OS_MemClr
                0x0008ef4c                OS_MemCopy
                0x0008efb8                OS_Sched
                0x0008f0fc                OS_StrCopy
                0x0008f17c                OS_StrLen
                0x0008f1d4                OS_TaskIdle
                0x0008f230                OS_TaskStat
                0x0008f2f8                OS_TaskStatStkChk
                0x0008f3c0                OS_TCBInit
 .text          0x0008f6a0      0x18c ../experiment1_bsp//libucosii_bsp.a(os_dbg.o)
                0x0008f6a0                OSDebugInit
 .text          0x0008f82c     0x193c ../experiment1_bsp//libucosii_bsp.a(os_flag.o)
                0x0008f82c                OSFlagAccept
                0x0008fb60                OSFlagCreate
                0x0008fc9c                OSFlagDel
                0x0008ff44                OSFlagNameGet
                0x00090088                OSFlagNameSet
                0x000901dc                OSFlagPend
                0x00090820                OSFlagPendGetFlagsRdy
                0x00090888                OSFlagPost
                0x00090c30                OSFlagQuery
                0x00090ec8                OS_FlagInit
                0x000910bc                OS_FlagUnlink
 .text          0x00091168      0xc8c ../experiment1_bsp//libucosii_bsp.a(os_mbox.o)
                0x00091168                OSMboxAccept
                0x0009120c                OSMboxCreate
                0x00091320                OSMboxDel
                0x000915c0                OSMboxPend
                0x00091888                OSMboxPendAbort
                0x00091a04                OSMboxPost
                0x00091b38                OSMboxPostOpt
                0x00091cc4                OSMboxQuery
 .text          0x00091df4      0x80c ../experiment1_bsp//libucosii_bsp.a(os_mem.o)
                0x00091df4                OSMemCreate
                0x00092010                OSMemGet
                0x00092114                OSMemNameGet
                0x00092220                OSMemNameSet
                0x00092340                OSMemPut
                0x00092430                OSMemQuery
                0x0009252c                OS_MemInit
 .text          0x00092600     0x1334 ../experiment1_bsp//libucosii_bsp.a(os_q.o)
                0x00092600                OSQAccept
                0x00092754                OSQCreate
                0x00092968                OSQDel
                0x00092c68                OSQFlush
                0x00092d30                OSQPend
                0x00093050                OSQPendAbort
                0x000931cc                OSQPost
                0x0009334c                OSQPostFront
                0x000934d4                OSQPostOpt
                0x00093708                OSQQuery
                0x00093888                OS_QInit
 .text          0x00093934      0xbc8 ../experiment1_bsp//libucosii_bsp.a(os_sem.o)
                0x00093934                OSSemAccept
                0x000939f4                OSSemCreate
                0x00093b08                OSSemDel
                0x00093da8                OSSemPend
                0x00094024                OSSemPendAbort
                0x000941a0                OSSemPost
                0x000942c8                OSSemQuery
                0x000943f8                OSSemSet
 .text          0x000944fc     0x1a40 ../experiment1_bsp//libucosii_bsp.a(os_task.o)
                0x000944fc                OSTaskChangePrio
                0x00094a70                OSTaskCreate
                0x00094c44                OSTaskCreateExt
                0x00094e44                OSTaskDel
                0x00095250                OSTaskDelReq
                0x000953c0                OSTaskNameGet
                0x00095578                OSTaskNameSet
                0x0009573c                OSTaskResume
                0x00095954                OSTaskStkChk
                0x00095b50                OSTaskSuspend
                0x00095d7c                OSTaskQuery
                0x00095ec0                OS_TaskStkClr
 .text          0x00095f3c      0x5b4 ../experiment1_bsp//libucosii_bsp.a(os_time.o)
                0x00095f3c                OSTimeDly
                0x00096088                OSTimeDlyHMSM
                0x00096218                OSTimeDlyResume
                0x00096428                OSTimeGet
                0x0009648c                OSTimeSet
 .text          0x000964f0       0xf0 ../experiment1_bsp//libucosii_bsp.a(alt_sys_init.o)
                0x000964f0                alt_irq_init
                0x00096524                alt_sys_init
 .text          0x000965e0      0x148 ../experiment1_bsp//libucosii_bsp.a(altera_avalon_jtag_uart_fd.o)
                0x000965e0                altera_avalon_jtag_uart_read_fd
                0x00096638                altera_avalon_jtag_uart_write_fd
                0x00096690                altera_avalon_jtag_uart_close_fd
                0x000966d8                altera_avalon_jtag_uart_ioctl_fd
 .text          0x00096728      0x584 ../experiment1_bsp//libucosii_bsp.a(altera_avalon_jtag_uart_init.o)
                0x00096728                altera_avalon_jtag_uart_init
                0x00096c38                altera_avalon_jtag_uart_close
 .text          0x00096cac       0xf4 ../experiment1_bsp//libucosii_bsp.a(altera_avalon_jtag_uart_ioctl.o)
                0x00096cac                altera_avalon_jtag_uart_ioctl
 .text          0x00096da0      0x2c0 ../experiment1_bsp//libucosii_bsp.a(altera_avalon_jtag_uart_read.o)
                0x00096da0                altera_avalon_jtag_uart_read
 .text          0x00097060      0x2dc ../experiment1_bsp//libucosii_bsp.a(altera_avalon_jtag_uart_write.o)
                0x00097060                altera_avalon_jtag_uart_write
 .text          0x0009733c      0x18c ../experiment1_bsp//libucosii_bsp.a(altera_avalon_performance_counter.o)
                0x0009733c                perf_get_section_time
                0x000973ec                perf_get_total_time
                0x00097440                perf_get_num_starts
                0x00097480                alt_get_performance_counter_base
                0x000974a4                alt_get_cpu_freq
 .text          0x000974c8      0x100 ../experiment1_bsp//libucosii_bsp.a(altera_avalon_timer_sc.o)
                0x00097538                alt_avalon_timer_sc_init
 .text          0x000975c8      0x530 ../experiment1_bsp//libucosii_bsp.a(altera_up_avalon_character_lcd.o)
                0x000975c8                get_DDRAM_addr
                0x00097644                alt_up_character_lcd_send_cmd
                0x00097678                alt_up_character_lcd_init
                0x000976ac                alt_up_character_lcd_open_dev
                0x000976ec                alt_up_character_lcd_write
                0x00097764                alt_up_character_lcd_string
                0x000977dc                alt_up_character_lcd_write_fd
                0x00097828                alt_up_character_lcd_set_cursor_pos
                0x000978a0                alt_up_character_lcd_shift_cursor
                0x00097950                alt_up_character_lcd_shift_display
                0x00097a00                alt_up_character_lcd_erase_pos
                0x00097a90                alt_up_character_lcd_cursor_off
                0x00097ac4                alt_up_character_lcd_cursor_blink_on
 .text          0x00097af8      0x154 ../experiment1_bsp//libucosii_bsp.a(alt_alarm_start.o)
                0x00097af8                alt_alarm_start
 .text          0x00097c4c       0x1c ../experiment1_bsp//libucosii_bsp.a(alt_dcache_flush_all.o)
                0x00097c4c                alt_dcache_flush_all
 .text          0x00097c68      0x114 ../experiment1_bsp//libucosii_bsp.a(alt_dev_llist_insert.o)
                0x00097c68                alt_dev_llist_insert
 .text          0x00097d7c       0x64 ../experiment1_bsp//libucosii_bsp.a(alt_do_ctors.o)
                0x00097d7c                _do_ctors
 .text          0x00097de0       0x64 ../experiment1_bsp//libucosii_bsp.a(alt_do_dtors.o)
                0x00097de0                _do_dtors
 .text          0x00097e44       0x94 ../experiment1_bsp//libucosii_bsp.a(alt_find_dev.o)
                0x00097e44                alt_find_dev
 .text          0x00097ed8       0x1c ../experiment1_bsp//libucosii_bsp.a(alt_icache_flush_all.o)
                0x00097ed8                alt_icache_flush_all
 .text          0x00097ef4      0x1d4 ../experiment1_bsp//libucosii_bsp.a(alt_iic.o)
                0x00097ef4                alt_ic_isr_register
                0x00097f44                alt_ic_irq_enable
                0x00097fe0                alt_ic_irq_disable
                0x00098080                alt_ic_irq_enabled
 .text          0x000980c8       0xf8 ../experiment1_bsp//libucosii_bsp.a(alt_iic_isr_register.o)
                0x000980c8                alt_iic_isr_register
 .text          0x000981c0      0x150 ../experiment1_bsp//libucosii_bsp.a(alt_io_redirect.o)
                0x00098298                alt_io_redirect
 .text          0x00098310        0x0 ../experiment1_bsp//libucosii_bsp.a(alt_irq_entry.o)
 .text          0x00098310        0x0 ../experiment1_bsp//libucosii_bsp.a(alt_irq_handler.o)
 .text          0x00098310      0x2e4 ../experiment1_bsp//libucosii_bsp.a(alt_open.o)
                0x00098408                open
 .text          0x000985f4      0x1a8 ../experiment1_bsp//libucosii_bsp.a(alt_tick.o)
                0x000985f4                alt_alarm_stop
                0x0009868c                alt_tick
 .text          0x0009879c       0x20 ../experiment1_bsp//libucosii_bsp.a(altera_nios2_qsys_irq.o)
                0x0009879c                altera_nios2_qsys_irq_init
 .text          0x000987bc       0xd0 ../experiment1_bsp//libucosii_bsp.a(os_cpu_a.o)
                0x000987bc                OSCtxSw
                0x000987bc                OSIntCtxSw
                0x00098848                OSStartHighRdy
                0x00098868                OSStartTsk
 .text          0x0009888c      0x418 ../experiment1_bsp//libucosii_bsp.a(os_cpu_c.o)
                0x0009888c                OSTaskStkInit
                0x00098b9c                OSTaskCreateHook
                0x00098bbc                OSTaskDelHook
                0x00098bdc                OSTaskSwHook
                0x00098bf8                OSTaskStatHook
                0x00098c14                OSTimeTickHook
                0x00098c30                OSInitHookBegin
                0x00098c4c                OSInitHookEnd
                0x00098c68                OSTaskIdleHook
                0x00098c84                OSTCBInitHook
 .text          0x00098ca4        0x0 ../experiment1_bsp//libucosii_bsp.a(alt_exception_entry.o)
 .text          0x00098ca4      0x120 ../experiment1_bsp//libucosii_bsp.a(alt_find_file.o)
                0x00098ca4                alt_find_file
 .text          0x00098dc4      0x104 ../experiment1_bsp//libucosii_bsp.a(alt_get_fd.o)
                0x00098dc4                alt_get_fd
 .text          0x00098ec8       0x14 /tools/altera/12.0/nios2eds/bin/gnu/H-i686-pc-linux-gnu/bin/../lib/gcc/nios2-elf/4.1.2/../../../../nios2-elf/lib/mno-hw-mul/libc.a(lib_a-atexit.o)
                0x00098ec8                atexit
 .text          0x00098edc       0x38 /tools/altera/12.0/nios2eds/bin/gnu/H-i686-pc-linux-gnu/bin/../lib/gcc/nios2-elf/4.1.2/../../../../nios2-elf/lib/mno-hw-mul/libc.a(lib_a-exit.o)
                0x00098edc                exit
 .text          0x00098f14       0x74 /tools/altera/12.0/nios2eds/bin/gnu/H-i686-pc-linux-gnu/bin/../lib/gcc/nios2-elf/4.1.2/../../../../nios2-elf/lib/mno-hw-mul/libc.a(lib_a-memcmp.o)
                0x00098f14                memcmp
 .text          0x00098f88      0x134 /tools/altera/12.0/nios2eds/bin/gnu/H-i686-pc-linux-gnu/bin/../lib/gcc/nios2-elf/4.1.2/../../../../nios2-elf/lib/mno-hw-mul/libc.a(lib_a-__atexit.o)
                0x00098f88                __register_exitproc
 .text          0x000990bc      0x1b4 /tools/altera/12.0/nios2eds/bin/gnu/H-i686-pc-linux-gnu/bin/../lib/gcc/nios2-elf/4.1.2/../../../../nios2-elf/lib/mno-hw-mul/libc.a(lib_a-__call_atexit.o)
                0x000990c0                __call_exitprocs
 .text          0x00099270       0x6c ../experiment1_bsp//libucosii_bsp.a(alt_exit.o)
                0x000992b0                _exit
 *(.gnu.warning.*)
 *(.fini)
                0x000992dc                PROVIDE (__etext, ABSOLUTE (.))
                0x000992dc                PROVIDE (_etext, ABSOLUTE (.))
                0x000992dc                PROVIDE (etext, ABSOLUTE (.))
 *(.eh_frame_hdr)
                0x000992dc                . = ALIGN (0x4)
                0x000992dc                PROVIDE (__preinit_array_start, ABSOLUTE (.))
 *(.preinit_array)
                0x000992dc                PROVIDE (__preinit_array_end, ABSOLUTE (.))
                0x000992dc                PROVIDE (__init_array_start, ABSOLUTE (.))
 *(.init_array)
                0x000992dc                PROVIDE (__init_array_end, ABSOLUTE (.))
                0x000992dc                PROVIDE (__fini_array_start, ABSOLUTE (.))
 *(.fini_array)
                0x000992dc                PROVIDE (__fini_array_end, ABSOLUTE (.))
 *(.eh_frame)
 .eh_frame      0x000992dc       0x40 /tools/altera/12.0/nios2eds/bin/gnu/H-i686-pc-linux-gnu/bin/../lib/gcc/nios2-elf/4.1.2/mno-hw-mul/libgcc.a(_udivdi3.o)
 .eh_frame      0x0009931c       0x2c /tools/altera/12.0/nios2eds/bin/gnu/H-i686-pc-linux-gnu/bin/../lib/gcc/nios2-elf/4.1.2/mno-hw-mul/libgcc.a(_umoddi3.o)
                                 0x40 (size before relaxing)
 *(.gcc_except_table)
 *(.dynamic)
                0x00099348                PROVIDE (__CTOR_LIST__, ABSOLUTE (.))
 *(.ctors)
 *(SORT(.ctors.*))
 .ctors.65535   0x00099348        0x4 /tools/altera/12.0/nios2eds/bin/gnu/H-i686-pc-linux-gnu/bin/../lib/gcc/nios2-elf/4.1.2/../../../../nios2-elf/lib/mno-hw-mul/libc.a(lib_a-__call_atexit.o)
                0x0009934c                PROVIDE (__CTOR_END__, ABSOLUTE (.))
                0x0009934c                PROVIDE (__DTOR_LIST__, ABSOLUTE (.))
 *(.dtors)
 *(SORT(.dtors.*))
                0x0009934c                PROVIDE (__DTOR_END__, ABSOLUTE (.))
 *(.jcr)
                0x0009934c                . = ALIGN (0x4)

.rodata         0x0009934c      0xcc4
                0x0009934c                PROVIDE (__ram_rodata_start, ABSOLUTE (.))
                0x0009934c                . = ALIGN (0x4)
 *(.rodata .rodata.* .gnu.linkonce.r.*)
 .rodata        0x0009934c      0x3bc obj/default/alt_ucosii_simple_error_check.o
 .rodata        0x00099708      0x130 obj/default/experiment1.o
 .rodata        0x00099838      0x358 obj/default/tasks.o
 .rodata.str1.4
                0x00099b90        0x2 /tools/altera/12.0/nios2eds/bin/gnu/H-i686-pc-linux-gnu/bin/../lib/gcc/nios2-elf/4.1.2/../../../../nios2-elf/lib/mno-hw-mul/libc.a(lib_a-impure.o)
                                  0x4 (size before relaxing)
 *fill*         0x00099b92        0x2 00
 .rodata.str1.4
                0x00099b94        0x2 /tools/altera/12.0/nios2eds/bin/gnu/H-i686-pc-linux-gnu/bin/../lib/gcc/nios2-elf/4.1.2/../../../../nios2-elf/lib/mno-hw-mul/libc.a(lib_a-puts.o)
                                  0x4 (size before relaxing)
 *fill*         0x00099b96        0x2 00
 .rodata.str1.4
                0x00099b98       0x5e /tools/altera/12.0/nios2eds/bin/gnu/H-i686-pc-linux-gnu/bin/../lib/gcc/nios2-elf/4.1.2/../../../../nios2-elf/lib/mno-hw-mul/libc.a(lib_a-vfprintf.o)
                                 0x60 (size before relaxing)
 .rodata        0x00099bf6       0x20 /tools/altera/12.0/nios2eds/bin/gnu/H-i686-pc-linux-gnu/bin/../lib/gcc/nios2-elf/4.1.2/../../../../nios2-elf/lib/mno-hw-mul/libc.a(lib_a-vfprintf.o)
 *fill*         0x00099c16        0x2 00
 .rodata.str1.4
                0x00099c18       0x10 /tools/altera/12.0/nios2eds/bin/gnu/H-i686-pc-linux-gnu/bin/../lib/gcc/nios2-elf/4.1.2/../../../../nios2-elf/lib/mno-hw-mul/libc.a(lib_a-dtoa.o)
                                 0x14 (size before relaxing)
 .rodata.str1.4
                0x00099c28       0x10 /tools/altera/12.0/nios2eds/bin/gnu/H-i686-pc-linux-gnu/bin/../lib/gcc/nios2-elf/4.1.2/../../../../nios2-elf/lib/mno-hw-mul/libc.a(lib_a-locale.o)
                                 0x18 (size before relaxing)
 .rodata        0x00099c38       0x30 /tools/altera/12.0/nios2eds/bin/gnu/H-i686-pc-linux-gnu/bin/../lib/gcc/nios2-elf/4.1.2/../../../../nios2-elf/lib/mno-hw-mul/libc.a(lib_a-locale.o)
 .rodata        0x00099c68      0x124 /tools/altera/12.0/nios2eds/bin/gnu/H-i686-pc-linux-gnu/bin/../lib/gcc/nios2-elf/4.1.2/../../../../nios2-elf/lib/mno-hw-mul/libc.a(lib_a-mprec.o)
                0x00099c68                __mprec_tens
                0x00099d30                __mprec_bigtens
                0x00099d58                __mprec_tinytens
 .rodata        0x00099d8c       0x14 /tools/altera/12.0/nios2eds/bin/gnu/H-i686-pc-linux-gnu/bin/../lib/gcc/nios2-elf/4.1.2/mno-hw-mul/libgcc.a(_thenan_df.o)
                0x00099d8c                __thenan_df
 .rodata        0x00099da0      0x100 /tools/altera/12.0/nios2eds/bin/gnu/H-i686-pc-linux-gnu/bin/../lib/gcc/nios2-elf/4.1.2/mno-hw-mul/libgcc.a(_clz.o)
                0x00099da0                __clz_tab
 .rodata        0x00099ea0        0xc ../experiment1_bsp//libucosii_bsp.a(alt_dev.o)
 .rodata        0x00099eac       0x14 ../experiment1_bsp//libucosii_bsp.a(alt_main.o)
 .rodata        0x00099ec0      0x120 ../experiment1_bsp//libucosii_bsp.a(os_core.o)
                0x00099ec0                OSUnMapTbl
 .rodata        0x00099fe0       0x2c ../experiment1_bsp//libucosii_bsp.a(alt_sys_init.o)
 .rodata        0x0009a00c        0x4 ../experiment1_bsp//libucosii_bsp.a(os_cpu_c.o)
 *(.rodata1)
                0x0009a010                . = ALIGN (0x4)
                0x0009a010                PROVIDE (__ram_rodata_end, ABSOLUTE (.))
                0x0009934c                PROVIDE (__flash_rodata_start, LOADADDR (.rodata))

.rwdata         0x0009a010     0x1b14 load address 0x0009bb24
                0x0009a010                PROVIDE (__ram_rwdata_start, ABSOLUTE (.))
                0x0009a010                . = ALIGN (0x4)
 *(.got.plt)
 *(.got)
 *(.data1)
 *(.data .data.* .gnu.linkonce.d.*)
 .data          0x0009a010        0x0 ../experiment1_bsp//obj/HAL/src/crt0.o
 .data          0x0009a010        0x0 obj/default/PB_button.o
 .data          0x0009a010        0x0 obj/default/alt_ucosii_simple_error_check.o
 .data          0x0009a010        0x0 obj/default/experiment1.o
 .data          0x0009a010        0x0 obj/default/tasks.o
 .data          0x0009a010        0x0 /tools/altera/12.0/nios2eds/bin/gnu/H-i686-pc-linux-gnu/bin/../lib/gcc/nios2-elf/4.1.2/mno-hw-mul/libgcc.a(lib2-divmod.o)
 .data          0x0009a010        0x0 /tools/altera/12.0/nios2eds/bin/gnu/H-i686-pc-linux-gnu/bin/../lib/gcc/nios2-elf/4.1.2/mno-hw-mul/libgcc.a(lib2-mul.o)
 .data          0x0009a010        0x0 /tools/altera/12.0/nios2eds/bin/gnu/H-i686-pc-linux-gnu/bin/../lib/gcc/nios2-elf/4.1.2/../../../../nios2-elf/lib/mno-hw-mul/libc.a(lib_a-fprintf.o)
 .data          0x0009a010        0x0 /tools/altera/12.0/nios2eds/bin/gnu/H-i686-pc-linux-gnu/bin/../lib/gcc/nios2-elf/4.1.2/../../../../nios2-elf/lib/mno-hw-mul/libc.a(lib_a-fwrite.o)
 .data          0x0009a010      0x400 /tools/altera/12.0/nios2eds/bin/gnu/H-i686-pc-linux-gnu/bin/../lib/gcc/nios2-elf/4.1.2/../../../../nios2-elf/lib/mno-hw-mul/libc.a(lib_a-impure.o)
 .data          0x0009a410        0x0 /tools/altera/12.0/nios2eds/bin/gnu/H-i686-pc-linux-gnu/bin/../lib/gcc/nios2-elf/4.1.2/../../../../nios2-elf/lib/mno-hw-mul/libc.a(lib_a-printf.o)
 .data          0x0009a410        0x0 /tools/altera/12.0/nios2eds/bin/gnu/H-i686-pc-linux-gnu/bin/../lib/gcc/nios2-elf/4.1.2/../../../../nios2-elf/lib/mno-hw-mul/libc.a(lib_a-putchar.o)
 .data          0x0009a410        0x0 /tools/altera/12.0/nios2eds/bin/gnu/H-i686-pc-linux-gnu/bin/../lib/gcc/nios2-elf/4.1.2/../../../../nios2-elf/lib/mno-hw-mul/libc.a(lib_a-puts.o)
 .data          0x0009a410        0x0 /tools/altera/12.0/nios2eds/bin/gnu/H-i686-pc-linux-gnu/bin/../lib/gcc/nios2-elf/4.1.2/../../../../nios2-elf/lib/mno-hw-mul/libc.a(lib_a-rand.o)
 .data          0x0009a410        0x0 /tools/altera/12.0/nios2eds/bin/gnu/H-i686-pc-linux-gnu/bin/../lib/gcc/nios2-elf/4.1.2/../../../../nios2-elf/lib/mno-hw-mul/libc.a(lib_a-strlen.o)
 .data          0x0009a410        0x0 /tools/altera/12.0/nios2eds/bin/gnu/H-i686-pc-linux-gnu/bin/../lib/gcc/nios2-elf/4.1.2/../../../../nios2-elf/lib/mno-hw-mul/libc.a(lib_a-vfprintf.o)
 .data          0x0009a410        0x0 /tools/altera/12.0/nios2eds/bin/gnu/H-i686-pc-linux-gnu/bin/../lib/gcc/nios2-elf/4.1.2/../../../../nios2-elf/lib/mno-hw-mul/libc.a(lib_a-wsetup.o)
 .data          0x0009a410        0x0 /tools/altera/12.0/nios2eds/bin/gnu/H-i686-pc-linux-gnu/bin/../lib/gcc/nios2-elf/4.1.2/../../../../nios2-elf/lib/mno-hw-mul/libc.a(lib_a-dtoa.o)
 .data          0x0009a410        0x0 /tools/altera/12.0/nios2eds/bin/gnu/H-i686-pc-linux-gnu/bin/../lib/gcc/nios2-elf/4.1.2/../../../../nios2-elf/lib/mno-hw-mul/libc.a(lib_a-fflush.o)
 .data          0x0009a410        0x0 /tools/altera/12.0/nios2eds/bin/gnu/H-i686-pc-linux-gnu/bin/../lib/gcc/nios2-elf/4.1.2/../../../../nios2-elf/lib/mno-hw-mul/libc.a(lib_a-findfp.o)
 .data          0x0009a410        0x0 /tools/altera/12.0/nios2eds/bin/gnu/H-i686-pc-linux-gnu/bin/../lib/gcc/nios2-elf/4.1.2/../../../../nios2-elf/lib/mno-hw-mul/libc.a(lib_a-freer.o)
 .data          0x0009a410        0x0 /tools/altera/12.0/nios2eds/bin/gnu/H-i686-pc-linux-gnu/bin/../lib/gcc/nios2-elf/4.1.2/../../../../nios2-elf/lib/mno-hw-mul/libc.a(lib_a-fvwrite.o)
 .data          0x0009a410        0x0 /tools/altera/12.0/nios2eds/bin/gnu/H-i686-pc-linux-gnu/bin/../lib/gcc/nios2-elf/4.1.2/../../../../nios2-elf/lib/mno-hw-mul/libc.a(lib_a-fwalk.o)
 .data          0x0009a410        0xc /tools/altera/12.0/nios2eds/bin/gnu/H-i686-pc-linux-gnu/bin/../lib/gcc/nios2-elf/4.1.2/../../../../nios2-elf/lib/mno-hw-mul/libc.a(lib_a-locale.o)
                0x0009a410                __lc_ctype
 .data          0x0009a41c        0x0 /tools/altera/12.0/nios2eds/bin/gnu/H-i686-pc-linux-gnu/bin/../lib/gcc/nios2-elf/4.1.2/../../../../nios2-elf/lib/mno-hw-mul/libc.a(lib_a-makebuf.o)
 .data          0x0009a41c      0x408 /tools/altera/12.0/nios2eds/bin/gnu/H-i686-pc-linux-gnu/bin/../lib/gcc/nios2-elf/4.1.2/../../../../nios2-elf/lib/mno-hw-mul/libc.a(lib_a-mallocr.o)
                0x0009a41c                __malloc_av_
 .data          0x0009a824        0x0 /tools/altera/12.0/nios2eds/bin/gnu/H-i686-pc-linux-gnu/bin/../lib/gcc/nios2-elf/4.1.2/../../../../nios2-elf/lib/mno-hw-mul/libc.a(lib_a-memchr.o)
 .data          0x0009a824        0x0 /tools/altera/12.0/nios2eds/bin/gnu/H-i686-pc-linux-gnu/bin/../lib/gcc/nios2-elf/4.1.2/../../../../nios2-elf/lib/mno-hw-mul/libc.a(lib_a-memcpy.o)
 .data          0x0009a824        0x0 /tools/altera/12.0/nios2eds/bin/gnu/H-i686-pc-linux-gnu/bin/../lib/gcc/nios2-elf/4.1.2/../../../../nios2-elf/lib/mno-hw-mul/libc.a(lib_a-memmove.o)
 .data          0x0009a824        0x0 /tools/altera/12.0/nios2eds/bin/gnu/H-i686-pc-linux-gnu/bin/../lib/gcc/nios2-elf/4.1.2/../../../../nios2-elf/lib/mno-hw-mul/libc.a(lib_a-memset.o)
 .data          0x0009a824        0x0 /tools/altera/12.0/nios2eds/bin/gnu/H-i686-pc-linux-gnu/bin/../lib/gcc/nios2-elf/4.1.2/../../../../nios2-elf/lib/mno-hw-mul/libc.a(lib_a-mprec.o)
 .data          0x0009a824        0x0 /tools/altera/12.0/nios2eds/bin/gnu/H-i686-pc-linux-gnu/bin/../lib/gcc/nios2-elf/4.1.2/../../../../nios2-elf/lib/mno-hw-mul/libc.a(lib_a-putc.o)
 .data          0x0009a824        0x0 /tools/altera/12.0/nios2eds/bin/gnu/H-i686-pc-linux-gnu/bin/../lib/gcc/nios2-elf/4.1.2/../../../../nios2-elf/lib/mno-hw-mul/libc.a(lib_a-reallocr.o)
 .data          0x0009a824        0x0 /tools/altera/12.0/nios2eds/bin/gnu/H-i686-pc-linux-gnu/bin/../lib/gcc/nios2-elf/4.1.2/../../../../nios2-elf/lib/mno-hw-mul/libc.a(lib_a-s_isinfd.o)
 .data          0x0009a824        0x0 /tools/altera/12.0/nios2eds/bin/gnu/H-i686-pc-linux-gnu/bin/../lib/gcc/nios2-elf/4.1.2/../../../../nios2-elf/lib/mno-hw-mul/libc.a(lib_a-s_isnand.o)
 .data          0x0009a824        0x0 /tools/altera/12.0/nios2eds/bin/gnu/H-i686-pc-linux-gnu/bin/../lib/gcc/nios2-elf/4.1.2/../../../../nios2-elf/lib/mno-hw-mul/libc.a(lib_a-sbrkr.o)
 .data          0x0009a824        0x0 /tools/altera/12.0/nios2eds/bin/gnu/H-i686-pc-linux-gnu/bin/../lib/gcc/nios2-elf/4.1.2/../../../../nios2-elf/lib/mno-hw-mul/libc.a(lib_a-stdio.o)
 .data          0x0009a824        0x0 /tools/altera/12.0/nios2eds/bin/gnu/H-i686-pc-linux-gnu/bin/../lib/gcc/nios2-elf/4.1.2/../../../../nios2-elf/lib/mno-hw-mul/libc.a(lib_a-strcmp.o)
 .data          0x0009a824        0x0 /tools/altera/12.0/nios2eds/bin/gnu/H-i686-pc-linux-gnu/bin/../lib/gcc/nios2-elf/4.1.2/../../../../nios2-elf/lib/mno-hw-mul/libc.a(lib_a-wbuf.o)
 .data          0x0009a824        0x0 /tools/altera/12.0/nios2eds/bin/gnu/H-i686-pc-linux-gnu/bin/../lib/gcc/nios2-elf/4.1.2/../../../../nios2-elf/lib/mno-hw-mul/libc.a(lib_a-writer.o)
 .data          0x0009a824        0x0 /tools/altera/12.0/nios2eds/bin/gnu/H-i686-pc-linux-gnu/bin/../lib/gcc/nios2-elf/4.1.2/../../../../nios2-elf/lib/mno-hw-mul/libc.a(lib_a-callocr.o)
 .data          0x0009a824        0x0 /tools/altera/12.0/nios2eds/bin/gnu/H-i686-pc-linux-gnu/bin/../lib/gcc/nios2-elf/4.1.2/../../../../nios2-elf/lib/mno-hw-mul/libc.a(lib_a-closer.o)
 .data          0x0009a824        0x0 /tools/altera/12.0/nios2eds/bin/gnu/H-i686-pc-linux-gnu/bin/../lib/gcc/nios2-elf/4.1.2/../../../../nios2-elf/lib/mno-hw-mul/libc.a(lib_a-fclose.o)
 .data          0x0009a824        0x0 /tools/altera/12.0/nios2eds/bin/gnu/H-i686-pc-linux-gnu/bin/../lib/gcc/nios2-elf/4.1.2/../../../../nios2-elf/lib/mno-hw-mul/libc.a(lib_a-fstatr.o)
 .data          0x0009a824        0x0 /tools/altera/12.0/nios2eds/bin/gnu/H-i686-pc-linux-gnu/bin/../lib/gcc/nios2-elf/4.1.2/../../../../nios2-elf/lib/mno-hw-mul/libc.a(lib_a-int_errno.o)
 .data          0x0009a824        0x0 /tools/altera/12.0/nios2eds/bin/gnu/H-i686-pc-linux-gnu/bin/../lib/gcc/nios2-elf/4.1.2/../../../../nios2-elf/lib/mno-hw-mul/libc.a(lib_a-isattyr.o)
 .data          0x0009a824        0x0 /tools/altera/12.0/nios2eds/bin/gnu/H-i686-pc-linux-gnu/bin/../lib/gcc/nios2-elf/4.1.2/../../../../nios2-elf/lib/mno-hw-mul/libc.a(lib_a-lseekr.o)
 .data          0x0009a824        0x0 /tools/altera/12.0/nios2eds/bin/gnu/H-i686-pc-linux-gnu/bin/../lib/gcc/nios2-elf/4.1.2/../../../../nios2-elf/lib/mno-hw-mul/libc.a(lib_a-readr.o)
 .data          0x0009a824        0x0 /tools/altera/12.0/nios2eds/bin/gnu/H-i686-pc-linux-gnu/bin/../lib/gcc/nios2-elf/4.1.2/mno-hw-mul/libgcc.a(_muldi3.o)
 .data          0x0009a824        0x0 /tools/altera/12.0/nios2eds/bin/gnu/H-i686-pc-linux-gnu/bin/../lib/gcc/nios2-elf/4.1.2/mno-hw-mul/libgcc.a(_udivdi3.o)
 .data          0x0009a824        0x0 /tools/altera/12.0/nios2eds/bin/gnu/H-i686-pc-linux-gnu/bin/../lib/gcc/nios2-elf/4.1.2/mno-hw-mul/libgcc.a(_umoddi3.o)
 .data          0x0009a824        0x0 /tools/altera/12.0/nios2eds/bin/gnu/H-i686-pc-linux-gnu/bin/../lib/gcc/nios2-elf/4.1.2/mno-hw-mul/libgcc.a(_addsub_df.o)
 .data          0x0009a824        0x0 /tools/altera/12.0/nios2eds/bin/gnu/H-i686-pc-linux-gnu/bin/../lib/gcc/nios2-elf/4.1.2/mno-hw-mul/libgcc.a(_mul_df.o)
 .data          0x0009a824        0x0 /tools/altera/12.0/nios2eds/bin/gnu/H-i686-pc-linux-gnu/bin/../lib/gcc/nios2-elf/4.1.2/mno-hw-mul/libgcc.a(_div_df.o)
 .data          0x0009a824        0x0 /tools/altera/12.0/nios2eds/bin/gnu/H-i686-pc-linux-gnu/bin/../lib/gcc/nios2-elf/4.1.2/mno-hw-mul/libgcc.a(_eq_df.o)
 .data          0x0009a824        0x0 /tools/altera/12.0/nios2eds/bin/gnu/H-i686-pc-linux-gnu/bin/../lib/gcc/nios2-elf/4.1.2/mno-hw-mul/libgcc.a(_ne_df.o)
 .data          0x0009a824        0x0 /tools/altera/12.0/nios2eds/bin/gnu/H-i686-pc-linux-gnu/bin/../lib/gcc/nios2-elf/4.1.2/mno-hw-mul/libgcc.a(_gt_df.o)
 .data          0x0009a824        0x0 /tools/altera/12.0/nios2eds/bin/gnu/H-i686-pc-linux-gnu/bin/../lib/gcc/nios2-elf/4.1.2/mno-hw-mul/libgcc.a(_ge_df.o)
 .data          0x0009a824        0x0 /tools/altera/12.0/nios2eds/bin/gnu/H-i686-pc-linux-gnu/bin/../lib/gcc/nios2-elf/4.1.2/mno-hw-mul/libgcc.a(_lt_df.o)
 .data          0x0009a824        0x0 /tools/altera/12.0/nios2eds/bin/gnu/H-i686-pc-linux-gnu/bin/../lib/gcc/nios2-elf/4.1.2/mno-hw-mul/libgcc.a(_si_to_df.o)
 .data          0x0009a824        0x0 /tools/altera/12.0/nios2eds/bin/gnu/H-i686-pc-linux-gnu/bin/../lib/gcc/nios2-elf/4.1.2/mno-hw-mul/libgcc.a(_df_to_si.o)
 .data          0x0009a824        0x0 /tools/altera/12.0/nios2eds/bin/gnu/H-i686-pc-linux-gnu/bin/../lib/gcc/nios2-elf/4.1.2/mno-hw-mul/libgcc.a(_thenan_df.o)
 .data          0x0009a824        0x0 /tools/altera/12.0/nios2eds/bin/gnu/H-i686-pc-linux-gnu/bin/../lib/gcc/nios2-elf/4.1.2/mno-hw-mul/libgcc.a(_usi_to_df.o)
 .data          0x0009a824        0x0 /tools/altera/12.0/nios2eds/bin/gnu/H-i686-pc-linux-gnu/bin/../lib/gcc/nios2-elf/4.1.2/mno-hw-mul/libgcc.a(_clz.o)
 .data          0x0009a824        0x0 /tools/altera/12.0/nios2eds/bin/gnu/H-i686-pc-linux-gnu/bin/../lib/gcc/nios2-elf/4.1.2/mno-hw-mul/libgcc.a(_clzsi2.o)
 .data          0x0009a824        0x0 /tools/altera/12.0/nios2eds/bin/gnu/H-i686-pc-linux-gnu/bin/../lib/gcc/nios2-elf/4.1.2/mno-hw-mul/libgcc.a(_pack_df.o)
 .data          0x0009a824        0x0 /tools/altera/12.0/nios2eds/bin/gnu/H-i686-pc-linux-gnu/bin/../lib/gcc/nios2-elf/4.1.2/mno-hw-mul/libgcc.a(_unpack_df.o)
 .data          0x0009a824        0x0 /tools/altera/12.0/nios2eds/bin/gnu/H-i686-pc-linux-gnu/bin/../lib/gcc/nios2-elf/4.1.2/mno-hw-mul/libgcc.a(_fpcmp_parts_df.o)
 .data          0x0009a824        0x0 ../experiment1_bsp//libucosii_bsp.a(alt_close.o)
 .data          0x0009a824      0x1a8 ../experiment1_bsp//libucosii_bsp.a(alt_dev.o)
                0x0009a824                alt_dev_null
                0x0009a84c                alt_fd_list
 .data          0x0009a9cc        0x0 ../experiment1_bsp//libucosii_bsp.a(alt_errno.o)
 .data          0x0009a9cc        0x0 ../experiment1_bsp//libucosii_bsp.a(alt_fstat.o)
 .data          0x0009a9cc        0x0 ../experiment1_bsp//libucosii_bsp.a(alt_irq_register.o)
 .data          0x0009a9cc        0x0 ../experiment1_bsp//libucosii_bsp.a(alt_irq_vars.o)
 .data          0x0009a9cc        0x0 ../experiment1_bsp//libucosii_bsp.a(alt_isatty.o)
 .data          0x0009a9cc        0x0 ../experiment1_bsp//libucosii_bsp.a(alt_load.o)
 .data          0x0009a9cc        0x0 ../experiment1_bsp//libucosii_bsp.a(alt_lseek.o)
 .data          0x0009a9cc        0x0 ../experiment1_bsp//libucosii_bsp.a(alt_main.o)
 .data          0x0009a9cc        0x0 ../experiment1_bsp//libucosii_bsp.a(alt_read.o)
 .data          0x0009a9cc        0x0 ../experiment1_bsp//libucosii_bsp.a(alt_release_fd.o)
 .data          0x0009a9cc        0x0 ../experiment1_bsp//libucosii_bsp.a(alt_sbrk.o)
 .data          0x0009a9cc        0x0 ../experiment1_bsp//libucosii_bsp.a(alt_write.o)
 .data          0x0009a9cc        0x0 ../experiment1_bsp//libucosii_bsp.a(alt_env_lock.o)
 .data          0x0009a9cc        0x0 ../experiment1_bsp//libucosii_bsp.a(alt_malloc_lock.o)
 .data          0x0009a9cc        0x0 ../experiment1_bsp//libucosii_bsp.a(os_core.o)
 .data          0x0009a9cc        0x0 ../experiment1_bsp//libucosii_bsp.a(os_dbg.o)
 .data          0x0009a9cc        0x0 ../experiment1_bsp//libucosii_bsp.a(os_flag.o)
 .data          0x0009a9cc        0x0 ../experiment1_bsp//libucosii_bsp.a(os_mbox.o)
 .data          0x0009a9cc        0x0 ../experiment1_bsp//libucosii_bsp.a(os_mem.o)
 .data          0x0009a9cc        0x0 ../experiment1_bsp//libucosii_bsp.a(os_q.o)
 .data          0x0009a9cc        0x0 ../experiment1_bsp//libucosii_bsp.a(os_sem.o)
 .data          0x0009a9cc        0x0 ../experiment1_bsp//libucosii_bsp.a(os_task.o)
 .data          0x0009a9cc        0x0 ../experiment1_bsp//libucosii_bsp.a(os_time.o)
 .data          0x0009a9cc     0x1098 ../experiment1_bsp//libucosii_bsp.a(alt_sys_init.o)
 .data          0x0009ba64        0x0 ../experiment1_bsp//libucosii_bsp.a(altera_avalon_jtag_uart_fd.o)
 .data          0x0009ba64        0x0 ../experiment1_bsp//libucosii_bsp.a(altera_avalon_jtag_uart_init.o)
 .data          0x0009ba64        0x0 ../experiment1_bsp//libucosii_bsp.a(altera_avalon_jtag_uart_ioctl.o)
 .data          0x0009ba64        0x0 ../experiment1_bsp//libucosii_bsp.a(altera_avalon_jtag_uart_read.o)
 .data          0x0009ba64        0x0 ../experiment1_bsp//libucosii_bsp.a(altera_avalon_jtag_uart_write.o)
 .data          0x0009ba64        0x0 ../experiment1_bsp//libucosii_bsp.a(altera_avalon_performance_counter.o)
 .data          0x0009ba64        0x0 ../experiment1_bsp//libucosii_bsp.a(altera_avalon_timer_sc.o)
 .data          0x0009ba64        0x0 ../experiment1_bsp//libucosii_bsp.a(altera_up_avalon_character_lcd.o)
 .data          0x0009ba64        0x0 ../experiment1_bsp//libucosii_bsp.a(alt_alarm_start.o)
 .data          0x0009ba64        0x0 ../experiment1_bsp//libucosii_bsp.a(alt_dcache_flush_all.o)
 .data          0x0009ba64        0x0 ../experiment1_bsp//libucosii_bsp.a(alt_dev_llist_insert.o)
 .data          0x0009ba64        0x0 ../experiment1_bsp//libucosii_bsp.a(alt_do_ctors.o)
 .data          0x0009ba64        0x0 ../experiment1_bsp//libucosii_bsp.a(alt_do_dtors.o)
 .data          0x0009ba64        0x0 ../experiment1_bsp//libucosii_bsp.a(alt_find_dev.o)
 .data          0x0009ba64        0x0 ../experiment1_bsp//libucosii_bsp.a(alt_icache_flush_all.o)
 .data          0x0009ba64        0x0 ../experiment1_bsp//libucosii_bsp.a(alt_iic.o)
 .data          0x0009ba64        0x0 ../experiment1_bsp//libucosii_bsp.a(alt_iic_isr_register.o)
 .data          0x0009ba64        0x0 ../experiment1_bsp//libucosii_bsp.a(alt_io_redirect.o)
 .data          0x0009ba64        0x0 ../experiment1_bsp//libucosii_bsp.a(alt_irq_entry.o)
 .data          0x0009ba64        0x0 ../experiment1_bsp//libucosii_bsp.a(alt_irq_handler.o)
 .data          0x0009ba64        0x0 ../experiment1_bsp//libucosii_bsp.a(alt_open.o)
 .data          0x0009ba64        0x0 ../experiment1_bsp//libucosii_bsp.a(alt_tick.o)
 .data          0x0009ba64        0x0 ../experiment1_bsp//libucosii_bsp.a(altera_nios2_qsys_irq.o)
 .data          0x0009ba64        0x0 ../experiment1_bsp//libucosii_bsp.a(os_cpu_a.o)
 .data          0x0009ba64        0x0 ../experiment1_bsp//libucosii_bsp.a(os_cpu_c.o)
 .data          0x0009ba64        0x0 ../experiment1_bsp//libucosii_bsp.a(alt_exception_entry.o)
 .data          0x0009ba64        0x0 ../experiment1_bsp//libucosii_bsp.a(alt_find_file.o)
 .data          0x0009ba64        0x0 ../experiment1_bsp//libucosii_bsp.a(alt_get_fd.o)
 .data          0x0009ba64        0x0 /tools/altera/12.0/nios2eds/bin/gnu/H-i686-pc-linux-gnu/bin/../lib/gcc/nios2-elf/4.1.2/../../../../nios2-elf/lib/mno-hw-mul/libc.a(lib_a-atexit.o)
 .data          0x0009ba64        0x0 /tools/altera/12.0/nios2eds/bin/gnu/H-i686-pc-linux-gnu/bin/../lib/gcc/nios2-elf/4.1.2/../../../../nios2-elf/lib/mno-hw-mul/libc.a(lib_a-exit.o)
 .data          0x0009ba64        0x0 /tools/altera/12.0/nios2eds/bin/gnu/H-i686-pc-linux-gnu/bin/../lib/gcc/nios2-elf/4.1.2/../../../../nios2-elf/lib/mno-hw-mul/libc.a(lib_a-memcmp.o)
 .data          0x0009ba64        0x0 /tools/altera/12.0/nios2eds/bin/gnu/H-i686-pc-linux-gnu/bin/../lib/gcc/nios2-elf/4.1.2/../../../../nios2-elf/lib/mno-hw-mul/libc.a(lib_a-__atexit.o)
 .data          0x0009ba64        0x0 /tools/altera/12.0/nios2eds/bin/gnu/H-i686-pc-linux-gnu/bin/../lib/gcc/nios2-elf/4.1.2/../../../../nios2-elf/lib/mno-hw-mul/libc.a(lib_a-__call_atexit.o)
 .data          0x0009ba64        0x0 ../experiment1_bsp//libucosii_bsp.a(alt_exit.o)
                0x000a3a64                _gp = ABSOLUTE ((. + 0x8000))
                0x000a3a64                PROVIDE (gp, _gp)
 *(.rwdata .rwdata.*)
 *(.sdata .sdata.* .gnu.linkonce.s.*)
 .sdata         0x0009ba64        0x4 obj/default/tasks.o
                0x0009ba64                performance_name
 .sdata         0x0009ba68        0x8 /tools/altera/12.0/nios2eds/bin/gnu/H-i686-pc-linux-gnu/bin/../lib/gcc/nios2-elf/4.1.2/../../../../nios2-elf/lib/mno-hw-mul/libc.a(lib_a-impure.o)
                0x0009ba68                _impure_ptr
                0x0009ba6c                _global_impure_ptr
 .sdata         0x0009ba70        0x8 /tools/altera/12.0/nios2eds/bin/gnu/H-i686-pc-linux-gnu/bin/../lib/gcc/nios2-elf/4.1.2/../../../../nios2-elf/lib/mno-hw-mul/libc.a(lib_a-locale.o)
                0x0009ba70                __mb_cur_max
 .sdata         0x0009ba78        0x8 /tools/altera/12.0/nios2eds/bin/gnu/H-i686-pc-linux-gnu/bin/../lib/gcc/nios2-elf/4.1.2/../../../../nios2-elf/lib/mno-hw-mul/libc.a(lib_a-mallocr.o)
                0x0009ba78                __malloc_trim_threshold
                0x0009ba7c                __malloc_sbrk_base
 .sdata         0x0009ba80       0x14 ../experiment1_bsp//libucosii_bsp.a(alt_dev.o)
                0x0009ba80                alt_fs_list
                0x0009ba88                alt_dev_list
                0x0009ba90                alt_max_fd
 .sdata         0x0009ba94        0x4 ../experiment1_bsp//libucosii_bsp.a(alt_errno.o)
                0x0009ba94                alt_errno
 .sdata         0x0009ba98        0x4 ../experiment1_bsp//libucosii_bsp.a(alt_irq_vars.o)
                0x0009ba98                alt_priority_mask
 .sdata         0x0009ba9c        0x4 ../experiment1_bsp//libucosii_bsp.a(alt_sbrk.o)
 .sdata         0x0009baa0        0x4 ../experiment1_bsp//libucosii_bsp.a(alt_env_lock.o)
 .sdata         0x0009baa4        0x4 ../experiment1_bsp//libucosii_bsp.a(alt_malloc_lock.o)
 .sdata         0x0009baa8       0x74 ../experiment1_bsp//libucosii_bsp.a(os_dbg.o)
                0x0009baa8                OSDebugEn
                0x0009baac                OSEndiannessTest
                0x0009bab0                OSEventEn
                0x0009bab2                OSEventMax
                0x0009bab4                OSEventNameSize
                0x0009bab6                OSEventSize
                0x0009bab8                OSEventTblSize
                0x0009baba                OSEventMultiEn
                0x0009babc                OSFlagEn
                0x0009babe                OSFlagGrpSize
                0x0009bac0                OSFlagNodeSize
                0x0009bac2                OSFlagWidth
                0x0009bac4                OSFlagMax
                0x0009bac6                OSFlagNameSize
                0x0009bac8                OSLowestPrio
                0x0009baca                OSMboxEn
                0x0009bacc                OSMemEn
                0x0009bace                OSMemMax
                0x0009bad0                OSMemNameSize
                0x0009bad2                OSMemSize
                0x0009bad4                OSMemTblSize
                0x0009bad6                OSMutexEn
                0x0009bad8                OSPtrSize
                0x0009bada                OSQEn
                0x0009badc                OSQMax
                0x0009bade                OSQSize
                0x0009bae0                OSRdyTblSize
                0x0009bae2                OSSemEn
                0x0009bae4                OSStkWidth
                0x0009bae6                OSTaskCreateEn
                0x0009bae8                OSTaskCreateExtEn
                0x0009baea                OSTaskDelEn
                0x0009baec                OSTaskIdleStkSize
                0x0009baee                OSTaskProfileEn
                0x0009baf0                OSTaskMax
                0x0009baf2                OSTaskNameSize
                0x0009baf4                OSTaskStatEn
                0x0009baf6                OSTaskStatStkSize
                0x0009baf8                OSTaskStatStkChkEn
                0x0009bafa                OSTaskSwHookEn
                0x0009bafc                OSTCBPrioTblMax
                0x0009bafe                OSTCBSize
                0x0009bb00                OSTicksPerSec
                0x0009bb02                OSTimeTickHookEn
                0x0009bb04                OSVersionNbr
                0x0009bb06                OSTmrEn
                0x0009bb08                OSTmrCfgMax
                0x0009bb0a                OSTmrCfgNameSize
                0x0009bb0c                OSTmrCfgWheelSize
                0x0009bb0e                OSTmrCfgTicksPerSec
                0x0009bb10                OSTmrSize
                0x0009bb12                OSTmrTblSize
                0x0009bb14                OSTmrWheelSize
                0x0009bb16                OSTmrWheelTblSize
                0x0009bb18                OSDataSize
 .sdata         0x0009bb1c        0x8 ../experiment1_bsp//libucosii_bsp.a(alt_tick.o)
                0x0009bb1c                alt_alarm_list
 *(.sdata2 .sdata2.* .gnu.linkonce.s2.*)
                0x0009bb24                . = ALIGN (0x4)
                0x0009bb24                _edata = ABSOLUTE (.)
                0x0009bb24                PROVIDE (edata, ABSOLUTE (.))
                0x0009bb24                PROVIDE (__ram_rwdata_end, ABSOLUTE (.))
                0x0009bb24                PROVIDE (__flash_rwdata_start, LOADADDR (.rwdata))

.bss            0x0009d638    0x1a928
                0x0009d638                __bss_start = ABSOLUTE (.)
                0x0009d638                PROVIDE (__sbss_start, ABSOLUTE (.))
                0x0009d638                PROVIDE (___sbss_start, ABSOLUTE (.))
 *(.dynsbss)
 *(.sbss .sbss.* .gnu.linkonce.sb.*)
 .sbss          0x0009d638       0x14 obj/default/tasks.o
                0x0009d638                MemoryPartition
                0x0009d63c                MboxGenArrayStart
                0x0009d644                MboxMultMerge
                0x0009d648                MemoryPartitionDistinct
 .sbss          0x0009d64c        0xc /tools/altera/12.0/nios2eds/bin/gnu/H-i686-pc-linux-gnu/bin/../lib/gcc/nios2-elf/4.1.2/../../../../nios2-elf/lib/mno-hw-mul/libc.a(lib_a-locale.o)
                0x0009d64c                __nlocale_changed
                0x0009d650                __mlocale_changed
                0x0009d654                _PathLocale
 .sbss          0x0009d658        0xc /tools/altera/12.0/nios2eds/bin/gnu/H-i686-pc-linux-gnu/bin/../lib/gcc/nios2-elf/4.1.2/../../../../nios2-elf/lib/mno-hw-mul/libc.a(lib_a-mallocr.o)
                0x0009d658                __malloc_top_pad
                0x0009d65c                __malloc_max_sbrked_mem
                0x0009d660                __malloc_max_total_mem
 .sbss          0x0009d664        0x4 /tools/altera/12.0/nios2eds/bin/gnu/H-i686-pc-linux-gnu/bin/../lib/gcc/nios2-elf/4.1.2/../../../../nios2-elf/lib/mno-hw-mul/libc.a(lib_a-int_errno.o)
                0x0009d664                errno
 .sbss          0x0009d668        0x4 ../experiment1_bsp//libucosii_bsp.a(alt_dev.o)
                0x0009d668                alt_fd_list_lock
 .sbss          0x0009d66c        0x4 ../experiment1_bsp//libucosii_bsp.a(alt_irq_vars.o)
                0x0009d66c                alt_irq_active
 .sbss          0x0009d670        0xc ../experiment1_bsp//libucosii_bsp.a(alt_main.o)
                0x0009d670                alt_argc
                0x0009d674                alt_argv
                0x0009d678                alt_envp
 .sbss          0x0009d67c        0x8 ../experiment1_bsp//libucosii_bsp.a(alt_env_lock.o)
                0x0009d680                alt_envsem
 .sbss          0x0009d684        0x8 ../experiment1_bsp//libucosii_bsp.a(alt_malloc_lock.o)
                0x0009d688                alt_heapsem
 .sbss          0x0009d68c       0x50 ../experiment1_bsp//libucosii_bsp.a(os_core.o)
                0x0009d68c                OSLockNesting
                0x0009d68d                OSRunning
                0x0009d690                OSIdleCtr
                0x0009d694                OSPrioHighRdy
                0x0009d695                OSPrioCur
                0x0009d698                OSTCBList
                0x0009d69c                OSTickStepState
                0x0009d6a0                OSCtxSwCtr
                0x0009d6a4                OSIdleCtrMax
                0x0009d6a8                OSTCBFreeList
                0x0009d6ac                OSCPUUsage
                0x0009d6ad                OSTaskCtr
                0x0009d6b0                OSMemFreeList
                0x0009d6b4                OSTCBHighRdy
                0x0009d6b8                OSQFreeList
                0x0009d6bc                OSRdyGrp
                0x0009d6bd                OSRdyTbl
                0x0009d6c0                OSEventFreeList
                0x0009d6c4                OSIntNesting
                0x0009d6c8                OSTCBCur
                0x0009d6cc                OSTime
                0x0009d6d0                OSFlagFreeList
                0x0009d6d4                OSStatRdy
                0x0009d6d8                OSIdleCtrRun
 .sbss          0x0009d6dc        0x8 ../experiment1_bsp//libucosii_bsp.a(alt_tick.o)
                0x0009d6dc                _alt_tick_rate
                0x0009d6e0                _alt_nticks
 *(.sbss2 .sbss2.* .gnu.linkonce.sb2.*)
 *(.scommon)
                0x0009d6e4                PROVIDE (__sbss_end, ABSOLUTE (.))
                0x0009d6e4                PROVIDE (___sbss_end, ABSOLUTE (.))
 *(.dynbss)
 *(.bss .bss.* .gnu.linkonce.b.*)
 .bss           0x0009d6e4        0x0 ../experiment1_bsp//obj/HAL/src/crt0.o
 .bss           0x0009d6e4        0x0 obj/default/PB_button.o
 .bss           0x0009d6e4        0x0 obj/default/alt_ucosii_simple_error_check.o
 .bss           0x0009d6e4        0x0 obj/default/experiment1.o
 .bss           0x0009d6e4        0x0 obj/default/tasks.o
 .bss           0x0009d6e4        0x0 /tools/altera/12.0/nios2eds/bin/gnu/H-i686-pc-linux-gnu/bin/../lib/gcc/nios2-elf/4.1.2/mno-hw-mul/libgcc.a(lib2-divmod.o)
 .bss           0x0009d6e4        0x0 /tools/altera/12.0/nios2eds/bin/gnu/H-i686-pc-linux-gnu/bin/../lib/gcc/nios2-elf/4.1.2/mno-hw-mul/libgcc.a(lib2-mul.o)
 .bss           0x0009d6e4        0x0 /tools/altera/12.0/nios2eds/bin/gnu/H-i686-pc-linux-gnu/bin/../lib/gcc/nios2-elf/4.1.2/../../../../nios2-elf/lib/mno-hw-mul/libc.a(lib_a-fprintf.o)
 .bss           0x0009d6e4        0x0 /tools/altera/12.0/nios2eds/bin/gnu/H-i686-pc-linux-gnu/bin/../lib/gcc/nios2-elf/4.1.2/../../../../nios2-elf/lib/mno-hw-mul/libc.a(lib_a-fwrite.o)
 .bss           0x0009d6e4        0x0 /tools/altera/12.0/nios2eds/bin/gnu/H-i686-pc-linux-gnu/bin/../lib/gcc/nios2-elf/4.1.2/../../../../nios2-elf/lib/mno-hw-mul/libc.a(lib_a-impure.o)
 .bss           0x0009d6e4        0x0 /tools/altera/12.0/nios2eds/bin/gnu/H-i686-pc-linux-gnu/bin/../lib/gcc/nios2-elf/4.1.2/../../../../nios2-elf/lib/mno-hw-mul/libc.a(lib_a-printf.o)
 .bss           0x0009d6e4        0x0 /tools/altera/12.0/nios2eds/bin/gnu/H-i686-pc-linux-gnu/bin/../lib/gcc/nios2-elf/4.1.2/../../../../nios2-elf/lib/mno-hw-mul/libc.a(lib_a-putchar.o)
 .bss           0x0009d6e4        0x0 /tools/altera/12.0/nios2eds/bin/gnu/H-i686-pc-linux-gnu/bin/../lib/gcc/nios2-elf/4.1.2/../../../../nios2-elf/lib/mno-hw-mul/libc.a(lib_a-puts.o)
 .bss           0x0009d6e4        0x0 /tools/altera/12.0/nios2eds/bin/gnu/H-i686-pc-linux-gnu/bin/../lib/gcc/nios2-elf/4.1.2/../../../../nios2-elf/lib/mno-hw-mul/libc.a(lib_a-rand.o)
 .bss           0x0009d6e4        0x0 /tools/altera/12.0/nios2eds/bin/gnu/H-i686-pc-linux-gnu/bin/../lib/gcc/nios2-elf/4.1.2/../../../../nios2-elf/lib/mno-hw-mul/libc.a(lib_a-strlen.o)
 .bss           0x0009d6e4        0x0 /tools/altera/12.0/nios2eds/bin/gnu/H-i686-pc-linux-gnu/bin/../lib/gcc/nios2-elf/4.1.2/../../../../nios2-elf/lib/mno-hw-mul/libc.a(lib_a-vfprintf.o)
 .bss           0x0009d6e4        0x0 /tools/altera/12.0/nios2eds/bin/gnu/H-i686-pc-linux-gnu/bin/../lib/gcc/nios2-elf/4.1.2/../../../../nios2-elf/lib/mno-hw-mul/libc.a(lib_a-wsetup.o)
 .bss           0x0009d6e4        0x0 /tools/altera/12.0/nios2eds/bin/gnu/H-i686-pc-linux-gnu/bin/../lib/gcc/nios2-elf/4.1.2/../../../../nios2-elf/lib/mno-hw-mul/libc.a(lib_a-dtoa.o)
 .bss           0x0009d6e4        0x0 /tools/altera/12.0/nios2eds/bin/gnu/H-i686-pc-linux-gnu/bin/../lib/gcc/nios2-elf/4.1.2/../../../../nios2-elf/lib/mno-hw-mul/libc.a(lib_a-fflush.o)
 .bss           0x0009d6e4        0x0 /tools/altera/12.0/nios2eds/bin/gnu/H-i686-pc-linux-gnu/bin/../lib/gcc/nios2-elf/4.1.2/../../../../nios2-elf/lib/mno-hw-mul/libc.a(lib_a-findfp.o)
 .bss           0x0009d6e4        0x0 /tools/altera/12.0/nios2eds/bin/gnu/H-i686-pc-linux-gnu/bin/../lib/gcc/nios2-elf/4.1.2/../../../../nios2-elf/lib/mno-hw-mul/libc.a(lib_a-freer.o)
 .bss           0x0009d6e4        0x0 /tools/altera/12.0/nios2eds/bin/gnu/H-i686-pc-linux-gnu/bin/../lib/gcc/nios2-elf/4.1.2/../../../../nios2-elf/lib/mno-hw-mul/libc.a(lib_a-fvwrite.o)
 .bss           0x0009d6e4        0x0 /tools/altera/12.0/nios2eds/bin/gnu/H-i686-pc-linux-gnu/bin/../lib/gcc/nios2-elf/4.1.2/../../../../nios2-elf/lib/mno-hw-mul/libc.a(lib_a-fwalk.o)
 .bss           0x0009d6e4        0x0 /tools/altera/12.0/nios2eds/bin/gnu/H-i686-pc-linux-gnu/bin/../lib/gcc/nios2-elf/4.1.2/../../../../nios2-elf/lib/mno-hw-mul/libc.a(lib_a-locale.o)
 .bss           0x0009d6e4        0x0 /tools/altera/12.0/nios2eds/bin/gnu/H-i686-pc-linux-gnu/bin/../lib/gcc/nios2-elf/4.1.2/../../../../nios2-elf/lib/mno-hw-mul/libc.a(lib_a-makebuf.o)
 .bss           0x0009d6e4       0x28 /tools/altera/12.0/nios2eds/bin/gnu/H-i686-pc-linux-gnu/bin/../lib/gcc/nios2-elf/4.1.2/../../../../nios2-elf/lib/mno-hw-mul/libc.a(lib_a-mallocr.o)
                0x0009d6e4                __malloc_current_mallinfo
 .bss           0x0009d70c        0x0 /tools/altera/12.0/nios2eds/bin/gnu/H-i686-pc-linux-gnu/bin/../lib/gcc/nios2-elf/4.1.2/../../../../nios2-elf/lib/mno-hw-mul/libc.a(lib_a-memchr.o)
 .bss           0x0009d70c        0x0 /tools/altera/12.0/nios2eds/bin/gnu/H-i686-pc-linux-gnu/bin/../lib/gcc/nios2-elf/4.1.2/../../../../nios2-elf/lib/mno-hw-mul/libc.a(lib_a-memcpy.o)
 .bss           0x0009d70c        0x0 /tools/altera/12.0/nios2eds/bin/gnu/H-i686-pc-linux-gnu/bin/../lib/gcc/nios2-elf/4.1.2/../../../../nios2-elf/lib/mno-hw-mul/libc.a(lib_a-memmove.o)
 .bss           0x0009d70c        0x0 /tools/altera/12.0/nios2eds/bin/gnu/H-i686-pc-linux-gnu/bin/../lib/gcc/nios2-elf/4.1.2/../../../../nios2-elf/lib/mno-hw-mul/libc.a(lib_a-memset.o)
 .bss           0x0009d70c        0x0 /tools/altera/12.0/nios2eds/bin/gnu/H-i686-pc-linux-gnu/bin/../lib/gcc/nios2-elf/4.1.2/../../../../nios2-elf/lib/mno-hw-mul/libc.a(lib_a-mprec.o)
 .bss           0x0009d70c        0x0 /tools/altera/12.0/nios2eds/bin/gnu/H-i686-pc-linux-gnu/bin/../lib/gcc/nios2-elf/4.1.2/../../../../nios2-elf/lib/mno-hw-mul/libc.a(lib_a-putc.o)
 .bss           0x0009d70c        0x0 /tools/altera/12.0/nios2eds/bin/gnu/H-i686-pc-linux-gnu/bin/../lib/gcc/nios2-elf/4.1.2/../../../../nios2-elf/lib/mno-hw-mul/libc.a(lib_a-reallocr.o)
 .bss           0x0009d70c        0x0 /tools/altera/12.0/nios2eds/bin/gnu/H-i686-pc-linux-gnu/bin/../lib/gcc/nios2-elf/4.1.2/../../../../nios2-elf/lib/mno-hw-mul/libc.a(lib_a-s_isinfd.o)
 .bss           0x0009d70c        0x0 /tools/altera/12.0/nios2eds/bin/gnu/H-i686-pc-linux-gnu/bin/../lib/gcc/nios2-elf/4.1.2/../../../../nios2-elf/lib/mno-hw-mul/libc.a(lib_a-s_isnand.o)
 .bss           0x0009d70c        0x0 /tools/altera/12.0/nios2eds/bin/gnu/H-i686-pc-linux-gnu/bin/../lib/gcc/nios2-elf/4.1.2/../../../../nios2-elf/lib/mno-hw-mul/libc.a(lib_a-sbrkr.o)
 .bss           0x0009d70c        0x0 /tools/altera/12.0/nios2eds/bin/gnu/H-i686-pc-linux-gnu/bin/../lib/gcc/nios2-elf/4.1.2/../../../../nios2-elf/lib/mno-hw-mul/libc.a(lib_a-stdio.o)
 .bss           0x0009d70c        0x0 /tools/altera/12.0/nios2eds/bin/gnu/H-i686-pc-linux-gnu/bin/../lib/gcc/nios2-elf/4.1.2/../../../../nios2-elf/lib/mno-hw-mul/libc.a(lib_a-strcmp.o)
 .bss           0x0009d70c        0x0 /tools/altera/12.0/nios2eds/bin/gnu/H-i686-pc-linux-gnu/bin/../lib/gcc/nios2-elf/4.1.2/../../../../nios2-elf/lib/mno-hw-mul/libc.a(lib_a-wbuf.o)
 .bss           0x0009d70c        0x0 /tools/altera/12.0/nios2eds/bin/gnu/H-i686-pc-linux-gnu/bin/../lib/gcc/nios2-elf/4.1.2/../../../../nios2-elf/lib/mno-hw-mul/libc.a(lib_a-writer.o)
 .bss           0x0009d70c        0x0 /tools/altera/12.0/nios2eds/bin/gnu/H-i686-pc-linux-gnu/bin/../lib/gcc/nios2-elf/4.1.2/../../../../nios2-elf/lib/mno-hw-mul/libc.a(lib_a-callocr.o)
 .bss           0x0009d70c        0x0 /tools/altera/12.0/nios2eds/bin/gnu/H-i686-pc-linux-gnu/bin/../lib/gcc/nios2-elf/4.1.2/../../../../nios2-elf/lib/mno-hw-mul/libc.a(lib_a-closer.o)
 .bss           0x0009d70c        0x0 /tools/altera/12.0/nios2eds/bin/gnu/H-i686-pc-linux-gnu/bin/../lib/gcc/nios2-elf/4.1.2/../../../../nios2-elf/lib/mno-hw-mul/libc.a(lib_a-fclose.o)
 .bss           0x0009d70c        0x0 /tools/altera/12.0/nios2eds/bin/gnu/H-i686-pc-linux-gnu/bin/../lib/gcc/nios2-elf/4.1.2/../../../../nios2-elf/lib/mno-hw-mul/libc.a(lib_a-fstatr.o)
 .bss           0x0009d70c        0x0 /tools/altera/12.0/nios2eds/bin/gnu/H-i686-pc-linux-gnu/bin/../lib/gcc/nios2-elf/4.1.2/../../../../nios2-elf/lib/mno-hw-mul/libc.a(lib_a-int_errno.o)
 .bss           0x0009d70c        0x0 /tools/altera/12.0/nios2eds/bin/gnu/H-i686-pc-linux-gnu/bin/../lib/gcc/nios2-elf/4.1.2/../../../../nios2-elf/lib/mno-hw-mul/libc.a(lib_a-isattyr.o)
 .bss           0x0009d70c        0x0 /tools/altera/12.0/nios2eds/bin/gnu/H-i686-pc-linux-gnu/bin/../lib/gcc/nios2-elf/4.1.2/../../../../nios2-elf/lib/mno-hw-mul/libc.a(lib_a-lseekr.o)
 .bss           0x0009d70c        0x0 /tools/altera/12.0/nios2eds/bin/gnu/H-i686-pc-linux-gnu/bin/../lib/gcc/nios2-elf/4.1.2/../../../../nios2-elf/lib/mno-hw-mul/libc.a(lib_a-readr.o)
 .bss           0x0009d70c        0x0 /tools/altera/12.0/nios2eds/bin/gnu/H-i686-pc-linux-gnu/bin/../lib/gcc/nios2-elf/4.1.2/mno-hw-mul/libgcc.a(_muldi3.o)
 .bss           0x0009d70c        0x0 /tools/altera/12.0/nios2eds/bin/gnu/H-i686-pc-linux-gnu/bin/../lib/gcc/nios2-elf/4.1.2/mno-hw-mul/libgcc.a(_udivdi3.o)
 .bss           0x0009d70c        0x0 /tools/altera/12.0/nios2eds/bin/gnu/H-i686-pc-linux-gnu/bin/../lib/gcc/nios2-elf/4.1.2/mno-hw-mul/libgcc.a(_umoddi3.o)
 .bss           0x0009d70c        0x0 /tools/altera/12.0/nios2eds/bin/gnu/H-i686-pc-linux-gnu/bin/../lib/gcc/nios2-elf/4.1.2/mno-hw-mul/libgcc.a(_addsub_df.o)
 .bss           0x0009d70c        0x0 /tools/altera/12.0/nios2eds/bin/gnu/H-i686-pc-linux-gnu/bin/../lib/gcc/nios2-elf/4.1.2/mno-hw-mul/libgcc.a(_mul_df.o)
 .bss           0x0009d70c        0x0 /tools/altera/12.0/nios2eds/bin/gnu/H-i686-pc-linux-gnu/bin/../lib/gcc/nios2-elf/4.1.2/mno-hw-mul/libgcc.a(_div_df.o)
 .bss           0x0009d70c        0x0 /tools/altera/12.0/nios2eds/bin/gnu/H-i686-pc-linux-gnu/bin/../lib/gcc/nios2-elf/4.1.2/mno-hw-mul/libgcc.a(_eq_df.o)
 .bss           0x0009d70c        0x0 /tools/altera/12.0/nios2eds/bin/gnu/H-i686-pc-linux-gnu/bin/../lib/gcc/nios2-elf/4.1.2/mno-hw-mul/libgcc.a(_ne_df.o)
 .bss           0x0009d70c        0x0 /tools/altera/12.0/nios2eds/bin/gnu/H-i686-pc-linux-gnu/bin/../lib/gcc/nios2-elf/4.1.2/mno-hw-mul/libgcc.a(_gt_df.o)
 .bss           0x0009d70c        0x0 /tools/altera/12.0/nios2eds/bin/gnu/H-i686-pc-linux-gnu/bin/../lib/gcc/nios2-elf/4.1.2/mno-hw-mul/libgcc.a(_ge_df.o)
 .bss           0x0009d70c        0x0 /tools/altera/12.0/nios2eds/bin/gnu/H-i686-pc-linux-gnu/bin/../lib/gcc/nios2-elf/4.1.2/mno-hw-mul/libgcc.a(_lt_df.o)
 .bss           0x0009d70c        0x0 /tools/altera/12.0/nios2eds/bin/gnu/H-i686-pc-linux-gnu/bin/../lib/gcc/nios2-elf/4.1.2/mno-hw-mul/libgcc.a(_si_to_df.o)
 .bss           0x0009d70c        0x0 /tools/altera/12.0/nios2eds/bin/gnu/H-i686-pc-linux-gnu/bin/../lib/gcc/nios2-elf/4.1.2/mno-hw-mul/libgcc.a(_df_to_si.o)
 .bss           0x0009d70c        0x0 /tools/altera/12.0/nios2eds/bin/gnu/H-i686-pc-linux-gnu/bin/../lib/gcc/nios2-elf/4.1.2/mno-hw-mul/libgcc.a(_thenan_df.o)
 .bss           0x0009d70c        0x0 /tools/altera/12.0/nios2eds/bin/gnu/H-i686-pc-linux-gnu/bin/../lib/gcc/nios2-elf/4.1.2/mno-hw-mul/libgcc.a(_usi_to_df.o)
 .bss           0x0009d70c        0x0 /tools/altera/12.0/nios2eds/bin/gnu/H-i686-pc-linux-gnu/bin/../lib/gcc/nios2-elf/4.1.2/mno-hw-mul/libgcc.a(_clz.o)
 .bss           0x0009d70c        0x0 /tools/altera/12.0/nios2eds/bin/gnu/H-i686-pc-linux-gnu/bin/../lib/gcc/nios2-elf/4.1.2/mno-hw-mul/libgcc.a(_clzsi2.o)
 .bss           0x0009d70c        0x0 /tools/altera/12.0/nios2eds/bin/gnu/H-i686-pc-linux-gnu/bin/../lib/gcc/nios2-elf/4.1.2/mno-hw-mul/libgcc.a(_pack_df.o)
 .bss           0x0009d70c        0x0 /tools/altera/12.0/nios2eds/bin/gnu/H-i686-pc-linux-gnu/bin/../lib/gcc/nios2-elf/4.1.2/mno-hw-mul/libgcc.a(_unpack_df.o)
 .bss           0x0009d70c        0x0 /tools/altera/12.0/nios2eds/bin/gnu/H-i686-pc-linux-gnu/bin/../lib/gcc/nios2-elf/4.1.2/mno-hw-mul/libgcc.a(_fpcmp_parts_df.o)
 .bss           0x0009d70c        0x0 ../experiment1_bsp//libucosii_bsp.a(alt_close.o)
 .bss           0x0009d70c        0x0 ../experiment1_bsp//libucosii_bsp.a(alt_dev.o)
 .bss           0x0009d70c        0x0 ../experiment1_bsp//libucosii_bsp.a(alt_errno.o)
 .bss           0x0009d70c        0x0 ../experiment1_bsp//libucosii_bsp.a(alt_fstat.o)
 .bss           0x0009d70c        0x0 ../experiment1_bsp//libucosii_bsp.a(alt_irq_register.o)
 .bss           0x0009d70c        0x0 ../experiment1_bsp//libucosii_bsp.a(alt_irq_vars.o)
 .bss           0x0009d70c        0x0 ../experiment1_bsp//libucosii_bsp.a(alt_isatty.o)
 .bss           0x0009d70c        0x0 ../experiment1_bsp//libucosii_bsp.a(alt_load.o)
 .bss           0x0009d70c        0x0 ../experiment1_bsp//libucosii_bsp.a(alt_lseek.o)
 .bss           0x0009d70c        0x0 ../experiment1_bsp//libucosii_bsp.a(alt_main.o)
 .bss           0x0009d70c        0x0 ../experiment1_bsp//libucosii_bsp.a(alt_read.o)
 .bss           0x0009d70c        0x0 ../experiment1_bsp//libucosii_bsp.a(alt_release_fd.o)
 .bss           0x0009d70c        0x0 ../experiment1_bsp//libucosii_bsp.a(alt_sbrk.o)
 .bss           0x0009d70c        0x0 ../experiment1_bsp//libucosii_bsp.a(alt_write.o)
 .bss           0x0009d70c        0x0 ../experiment1_bsp//libucosii_bsp.a(alt_env_lock.o)
 .bss           0x0009d70c        0x0 ../experiment1_bsp//libucosii_bsp.a(alt_malloc_lock.o)
 .bss           0x0009d70c        0x0 ../experiment1_bsp//libucosii_bsp.a(os_core.o)
 .bss           0x0009d70c        0x0 ../experiment1_bsp//libucosii_bsp.a(os_dbg.o)
 .bss           0x0009d70c        0x0 ../experiment1_bsp//libucosii_bsp.a(os_flag.o)
 .bss           0x0009d70c        0x0 ../experiment1_bsp//libucosii_bsp.a(os_mbox.o)
 .bss           0x0009d70c        0x0 ../experiment1_bsp//libucosii_bsp.a(os_mem.o)
 .bss           0x0009d70c        0x0 ../experiment1_bsp//libucosii_bsp.a(os_q.o)
 .bss           0x0009d70c        0x0 ../experiment1_bsp//libucosii_bsp.a(os_sem.o)
 .bss           0x0009d70c        0x0 ../experiment1_bsp//libucosii_bsp.a(os_task.o)
 .bss           0x0009d70c        0x0 ../experiment1_bsp//libucosii_bsp.a(os_time.o)
 .bss           0x0009d70c        0x0 ../experiment1_bsp//libucosii_bsp.a(alt_sys_init.o)
 .bss           0x0009d70c        0x0 ../experiment1_bsp//libucosii_bsp.a(altera_avalon_jtag_uart_fd.o)
 .bss           0x0009d70c        0x0 ../experiment1_bsp//libucosii_bsp.a(altera_avalon_jtag_uart_init.o)
 .bss           0x0009d70c        0x0 ../experiment1_bsp//libucosii_bsp.a(altera_avalon_jtag_uart_ioctl.o)
 .bss           0x0009d70c        0x0 ../experiment1_bsp//libucosii_bsp.a(altera_avalon_jtag_uart_read.o)
 .bss           0x0009d70c        0x0 ../experiment1_bsp//libucosii_bsp.a(altera_avalon_jtag_uart_write.o)
 .bss           0x0009d70c        0x0 ../experiment1_bsp//libucosii_bsp.a(altera_avalon_performance_counter.o)
 .bss           0x0009d70c        0x0 ../experiment1_bsp//libucosii_bsp.a(altera_avalon_timer_sc.o)
 .bss           0x0009d70c        0x0 ../experiment1_bsp//libucosii_bsp.a(altera_up_avalon_character_lcd.o)
 .bss           0x0009d70c        0x0 ../experiment1_bsp//libucosii_bsp.a(alt_alarm_start.o)
 .bss           0x0009d70c        0x0 ../experiment1_bsp//libucosii_bsp.a(alt_dcache_flush_all.o)
 .bss           0x0009d70c        0x0 ../experiment1_bsp//libucosii_bsp.a(alt_dev_llist_insert.o)
 .bss           0x0009d70c        0x0 ../experiment1_bsp//libucosii_bsp.a(alt_do_ctors.o)
 .bss           0x0009d70c        0x0 ../experiment1_bsp//libucosii_bsp.a(alt_do_dtors.o)
 .bss           0x0009d70c        0x0 ../experiment1_bsp//libucosii_bsp.a(alt_find_dev.o)
 .bss           0x0009d70c        0x0 ../experiment1_bsp//libucosii_bsp.a(alt_icache_flush_all.o)
 .bss           0x0009d70c        0x0 ../experiment1_bsp//libucosii_bsp.a(alt_iic.o)
 .bss           0x0009d70c        0x0 ../experiment1_bsp//libucosii_bsp.a(alt_iic_isr_register.o)
 .bss           0x0009d70c        0x0 ../experiment1_bsp//libucosii_bsp.a(alt_io_redirect.o)
 .bss           0x0009d70c        0x0 ../experiment1_bsp//libucosii_bsp.a(alt_irq_entry.o)
 .bss           0x0009d70c        0x0 ../experiment1_bsp//libucosii_bsp.a(alt_irq_handler.o)
 .bss           0x0009d70c        0x0 ../experiment1_bsp//libucosii_bsp.a(alt_open.o)
 .bss           0x0009d70c        0x0 ../experiment1_bsp//libucosii_bsp.a(alt_tick.o)
 .bss           0x0009d70c        0x0 ../experiment1_bsp//libucosii_bsp.a(altera_nios2_qsys_irq.o)
 .bss           0x0009d70c        0x0 ../experiment1_bsp//libucosii_bsp.a(os_cpu_a.o)
 .bss           0x0009d70c        0x0 ../experiment1_bsp//libucosii_bsp.a(os_cpu_c.o)
 .bss           0x0009d70c        0x0 ../experiment1_bsp//libucosii_bsp.a(alt_exception_entry.o)
 .bss           0x0009d70c        0x0 ../experiment1_bsp//libucosii_bsp.a(alt_find_file.o)
 .bss           0x0009d70c        0x0 ../experiment1_bsp//libucosii_bsp.a(alt_get_fd.o)
 .bss           0x0009d70c        0x0 /tools/altera/12.0/nios2eds/bin/gnu/H-i686-pc-linux-gnu/bin/../lib/gcc/nios2-elf/4.1.2/../../../../nios2-elf/lib/mno-hw-mul/libc.a(lib_a-atexit.o)
 .bss           0x0009d70c        0x0 /tools/altera/12.0/nios2eds/bin/gnu/H-i686-pc-linux-gnu/bin/../lib/gcc/nios2-elf/4.1.2/../../../../nios2-elf/lib/mno-hw-mul/libc.a(lib_a-exit.o)
 .bss           0x0009d70c        0x0 /tools/altera/12.0/nios2eds/bin/gnu/H-i686-pc-linux-gnu/bin/../lib/gcc/nios2-elf/4.1.2/../../../../nios2-elf/lib/mno-hw-mul/libc.a(lib_a-memcmp.o)
 .bss           0x0009d70c        0x0 /tools/altera/12.0/nios2eds/bin/gnu/H-i686-pc-linux-gnu/bin/../lib/gcc/nios2-elf/4.1.2/../../../../nios2-elf/lib/mno-hw-mul/libc.a(lib_a-__atexit.o)
 .bss           0x0009d70c        0x0 /tools/altera/12.0/nios2eds/bin/gnu/H-i686-pc-linux-gnu/bin/../lib/gcc/nios2-elf/4.1.2/../../../../nios2-elf/lib/mno-hw-mul/libc.a(lib_a-__call_atexit.o)
 .bss           0x0009d70c        0x0 ../experiment1_bsp//libucosii_bsp.a(alt_exit.o)
 *(COMMON)
 COMMON         0x0009d70c     0x3000 obj/default/experiment1.o
                0x0009d70c                data_array
                0x0009f70c                data_array_distinct
 COMMON         0x000a070c    0x143a0 obj/default/tasks.o
                0x000a070c                MboxMultFin
                0x000a071c                gen_array_tcb
                0x000a07f4                gen_array_stk
                0x000a47f4                cal_mul_tcb
                0x000a49a4                PBSemaphore
                0x000a49b4                merge_tcb
                0x000a4a20                MboxMultBegin0
                0x000a4a30                cal_mul_stk
                0x000aca30                merge_stk
                0x000aea30                mul_stk
                0x000b0a30                mul_tcb
                0x000b0a9c                initialize_task_stk
                0x000b2a9c                task_launcher_stk
                0x000b4a9c                MboxMultBegin1
 COMMON         0x000b4aac     0x3224 ../experiment1_bsp//libucosii_bsp.a(os_core.o)
                0x000b4aac                OSFlagTbl
                0x000b4e1c                OSMemTbl
                0x000b5a4c                OSTaskStatStk
                0x000b624c                OSQTbl
                0x000b642c                OSTaskIdleStk
                0x000b6c2c                OSEventTbl
                0x000b776c                OSTCBTbl
                0x000b7c7c                OSTCBPrioTbl
 COMMON         0x000b7cd0      0x100 ../experiment1_bsp//libucosii_bsp.a(alt_irq_handler.o)
                0x000b7cd0                alt_irq
 COMMON         0x000b7dd0      0x190 /tools/altera/12.0/nios2eds/bin/gnu/H-i686-pc-linux-gnu/bin/../lib/gcc/nios2-elf/4.1.2/../../../../nios2-elf/lib/mno-hw-mul/libc.a(lib_a-atexit.o)
                0x000b7dd0                _atexit0
                0x000b7f60                . = ALIGN (0x4)
                0x000b7f60                __bss_end = ABSOLUTE (.)

.sram_0         0x000b7f60        0x0
                0x000b7f60                PROVIDE (_alt_partition_sram_0_start, ABSOLUTE (.))
 *(.sram_0. sram_0.*)
                0x000b7f60                . = ALIGN (0x4)
                0x000b7f60                PROVIDE (_alt_partition_sram_0_end, ABSOLUTE (.))
                0x000b7f60                _end = ABSOLUTE (.)
                0x000b7f60                end = ABSOLUTE (.)
                0x000b7f60                __alt_stack_base = ABSOLUTE (.)
                0x000b7f60                PROVIDE (_alt_partition_sram_0_load_addr, LOADADDR (.sram_0))

.stab
 *(.stab)

.stabstr
 *(.stabstr)

.stab.excl
 *(.stab.excl)

.stab.exclstr
 *(.stab.exclstr)

.stab.index
 *(.stab.index)

.stab.indexstr
 *(.stab.indexstr)

.comment        0x00000000       0x23
 *(.comment)
 .comment       0x00000000       0x23 obj/default/PB_button.o
                                 0x24 (size before relaxing)
 .comment       0x00000000       0x24 obj/default/alt_ucosii_simple_error_check.o
 .comment       0x00000000       0x24 obj/default/experiment1.o
 .comment       0x00000000       0x24 obj/default/tasks.o
 .comment       0x00000000       0x24 /tools/altera/12.0/nios2eds/bin/gnu/H-i686-pc-linux-gnu/bin/../lib/gcc/nios2-elf/4.1.2/mno-hw-mul/libgcc.a(lib2-divmod.o)
 .comment       0x00000000       0x24 /tools/altera/12.0/nios2eds/bin/gnu/H-i686-pc-linux-gnu/bin/../lib/gcc/nios2-elf/4.1.2/mno-hw-mul/libgcc.a(lib2-mul.o)
 .comment       0x00000000       0x24 /tools/altera/12.0/nios2eds/bin/gnu/H-i686-pc-linux-gnu/bin/../lib/gcc/nios2-elf/4.1.2/../../../../nios2-elf/lib/mno-hw-mul/libc.a(lib_a-fprintf.o)
 .comment       0x00000000       0x24 /tools/altera/12.0/nios2eds/bin/gnu/H-i686-pc-linux-gnu/bin/../lib/gcc/nios2-elf/4.1.2/../../../../nios2-elf/lib/mno-hw-mul/libc.a(lib_a-fwrite.o)
 .comment       0x00000000       0x24 /tools/altera/12.0/nios2eds/bin/gnu/H-i686-pc-linux-gnu/bin/../lib/gcc/nios2-elf/4.1.2/../../../../nios2-elf/lib/mno-hw-mul/libc.a(lib_a-impure.o)
 .comment       0x00000000       0x24 /tools/altera/12.0/nios2eds/bin/gnu/H-i686-pc-linux-gnu/bin/../lib/gcc/nios2-elf/4.1.2/../../../../nios2-elf/lib/mno-hw-mul/libc.a(lib_a-printf.o)